../RTD/Mcl_TS_T40D34M70I1R0/src/CDD_Mcl.c:301:23:Mcl_IsValidConfigPtr	8	static
../RTD/Mcl_TS_T40D34M70I1R0/src/CDD_Mcl.c:351:13:Mcl_HandleEmiosDeinit	24	static
../RTD/Mcl_TS_T40D34M70I1R0/src/CDD_Mcl.c:402:6:Mcl_Init	24	static
../RTD/Mcl_TS_T40D34M70I1R0/src/CDD_Mcl.c:551:6:Mcl_DeInit	24	static
../RTD/Mcl_TS_T40D34M70I1R0/src/CDD_Mcl.c:1321:41:Mcl_Emios_Init	32	static
../RTD/Mcl_TS_T40D34M70I1R0/src/CDD_Mcl.c:1342:20:Mcl_Emios_Deinit	16	static
../RTD/Mcl_TS_T40D34M70I1R0/src/CDD_Mcl.c:1378:6:Mcl_Emios_SetReloadInterval	24	static
../RTD/Mcl_TS_T40D34M70I1R0/src/CDD_Mcl.c:1415:6:Mcl_Emios_SetCounterBusPeriod	24	static
../RTD/Mcl_TS_T40D34M70I1R0/src/CDD_Mcl.c:1476:6:Mcl_EmiosConfigureGlobalTimebase	16	static
../RTD/Mcl_TS_T40D34M70I1R0/src/CDD_Mcl.c:1484:6:Mcl_Emios_SetClockMode	24	static
