../RTD/Mcl_TS_T40D34M70I1R0/src/Flexio_Mcl_Ip_HwAccess.c:158:7:Flexio_Mcl_Ip_SetSoftwareReset	24	static
../RTD/Mcl_TS_T40D34M70I1R0/src/Flexio_Mcl_Ip_HwAccess.c:173:7:Flexio_Mcl_Ip_SetDebugEnable	24	static
../RTD/Mcl_TS_T40D34M70I1R0/src/Flexio_Mcl_Ip_HwAccess.c:187:7:Flexio_Mcl_Ip_SetEnable	24	static
../RTD/Mcl_TS_T40D34M70I1R0/src/Flexio_Mcl_Ip_HwAccess.c:207:10:Flexio_Mcl_Ip_GetShifterStatus	8	static
../RTD/Mcl_TS_T40D34M70I1R0/src/Flexio_Mcl_Ip_HwAccess.c:223:9:Flexio_Mcl_Ip_GetAllShifterStatus	8	static
../RTD/Mcl_TS_T40D34M70I1R0/src/Flexio_Mcl_Ip_HwAccess.c:232:7:Flexio_Mcl_Ip_ClearShifterStatus	8	static
../RTD/Mcl_TS_T40D34M70I1R0/src/Flexio_Mcl_Ip_HwAccess.c:246:10:Flexio_Mcl_Ip_GetShifterErrorStatus	8	static
../RTD/Mcl_TS_T40D34M70I1R0/src/Flexio_Mcl_Ip_HwAccess.c:262:9:Flexio_Mcl_Ip_GetAllShifterErrorStatus	8	static
../RTD/Mcl_TS_T40D34M70I1R0/src/Flexio_Mcl_Ip_HwAccess.c:271:7:Flexio_Mcl_Ip_ClearShifterErrorStatus	8	static
../RTD/Mcl_TS_T40D34M70I1R0/src/Flexio_Mcl_Ip_HwAccess.c:280:7:Flexio_Mcl_Ip_SetShifterErrorInterrupt	24	static
../RTD/Mcl_TS_T40D34M70I1R0/src/Flexio_Mcl_Ip_HwAccess.c:304:7:Flexio_Mcl_Ip_SetShifterInterrupt	24	static
../RTD/Mcl_TS_T40D34M70I1R0/src/Flexio_Mcl_Ip_HwAccess.c:327:7:Flexio_Mcl_Ip_SetShifterDMARequest	24	static
../RTD/Mcl_TS_T40D34M70I1R0/src/Flexio_Mcl_Ip_HwAccess.c:350:7:Flexio_Mcl_Ip_SetTimerInterrupt	24	static
../RTD/Mcl_TS_T40D34M70I1R0/src/Flexio_Mcl_Ip_HwAccess.c:373:7:Flexio_Mcl_Ip_Init	16	static
