../RTD/Gpt_TS_T40D34M70I1R0/src/Pit_Ip.c:382:8:Pit_Ip_GetLoadValue	16	static
../RTD/Gpt_TS_T40D34M70I1R0/src/Pit_Ip.c:418:20:Pit_Ip_SetModuleDisableFlag	8	static
../RTD/Gpt_TS_T40D34M70I1R0/src/Pit_Ip.c:445:20:Pit_Ip_EnableTimer	16	static
../RTD/Gpt_TS_T40D34M70I1R0/src/Pit_Ip.c:494:20:Pit_Ip_SetDebugMode	8	static
../RTD/Gpt_TS_T40D34M70I1R0/src/Pit_Ip.c:517:20:Pit_Ip_SetChainMode	16	static
../RTD/Gpt_TS_T40D34M70I1R0/src/Pit_Ip.c:544:20:Pit_Ip_Reset	24	static
../RTD/Gpt_TS_T40D34M70I1R0/src/Pit_Ip.c:656:23:Pit_Ip_IsChannelRunning	16	static
../RTD/Gpt_TS_T40D34M70I1R0/src/Pit_Ip.c:684:20:Pit_Ip_SetCounterValue	8	static
../RTD/Gpt_TS_T40D34M70I1R0/src/Pit_Ip.c:712:22:Pit_Ip_GetCounterValue	16	static
../RTD/Gpt_TS_T40D34M70I1R0/src/Pit_Ip.c:742:20:Pit_Ip_SetEnableInterruptFlag	16	static
../RTD/Gpt_TS_T40D34M70I1R0/src/Pit_Ip.c:792:20:Pit_Ip_ClearInterruptStatusFlag	8	static
../RTD/Gpt_TS_T40D34M70I1R0/src/Pit_Ip.c:818:22:Pit_Ip_GetUpperLifetimerValue	8	static
../RTD/Gpt_TS_T40D34M70I1R0/src/Pit_Ip.c:832:22:Pit_Ip_GetLowerLifetimerValue	8	static
../RTD/Gpt_TS_T40D34M70I1R0/src/Pit_Ip.c:965:23:Pit_Ip_GetInterruptEnableFlag	16	static
../RTD/Gpt_TS_T40D34M70I1R0/src/Pit_Ip.c:992:13:Pit_Ip_ProcessCommonInterrupt	32	static
../RTD/Gpt_TS_T40D34M70I1R0/src/Pit_Ip.c:1068:9:Pit_Ip_GetInterruptStatusFlag	16	static
../RTD/Gpt_TS_T40D34M70I1R0/src/Pit_Ip.c:1096:6:Pit_Ip_Init	16	static
../RTD/Gpt_TS_T40D34M70I1R0/src/Pit_Ip.c:1163:6:Pit_Ip_InitChannel	16	static
../RTD/Gpt_TS_T40D34M70I1R0/src/Pit_Ip.c:1252:6:Pit_Ip_Deinit	24	static
../RTD/Gpt_TS_T40D34M70I1R0/src/Pit_Ip.c:1519:19:Pit_Ip_StartChannel	24	static
../RTD/Gpt_TS_T40D34M70I1R0/src/Pit_Ip.c:1583:6:Pit_Ip_StopChannel	16	static
../RTD/Gpt_TS_T40D34M70I1R0/src/Pit_Ip.c:1608:8:Pit_Ip_GetCurrentTimer	32	static
../RTD/Gpt_TS_T40D34M70I1R0/src/Pit_Ip.c:1630:6:Pit_Ip_EnableChannelInterrupt	16	static
../RTD/Gpt_TS_T40D34M70I1R0/src/Pit_Ip.c:1654:6:Pit_Ip_DisableChannelInterrupt	16	static
../RTD/Gpt_TS_T40D34M70I1R0/src/Pit_Ip.c:1751:6:Pit_Ip_SetLifetimeTimer	16	static
../RTD/Gpt_TS_T40D34M70I1R0/src/Pit_Ip.c:1809:8:Pit_Ip_GetLifetimeTimer	56	static
../RTD/Gpt_TS_T40D34M70I1R0/src/Pit_Ip.c:1854:1:PIT_0_ISR	16	static
