../RTD/Port_TS_T40D34M70I1R0/src/Port_Ipw.c:401:20:Port_Ipw_Init_UnusedPins	32	static
../RTD/Port_TS_T40D34M70I1R0/src/Port_Ipw.c:467:6:Port_Ipw_Init	32	static
../RTD/Port_TS_T40D34M70I1R0/src/Port_Ipw.c:601:16:Port_Ipw_SetPinDirection	40	static
../RTD/Port_TS_T40D34M70I1R0/src/Port_Ipw.c:733:15:Port_Ipw_GetIndexForInoutEntry	16	static
../RTD/Port_TS_T40D34M70I1R0/src/Port_Ipw.c:766:20:Port_Ipw_SetInoutMode	48	static
../RTD/Port_TS_T40D34M70I1R0/src/Port_Ipw.c:839:20:Port_Ipw_SetInputMode	32	static
../RTD/Port_TS_T40D34M70I1R0/src/Port_Ipw.c:910:20:Port_Ipw_SetGpioMode	32	static
../RTD/Port_TS_T40D34M70I1R0/src/Port_Ipw.c:985:20:Port_Ipw_SetOnlyInputMode	16	static
../RTD/Port_TS_T40D34M70I1R0/src/Port_Ipw.c:1031:20:Port_Ipw_SetOnlyOutputMode	16	static
../RTD/Port_TS_T40D34M70I1R0/src/Port_Ipw.c:1079:20:Port_Ipw_SetAltMode	16	static
../RTD/Port_TS_T40D34M70I1R0/src/Port_Ipw.c:1134:16:Port_Ipw_SetPinMode	32	static
../RTD/Port_TS_T40D34M70I1R0/src/Port_Ipw.c:1360:20:Port_Ipw_SetGpioPadOutput	16	static
../RTD/Port_TS_T40D34M70I1R0/src/Port_Ipw.c:1404:6:Port_Ipw_RefreshPortDirection	32	static
