../RTD/Mcu_TS_T40D34M70I1R0/src/Clock_Ip_Monitor.c:174:13:Clock_Ip_ClockMonitorEmpty	8	static
../RTD/Mcu_TS_T40D34M70I1R0/src/Clock_Ip_Monitor.c:180:13:Clock_Ip_ClockMonitorEmpty_Set	8	static
../RTD/Mcu_TS_T40D34M70I1R0/src/Clock_Ip_Monitor.c:189:13:Clock_Ip_ClockMonitorEmpty_Disable	8	static
../RTD/Mcu_TS_T40D34M70I1R0/src/Clock_Ip_Monitor.c:197:13:Clock_Ip_SetClockMonitorRegisterValues	16	static
../RTD/Mcu_TS_T40D34M70I1R0/src/Clock_Ip_Monitor.c:217:13:Clock_Ip_DisableCmuFcFceRefCntLfrefHfref	48	static
../RTD/Mcu_TS_T40D34M70I1R0/src/Clock_Ip_Monitor.c:267:13:Clock_Ip_ResetCmuFcFceRefCntLfrefHfref	16	static
../RTD/Mcu_TS_T40D34M70I1R0/src/Clock_Ip_Monitor.c:388:13:Clock_Ip_EnableCmuFcFceRefCntLfrefHfref	16	static
../RTD/Mcu_TS_T40D34M70I1R0/src/Clock_Ip_Monitor.c:429:6:Clock_Ip_CMU_ClockFailInt	24	static
