../RTD/Mcu_TS_T40D34M70I1R0/src/Clock_Ip_Divider.c:145:13:Clock_Ip_Callback_DividerEmpty	8	static
../RTD/Mcu_TS_T40D34M70I1R0/src/Clock_Ip_Divider.c:152:13:Clock_Ip_SetCgmXDeDivStatWithoutPhase	64	static
../RTD/Mcu_TS_T40D34M70I1R0/src/Clock_Ip_Divider.c:240:13:Clock_Ip_SetCgmXDeDivStatWithoutPhaseWaitForHseCore	64	static
../RTD/Mcu_TS_T40D34M70I1R0/src/Clock_Ip_Divider.c:347:13:Clock_Ip_SetPllPll0divDeDivOutput	24	static
../RTD/Mcu_TS_T40D34M70I1R0/src/Clock_Ip_Divider.c:379:13:Clock_Ip_SetPllPlldvOdiv2Output	24	static
