../RTD/Mcu_TS_T40D34M70I1R0/src/Clock_Ip_Selector.c:157:13:Clock_Ip_CallbackSelectorEmpty	8	static
../RTD/Mcu_TS_T40D34M70I1R0/src/Clock_Ip_Selector.c:165:13:Clock_Ip_ResetCgmXCscCssClkswSwip	32	static
../RTD/Mcu_TS_T40D34M70I1R0/src/Clock_Ip_Selector.c:190:13:Clock_Ip_SetCgmXCscCssClkswSwip	56	static
../RTD/Mcu_TS_T40D34M70I1R0/src/Clock_Ip_Selector.c:296:13:Clock_Ip_ResetCgmXCscCssClkswRampupRampdownSwip	32	static
../RTD/Mcu_TS_T40D34M70I1R0/src/Clock_Ip_Selector.c:322:13:Clock_Ip_SetCgmXCscCssClkswRampupRampdownSwip	56	static
../RTD/Mcu_TS_T40D34M70I1R0/src/Clock_Ip_Selector.c:429:13:Clock_Ip_ResetCgmXCscCssCsGrip	56	static
../RTD/Mcu_TS_T40D34M70I1R0/src/Clock_Ip_Selector.c:494:13:Clock_Ip_SetCgmXCscCssCsGrip	56	static
../RTD/Mcu_TS_T40D34M70I1R0/src/Clock_Ip_Selector.c:574:13:Clock_Ip_SetRtcRtccClksel	16	static
../RTD/Mcu_TS_T40D34M70I1R0/src/Clock_Ip_Selector.c:594:6:Clock_Ip_SetRtcRtccClksel_TrustedCall	16	static
