../RTD/Mcu_TS_T40D34M70I1R0/src/Clock_Ip_Pll.c:150:13:Clock_Ip_CallbackPllEmpty	8	static
../RTD/Mcu_TS_T40D34M70I1R0/src/Clock_Ip_Pll.c:155:37:Clock_Ip_CallbackPllEmptyComplete	8	static
../RTD/Mcu_TS_T40D34M70I1R0/src/Clock_Ip_Pll.c:161:13:Clock_Ip_CallbackPllEmptyDisable	8	static
../RTD/Mcu_TS_T40D34M70I1R0/src/Clock_Ip_Pll.c:172:13:Clock_Ip_ResetPllRdivMfiMfnOdiv2SdmenSsscgbypSpreadctlStepnoStepsize	16	static
../RTD/Mcu_TS_T40D34M70I1R0/src/Clock_Ip_Pll.c:195:13:Clock_Ip_SetPllRdivMfiMfnOdiv2SdmenSsscgbypSpreadctlStepnoStepsize	16	static
../RTD/Mcu_TS_T40D34M70I1R0/src/Clock_Ip_Pll.c:264:37:Clock_Ip_CompletePllRdivMfiMfnOdiv2SdmenSsscgbypSpreadctlStepnoStepsize	48	static
../RTD/Mcu_TS_T40D34M70I1R0/src/Clock_Ip_Pll.c:300:13:Clock_Ip_EnablePllRdivMfiMfnOdiv2SdmenSsscgbypSpreadctlStepnoStepsize	16	static
