../RTD/Mcu_TS_T40D34M70I1R0/src/Clock_Ip_Specific.c:209:13:Clock_Ip_PllPowerClockIp	24	static
../RTD/Mcu_TS_T40D34M70I1R0/src/Clock_Ip_Specific.c:302:13:Clock_Ip_FxoscPowerClockIp	24	static
../RTD/Mcu_TS_T40D34M70I1R0/src/Clock_Ip_Specific.c:353:13:Clock_Ip_SxoscPowerClockIp	24	static
../RTD/Mcu_TS_T40D34M70I1R0/src/Clock_Ip_Specific.c:404:13:Clock_Ip_CmusPowerClockIp	24	static
../RTD/Mcu_TS_T40D34M70I1R0/src/Clock_Ip_Specific.c:453:13:Clock_Ip_MscmPowerClockIp	24	static
../RTD/Mcu_TS_T40D34M70I1R0/src/Clock_Ip_Specific.c:504:6:Clock_Ip_PowerClockIpModules	8	static
../RTD/Mcu_TS_T40D34M70I1R0/src/Clock_Ip_Specific.c:527:13:Clock_Ip_CodeInRamSetFlashWaitStates	16	static
../RTD/Mcu_TS_T40D34M70I1R0/src/Clock_Ip_Specific.c:638:6:Clock_Ip_SetRamWaitStates	8	static
../RTD/Mcu_TS_T40D34M70I1R0/src/Clock_Ip_Specific.c:656:6:Clock_Ip_SetFlashWaitStates	8	static
../RTD/Mcu_TS_T40D34M70I1R0/src/Clock_Ip_Specific.c:662:6:Clock_Ip_McMeEnterKey	0	static
../RTD/Mcu_TS_T40D34M70I1R0/src/Clock_Ip_Specific.c:671:13:Clock_Ip_SpecificPlatformInitClock	16	static
../RTD/Mcu_TS_T40D34M70I1R0/src/Clock_Ip_Specific.c:684:6:DisableFircInStandbyMode	8	static
../RTD/Mcu_TS_T40D34M70I1R0/src/Clock_Ip_Specific.c:690:6:EnableFircInStandbyMode	24	static
../RTD/Mcu_TS_T40D34M70I1R0/src/Clock_Ip_Specific.c:698:6:DisableSircInStandbyMode	8	static
../RTD/Mcu_TS_T40D34M70I1R0/src/Clock_Ip_Specific.c:704:6:EnableSircInStandbyMode	24	static
../RTD/Mcu_TS_T40D34M70I1R0/src/Clock_Ip_Specific.c:712:13:Clock_Ip_ClockInitializeObjects	0	static
../RTD/Mcu_TS_T40D34M70I1R0/src/Clock_Ip_Specific.c:828:6:Clock_Ip_Command	16	static
../RTD/Mcu_TS_T40D34M70I1R0/src/Clock_Ip_Specific.c:862:13:Clock_Ip_FLASH_SetFlashIWS	8	static
../RTD/Mcu_TS_T40D34M70I1R0/src/Clock_Ip_Specific.c:881:6:Clock_Ip_PRAMCSetRamIWS	16	static
