../RTD/Mcu_TS_T40D34M70I1R0/src/Clock_Ip.c:239:13:Clock_Ip_NotificatonsEmptyCallback	8	static
../RTD/Mcu_TS_T40D34M70I1R0/src/Clock_Ip.c:254:13:Clock_Ip_UpdateDriverContext	24	static
../RTD/Mcu_TS_T40D34M70I1R0/src/Clock_Ip.c:563:13:Clock_Ip_CallEmptyCallbacks	8	static
../RTD/Mcu_TS_T40D34M70I1R0/src/Clock_Ip.c:596:13:Clock_Ip_ResetClockConfiguration	24	static
../RTD/Mcu_TS_T40D34M70I1R0/src/Clock_Ip.c:667:21:Clock_Ip_Init	24	static
../RTD/Mcu_TS_T40D34M70I1R0/src/Clock_Ip.c:732:6:Clock_Ip_InitClock	24	static
../RTD/Mcu_TS_T40D34M70I1R0/src/Clock_Ip.c:927:24:Clock_Ip_GetPllStatus	32	static
../RTD/Mcu_TS_T40D34M70I1R0/src/Clock_Ip.c:979:6:Clock_Ip_DistributePll	16	static
../RTD/Mcu_TS_T40D34M70I1R0/src/Clock_Ip.c:1033:6:Clock_Ip_DisableClockMonitor	24	static
../RTD/Mcu_TS_T40D34M70I1R0/src/Clock_Ip.c:1049:6:Clock_Ip_InstallNotificationsCallback	8	static
../RTD/Mcu_TS_T40D34M70I1R0/src/Clock_Ip.c:1063:6:Clock_Ip_DisableModuleClock	24	static
../RTD/Mcu_TS_T40D34M70I1R0/src/Clock_Ip.c:1079:6:Clock_Ip_EnableModuleClock	24	static
../RTD/Mcu_TS_T40D34M70I1R0/src/Clock_Ip.c:1134:13:Clock_Ip_SetWaitStates	8	static
../RTD/Mcu_TS_T40D34M70I1R0/src/Clock_Ip.c:1182:6:Clock_Ip_DisableFircInStandby	8	static
../RTD/Mcu_TS_T40D34M70I1R0/src/Clock_Ip.c:1200:6:Clock_Ip_EnableFircInStandby	8	static
../RTD/Mcu_TS_T40D34M70I1R0/src/Clock_Ip.c:1218:6:Clock_Ip_DisableSircInStandby	8	static
../RTD/Mcu_TS_T40D34M70I1R0/src/Clock_Ip.c:1236:6:Clock_Ip_EnableSircInStandby	8	static
../RTD/Mcu_TS_T40D34M70I1R0/src/Clock_Ip.c:1252:6:Clock_Ip_ReportClockErrors	16	static
../RTD/Mcu_TS_T40D34M70I1R0/src/Clock_Ip.c:1263:6:Clock_Ip_StartTimeout	24	static
../RTD/Mcu_TS_T40D34M70I1R0/src/Clock_Ip.c:1279:9:Clock_Ip_TimeoutExpired	32	static
../RTD/Mcu_TS_T40D34M70I1R0/src/Clock_Ip.c:1300:6:Clock_Ip_WriteRegisterValues	24	static
