../RTD/Mcu_TS_T40D34M70I1R0/src/Mcu.c:748:6:Mcu_Init	24	static
../RTD/Mcu_TS_T40D34M70I1R0/src/Mcu.c:854:16:Mcu_InitRamSection	16	static
../RTD/Mcu_TS_T40D34M70I1R0/src/Mcu.c:912:16:Mcu_InitClock	24	static
../RTD/Mcu_TS_T40D34M70I1R0/src/Mcu.c:965:6:Mcu_SetMode	24	static
../RTD/Mcu_TS_T40D34M70I1R0/src/Mcu.c:1012:16:Mcu_DistributePllClock	16	static
../RTD/Mcu_TS_T40D34M70I1R0/src/Mcu.c:1072:19:Mcu_GetPllStatus	16	static
../RTD/Mcu_TS_T40D34M70I1R0/src/Mcu.c:1112:15:Mcu_GetResetReason	16	static
../RTD/Mcu_TS_T40D34M70I1R0/src/Mcu.c:1150:18:Mcu_GetResetRawValue	16	static
../RTD/Mcu_TS_T40D34M70I1R0/src/Mcu.c:1465:6:Mcu_SleepOnExit	16	static
../RTD/Mcu_TS_T40D34M70I1R0/src/Mcu.c:1496:6:Mcu_ClkSrcFailureNotification	8	static
../RTD/Mcu_TS_T40D34M70I1R0/src/Mcu.c:1590:6:Mcu_LastMileEnable	16	static
../RTD/Mcu_TS_T40D34M70I1R0/src/Mcu.c:1612:6:Mcu_LastMileDisable	8	static
