../RTD/Mcu_TS_T40D34M70I1R0/src/Mcu_Ipw.c:314:6:Mcu_Ipw_Init	16	static
../RTD/Mcu_TS_T40D34M70I1R0/src/Mcu_Ipw.c:395:6:Mcu_Ipw_InitClock	16	static
../RTD/Mcu_TS_T40D34M70I1R0/src/Mcu_Ipw.c:413:6:Mcu_Ipw_DistributePllClock	8	static
../RTD/Mcu_TS_T40D34M70I1R0/src/Mcu_Ipw.c:435:19:Mcu_Ipw_GetPllStatus	8	static
../RTD/Mcu_TS_T40D34M70I1R0/src/Mcu_Ipw.c:473:6:Mcu_Ipw_SetMode	16	static
../RTD/Mcu_TS_T40D34M70I1R0/src/Mcu_Ipw.c:521:15:Mcu_Ipw_GetResetReason	8	static
../RTD/Mcu_TS_T40D34M70I1R0/src/Mcu_Ipw.c:538:18:Mcu_Ipw_GetResetRawValue	16	static
../RTD/Mcu_TS_T40D34M70I1R0/src/Mcu_Ipw.c:597:6:Mcu_Ipw_ClockNotificationsCallback	16	static
../RTD/Mcu_TS_T40D34M70I1R0/src/Mcu_Ipw.c:780:6:Mcu_Ipw_SleepOnExit	16	static
../RTD/Mcu_TS_T40D34M70I1R0/src/Mcu_Ipw.c:849:6:Mcu_Ipw_LastMileEnable	16	static
../RTD/Mcu_TS_T40D34M70I1R0/src/Mcu_Ipw.c:863:6:Mcu_Ipw_LastMileDisable	8	static
