D:/S32K344_DEMO2/S32K344_DEMO2/RTD/Pwm_TS_T40D34M70I1R0/include/Emios_Pwm_Ip_HwAccess.h:406:23:Emios_Pwm_Ip_GetInterruptRequest	8	static
D:/S32K344_DEMO2/S32K344_DEMO2/RTD/Pwm_TS_T40D34M70I1R0/include/Emios_Pwm_Ip_HwAccess.h:526:21:Emios_Pwm_Ip_GetChannelIndex	16	static
D:/S32K344_DEMO2/S32K344_DEMO2/RTD/Pwm_TS_T40D34M70I1R0/include/Emios_Pwm_Ip_HwAccess.h:664:23:Emios_Pwm_Ip_GetOverRunFlag	8	static
D:/S32K344_DEMO2/S32K344_DEMO2/RTD/Pwm_TS_T40D34M70I1R0/include/Emios_Pwm_Ip_HwAccess.h:694:23:Emios_Pwm_Ip_GetOverFlowFlag	8	static
D:/S32K344_DEMO2/S32K344_DEMO2/RTD/Pwm_TS_T40D34M70I1R0/include/Emios_Pwm_Ip_HwAccess.h:719:20:Emios_Pwm_Ip_ClearFlagEvent	8	static
D:/S32K344_DEMO2/S32K344_DEMO2/RTD/Pwm_TS_T40D34M70I1R0/include/Emios_Pwm_Ip_HwAccess.h:737:23:Emios_Pwm_Ip_GetOverFlagEvent	8	static
../RTD/Pwm_TS_T40D34M70I1R0/src/Emios_Pwm_Ip_Irq.c:221:6:Emios_Pwm_Ip_IrqHandler	24	static
