D:/S32K344_DEMO2/S32K344_DEMO2/RTD/BaseNXP_TS_T40D34M70I1R0/include/Devassert.h:132:28:DevAssert	8	static
D:/S32K344_DEMO2/S32K344_DEMO2/RTD/Pwm_TS_T40D34M70I1R0/include/Emios_Pwm_Ip_HwAccess.h:172:23:Emios_Pwm_Ip_GetDebugMode	8	static
D:/S32K344_DEMO2/S32K344_DEMO2/RTD/Pwm_TS_T40D34M70I1R0/include/Emios_Pwm_Ip_HwAccess.h:184:20:Emios_Pwm_Ip_SetOutputUpdate	8	static
D:/S32K344_DEMO2/S32K344_DEMO2/RTD/Pwm_TS_T40D34M70I1R0/include/Emios_Pwm_Ip_HwAccess.h:208:22:Emios_Pwm_Ip_GetOutputUpdateInstance	8	static
D:/S32K344_DEMO2/S32K344_DEMO2/RTD/Pwm_TS_T40D34M70I1R0/include/Emios_Pwm_Ip_HwAccess.h:220:20:Emios_Pwm_Ip_SetUCRegA	8	static
D:/S32K344_DEMO2/S32K344_DEMO2/RTD/Pwm_TS_T40D34M70I1R0/include/Emios_Pwm_Ip_HwAccess.h:234:39:Emios_Pwm_Ip_GetUCRegA	8	static
D:/S32K344_DEMO2/S32K344_DEMO2/RTD/Pwm_TS_T40D34M70I1R0/include/Emios_Pwm_Ip_HwAccess.h:248:20:Emios_Pwm_Ip_SetUCRegB	8	static
D:/S32K344_DEMO2/S32K344_DEMO2/RTD/Pwm_TS_T40D34M70I1R0/include/Emios_Pwm_Ip_HwAccess.h:262:39:Emios_Pwm_Ip_GetUCRegB	8	static
D:/S32K344_DEMO2/S32K344_DEMO2/RTD/Pwm_TS_T40D34M70I1R0/include/Emios_Pwm_Ip_HwAccess.h:292:20:Emios_Pwm_Ip_SetFreezeEnable	16	static
D:/S32K344_DEMO2/S32K344_DEMO2/RTD/Pwm_TS_T40D34M70I1R0/include/Emios_Pwm_Ip_HwAccess.h:307:20:Emios_Pwm_Ip_SetOutDisable	16	static
D:/S32K344_DEMO2/S32K344_DEMO2/RTD/Pwm_TS_T40D34M70I1R0/include/Emios_Pwm_Ip_HwAccess.h:322:20:Emios_Pwm_Ip_SetOutDisableSource	16	static
D:/S32K344_DEMO2/S32K344_DEMO2/RTD/Pwm_TS_T40D34M70I1R0/include/Emios_Pwm_Ip_HwAccess.h:338:20:Emios_Pwm_Ip_SetPrescalerEnable	16	static
D:/S32K344_DEMO2/S32K344_DEMO2/RTD/Pwm_TS_T40D34M70I1R0/include/Emios_Pwm_Ip_HwAccess.h:357:20:Emios_Pwm_Ip_SetDMARequest	16	static
D:/S32K344_DEMO2/S32K344_DEMO2/RTD/Pwm_TS_T40D34M70I1R0/include/Emios_Pwm_Ip_HwAccess.h:374:23:Emios_Pwm_Ip_GetDMARequest	8	static
D:/S32K344_DEMO2/S32K344_DEMO2/RTD/Pwm_TS_T40D34M70I1R0/include/Emios_Pwm_Ip_HwAccess.h:389:20:Emios_Pwm_Ip_SetInterruptRequest	16	static
D:/S32K344_DEMO2/S32K344_DEMO2/RTD/Pwm_TS_T40D34M70I1R0/include/Emios_Pwm_Ip_HwAccess.h:406:23:Emios_Pwm_Ip_GetInterruptRequest	8	static
D:/S32K344_DEMO2/S32K344_DEMO2/RTD/Pwm_TS_T40D34M70I1R0/include/Emios_Pwm_Ip_HwAccess.h:421:20:Emios_Pwm_Ip_SetForceMatchA	16	static
D:/S32K344_DEMO2/S32K344_DEMO2/RTD/Pwm_TS_T40D34M70I1R0/include/Emios_Pwm_Ip_HwAccess.h:438:20:Emios_Pwm_Ip_SetForceMatchB	16	static
D:/S32K344_DEMO2/S32K344_DEMO2/RTD/Pwm_TS_T40D34M70I1R0/include/Emios_Pwm_Ip_HwAccess.h:453:20:Emios_Pwm_Ip_SetCounterBus	16	static
D:/S32K344_DEMO2/S32K344_DEMO2/RTD/Pwm_TS_T40D34M70I1R0/include/Emios_Pwm_Ip_HwAccess.h:467:49:Emios_Pwm_Ip_GetCounterBus	16	static
D:/S32K344_DEMO2/S32K344_DEMO2/RTD/Pwm_TS_T40D34M70I1R0/include/Emios_Pwm_Ip_HwAccess.h:496:21:Emios_Pwm_Ip_GetTimebaseChannel	16	static
D:/S32K344_DEMO2/S32K344_DEMO2/RTD/Pwm_TS_T40D34M70I1R0/include/Emios_Pwm_Ip_HwAccess.h:526:21:Emios_Pwm_Ip_GetChannelIndex	16	static
D:/S32K344_DEMO2/S32K344_DEMO2/RTD/Pwm_TS_T40D34M70I1R0/include/Emios_Pwm_Ip_HwAccess.h:553:20:Emios_Pwm_Ip_SetEdgePolarity	16	static
D:/S32K344_DEMO2/S32K344_DEMO2/RTD/Pwm_TS_T40D34M70I1R0/include/Emios_Pwm_Ip_HwAccess.h:580:20:Emios_Pwm_Ip_SetPwmMode	16	static
D:/S32K344_DEMO2/S32K344_DEMO2/RTD/Pwm_TS_T40D34M70I1R0/include/Emios_Pwm_Ip_HwAccess.h:596:20:Emios_Pwm_Ip_SetPwmModePol	16	static
D:/S32K344_DEMO2/S32K344_DEMO2/RTD/Pwm_TS_T40D34M70I1R0/include/Emios_Pwm_Ip_HwAccess.h:611:46:Emios_Pwm_Ip_GetChannelPwmMode	16	static
D:/S32K344_DEMO2/S32K344_DEMO2/RTD/Pwm_TS_T40D34M70I1R0/include/Emios_Pwm_Ip_HwAccess.h:707:23:Emios_Pwm_Ip_GetOutputPinState	8	static
D:/S32K344_DEMO2/S32K344_DEMO2/RTD/Pwm_TS_T40D34M70I1R0/include/Emios_Pwm_Ip_HwAccess.h:719:20:Emios_Pwm_Ip_ClearFlagEvent	8	static
D:/S32K344_DEMO2/S32K344_DEMO2/RTD/Pwm_TS_T40D34M70I1R0/include/Emios_Pwm_Ip_HwAccess.h:751:20:Emios_Pwm_Ip_SetTrigger	8	static
D:/S32K344_DEMO2/S32K344_DEMO2/RTD/Pwm_TS_T40D34M70I1R0/include/Emios_Pwm_Ip_HwAccess.h:765:39:Emios_Pwm_Ip_GetTrigger	8	static
D:/S32K344_DEMO2/S32K344_DEMO2/RTD/Pwm_TS_T40D34M70I1R0/include/Emios_Pwm_Ip_HwAccess.h:793:20:Emios_Pwm_Ip_SetExtendedPrescaler	16	static
D:/S32K344_DEMO2/S32K344_DEMO2/RTD/Pwm_TS_T40D34M70I1R0/include/Emios_Pwm_Ip_HwAccess.h:810:20:Emios_Pwm_Ip_SetPrescalerSource	16	static
../RTD/Pwm_TS_T40D34M70I1R0/src/Emios_Pwm_Ip.c:324:20:Emios_Pwm_Ip_CheckEnableNotifAndClearFlag	24	static
../RTD/Pwm_TS_T40D34M70I1R0/src/Emios_Pwm_Ip.c:428:23:Emios_Pwm_Ip_ValidateMode	80	static
../RTD/Pwm_TS_T40D34M70I1R0/src/Emios_Pwm_Ip.c:468:39:Emios_Pwm_Ip_GetCounterBusPeriod	24	static
../RTD/Pwm_TS_T40D34M70I1R0/src/Emios_Pwm_Ip.c:506:46:Emios_Pwm_Ip_GetCounterBusMode	24	static
../RTD/Pwm_TS_T40D34M70I1R0/src/Emios_Pwm_Ip.c:1351:13:Emios_Pwm_Ip_InitEdgePlacementOpwmbMode	24	static
../RTD/Pwm_TS_T40D34M70I1R0/src/Emios_Pwm_Ip.c:1422:39:Emios_Pwm_Ip_SetDutyCycleOpwmb	32	static
../RTD/Pwm_TS_T40D34M70I1R0/src/Emios_Pwm_Ip.c:2000:20:Emios_Pwm_Ip_InitOutputIrqAndMode	24	static
../RTD/Pwm_TS_T40D34M70I1R0/src/Emios_Pwm_Ip.c:2167:6:Emios_Pwm_Ip_InitChannel	32	static
../RTD/Pwm_TS_T40D34M70I1R0/src/Emios_Pwm_Ip.c:2262:6:Emios_Pwm_Ip_DeInitChannel	32	static
../RTD/Pwm_TS_T40D34M70I1R0/src/Emios_Pwm_Ip.c:2353:6:Emios_Pwm_Ip_ForceMatchLeadingEdge	24	static
../RTD/Pwm_TS_T40D34M70I1R0/src/Emios_Pwm_Ip.c:2382:6:Emios_Pwm_Ip_ForceMatchTrailingEdge	24	static
../RTD/Pwm_TS_T40D34M70I1R0/src/Emios_Pwm_Ip.c:2406:25:Emios_Pwm_Ip_GetPeriod	32	static
../RTD/Pwm_TS_T40D34M70I1R0/src/Emios_Pwm_Ip.c:2504:6:Emios_Pwm_Ip_SetPeriod	24	static
../RTD/Pwm_TS_T40D34M70I1R0/src/Emios_Pwm_Ip.c:2555:23:Emios_Pwm_Ip_GetDutyCycle	24	static
../RTD/Pwm_TS_T40D34M70I1R0/src/Emios_Pwm_Ip.c:2579:25:Emios_Pwm_Ip_SetDutyCycle	24	static
../RTD/Pwm_TS_T40D34M70I1R0/src/Emios_Pwm_Ip.c:2672:25:Emios_Pwm_Ip_GetPhaseShift	24	static
../RTD/Pwm_TS_T40D34M70I1R0/src/Emios_Pwm_Ip.c:2706:25:Emios_Pwm_Ip_SetPhaseShift	32	static
../RTD/Pwm_TS_T40D34M70I1R0/src/Emios_Pwm_Ip.c:2814:25:Emios_Pwm_Ip_GetDeadTime	24	static
../RTD/Pwm_TS_T40D34M70I1R0/src/Emios_Pwm_Ip.c:2845:6:Emios_Pwm_Ip_SetDeadTime	24	static
../RTD/Pwm_TS_T40D34M70I1R0/src/Emios_Pwm_Ip.c:2880:8:Emios_Pwm_Ip_GetTriggerPlacement	24	static
../RTD/Pwm_TS_T40D34M70I1R0/src/Emios_Pwm_Ip.c:2919:6:Emios_Pwm_Ip_SetTriggerPlacement	24	static
../RTD/Pwm_TS_T40D34M70I1R0/src/Emios_Pwm_Ip.c:2967:25:Emios_Pwm_Ip_ChannelEnterDebugMode	24	static
../RTD/Pwm_TS_T40D34M70I1R0/src/Emios_Pwm_Ip.c:2998:6:Emios_Pwm_Ip_ChannelStopDebugMode	24	static
../RTD/Pwm_TS_T40D34M70I1R0/src/Emios_Pwm_Ip.c:3021:28:Emios_Pwm_Ip_GetFlagRequest	24	static
../RTD/Pwm_TS_T40D34M70I1R0/src/Emios_Pwm_Ip.c:3055:6:Emios_Pwm_Ip_SetFlagRequest	24	static
../RTD/Pwm_TS_T40D34M70I1R0/src/Emios_Pwm_Ip.c:3105:30:Emios_Pwm_Ip_GetOutputState	24	static
../RTD/Pwm_TS_T40D34M70I1R0/src/Emios_Pwm_Ip.c:3125:6:Emios_Pwm_Ip_SetOutputState	24	static
../RTD/Pwm_TS_T40D34M70I1R0/src/Emios_Pwm_Ip.c:3188:6:Emios_Pwm_Ip_SetOutputToNormal	24	static
../RTD/Pwm_TS_T40D34M70I1R0/src/Emios_Pwm_Ip.c:3303:26:Emios_Pwm_Ip_GetChannelMode	24	static
../RTD/Pwm_TS_T40D34M70I1R0/src/Emios_Pwm_Ip.c:3325:7:Emios_Pwm_Ip_GetMasterBusChannel	32	static
../RTD/Pwm_TS_T40D34M70I1R0/src/Emios_Pwm_Ip.c:3365:6:Emios_Pwm_Ip_SetPreEnableClock	24	static
../RTD/Pwm_TS_T40D34M70I1R0/src/Emios_Pwm_Ip.c:3389:6:Emios_Pwm_Ip_SetBusSelected	24	static
../RTD/Pwm_TS_T40D34M70I1R0/src/Emios_Pwm_Ip.c:3412:6:Emios_Pwm_Ip_SetClockPs	24	static
../RTD/Pwm_TS_T40D34M70I1R0/src/Emios_Pwm_Ip.c:3439:6:Emios_Pwm_Ip_ComparatorTransferEnable	16	static
../RTD/Pwm_TS_T40D34M70I1R0/src/Emios_Pwm_Ip.c:3460:6:Emios_Pwm_Ip_ComparatorTransferDisable	16	static
../RTD/Pwm_TS_T40D34M70I1R0/src/Emios_Pwm_Ip.c:3482:6:Emios_Pwm_Ip_SyncUpdate	40	static
../RTD/Pwm_TS_T40D34M70I1R0/src/Emios_Pwm_Ip.c:3527:6:Emios_Pwm_Ip_UpdateUCRegA	24	static
../RTD/Pwm_TS_T40D34M70I1R0/src/Emios_Pwm_Ip.c:3547:6:Emios_Pwm_Ip_UpdateUCRegB	24	static
