../RTD/Pwm_TS_T40D34M70I1R0/src/Pwm.c:507:21:Pwm_GetPartitionChannelIdx	8	static
../RTD/Pwm_TS_T40D34M70I1R0/src/Pwm.c:546:23:Pwm_ValidateGlobalConfigCall	24	static
../RTD/Pwm_TS_T40D34M70I1R0/src/Pwm.c:605:20:Pwm_EndValidateGlobalConfigCall	8	static
../RTD/Pwm_TS_T40D34M70I1R0/src/Pwm.c:665:30:Pwm_ValidateChannelConfigCall	24	static
../RTD/Pwm_TS_T40D34M70I1R0/src/Pwm.c:780:20:Pwm_EndValidateChannelConfigCall	8	static
../RTD/Pwm_TS_T40D34M70I1R0/src/Pwm.c:808:30:Pwm_ValidateParamPtrInit	24	static
../RTD/Pwm_TS_T40D34M70I1R0/src/Pwm.c:920:30:Pwm_ValidateParamDuty	24	static
../RTD/Pwm_TS_T40D34M70I1R0/src/Pwm.c:970:30:Pwm_ValidateParamsPeriodClass	32	static
../RTD/Pwm_TS_T40D34M70I1R0/src/Pwm.c:1445:30:Pwm_ValidateGetOutputState	24	static
../RTD/Pwm_TS_T40D34M70I1R0/src/Pwm.c:1705:6:Pwm_Init	24	static
../RTD/Pwm_TS_T40D34M70I1R0/src/Pwm.c:1804:6:Pwm_DeInit	24	static
../RTD/Pwm_TS_T40D34M70I1R0/src/Pwm.c:1907:6:Pwm_SetDutyCycle	24	static
../RTD/Pwm_TS_T40D34M70I1R0/src/Pwm.c:1990:6:Pwm_SetPeriodAndDuty	32	static
../RTD/Pwm_TS_T40D34M70I1R0/src/Pwm.c:2142:21:Pwm_GetOutputState	32	static
../RTD/Pwm_TS_T40D34M70I1R0/src/Pwm.c:2527:8:Pwm_GetChannelState	32	static
