../RTD/Can_43_FLEXCAN_TS_T40D34M70I1R0/src/Can_43_FLEXCAN.c:479:16:Can_IsControllersBusy	16	static
../RTD/Can_43_FLEXCAN_TS_T40D34M70I1R0/src/Can_43_FLEXCAN.c:510:13:Can_InitControllers	24	static
../RTD/Can_43_FLEXCAN_TS_T40D34M70I1R0/src/Can_43_FLEXCAN.c:809:13:Can_DeInitControllers	24	static
../RTD/Can_43_FLEXCAN_TS_T40D34M70I1R0/src/Can_43_FLEXCAN.c:899:6:Can_43_FLEXCAN_Init	24	static
../RTD/Can_43_FLEXCAN_TS_T40D34M70I1R0/src/Can_43_FLEXCAN.c:1017:6:Can_43_FLEXCAN_DeInit	16	static
../RTD/Can_43_FLEXCAN_TS_T40D34M70I1R0/src/Can_43_FLEXCAN.c:1170:16:Can_43_FLEXCAN_SetControllerMode	32	static
../RTD/Can_43_FLEXCAN_TS_T40D34M70I1R0/src/Can_43_FLEXCAN.c:1376:6:Can_43_FLEXCAN_DisableControllerInterrupts	24	static
../RTD/Can_43_FLEXCAN_TS_T40D34M70I1R0/src/Can_43_FLEXCAN.c:1462:6:Can_43_FLEXCAN_EnableControllerInterrupts	24	static
../RTD/Can_43_FLEXCAN_TS_T40D34M70I1R0/src/Can_43_FLEXCAN.c:1555:16:Can_43_FLEXCAN_GetControllerErrorState	32	static
../RTD/Can_43_FLEXCAN_TS_T40D34M70I1R0/src/Can_43_FLEXCAN.c:1631:16:Can_43_FLEXCAN_GetControllerMode	16	static
../RTD/Can_43_FLEXCAN_TS_T40D34M70I1R0/src/Can_43_FLEXCAN.c:1730:16:Can_43_FLEXCAN_GetControllerRxErrorCounter	32	static
../RTD/Can_43_FLEXCAN_TS_T40D34M70I1R0/src/Can_43_FLEXCAN.c:1836:16:Can_43_FLEXCAN_GetControllerTxErrorCounter	32	static
../RTD/Can_43_FLEXCAN_TS_T40D34M70I1R0/src/Can_43_FLEXCAN.c:1955:16:Can_43_FLEXCAN_Write	40	static
../RTD/Can_43_FLEXCAN_TS_T40D34M70I1R0/src/Can_43_FLEXCAN.c:2167:10:Can_43_FLEXCAN_MainFunction_Write	24	static
../RTD/Can_43_FLEXCAN_TS_T40D34M70I1R0/src/Can_43_FLEXCAN.c:2324:10:Can_43_FLEXCAN_MainFunction_Read	24	static
../RTD/Can_43_FLEXCAN_TS_T40D34M70I1R0/src/Can_43_FLEXCAN.c:2478:6:Can_43_FLEXCAN_MainFunction_BusOff	24	static
../RTD/Can_43_FLEXCAN_TS_T40D34M70I1R0/src/Can_43_FLEXCAN.c:2531:6:Can_43_FLEXCAN_MainFunction_Wakeup	24	static
../RTD/Can_43_FLEXCAN_TS_T40D34M70I1R0/src/Can_43_FLEXCAN.c:2582:6:Can_43_FLEXCAN_MainFunction_Mode	24	static
../RTD/Can_43_FLEXCAN_TS_T40D34M70I1R0/src/Can_43_FLEXCAN.c:2851:6:Can_43_FLEXCAN_ProcessBusOffInterrupt	32	static
