../RTD/Can_43_FLEXCAN_TS_T40D34M70I1R0/src/Can_43_FLEXCAN_Ipw.c:531:13:Can_Ipw_ParseData	24	static
../RTD/Can_43_FLEXCAN_TS_T40D34M70I1R0/src/Can_43_FLEXCAN_Ipw.c:608:13:Can_Ipw_InitRxMsgBuffer	32	static
../RTD/Can_43_FLEXCAN_TS_T40D34M70I1R0/src/Can_43_FLEXCAN_Ipw.c:637:13:Can_Ipw_SetLegacyFifoFilterMaskFormatA	32	static
../RTD/Can_43_FLEXCAN_TS_T40D34M70I1R0/src/Can_43_FLEXCAN_Ipw.c:658:13:Can_Ipw_SetLegacyFifoFilterMaskFormatB	32	static
../RTD/Can_43_FLEXCAN_TS_T40D34M70I1R0/src/Can_43_FLEXCAN_Ipw.c:690:13:Can_Ipw_SetLegacyFifoFilterMaskFormatC	32	static
../RTD/Can_43_FLEXCAN_TS_T40D34M70I1R0/src/Can_43_FLEXCAN_Ipw.c:742:13:Can_Ipw_InitRxLegacyFifo	1056	static
../RTD/Can_43_FLEXCAN_TS_T40D34M70I1R0/src/Can_43_FLEXCAN_Ipw.c:802:30:Can_Ipw_TransferData	40	static
../RTD/Can_43_FLEXCAN_TS_T40D34M70I1R0/src/Can_43_FLEXCAN_Ipw.c:866:17:Can_Ipw_InitRxEnhancedFifo	2072	static
../RTD/Can_43_FLEXCAN_TS_T40D34M70I1R0/src/Can_43_FLEXCAN_Ipw.c:918:13:Can_Ipw_ProcessLegacyFifoPolling	40	static
../RTD/Can_43_FLEXCAN_TS_T40D34M70I1R0/src/Can_43_FLEXCAN_Ipw.c:975:13:Can_Ipw_ProcessEnhancedFifoPolling	40	static
../RTD/Can_43_FLEXCAN_TS_T40D34M70I1R0/src/Can_43_FLEXCAN_Ipw.c:1021:13:Can_Ipw_InitBaudrate	24	static
../RTD/Can_43_FLEXCAN_TS_T40D34M70I1R0/src/Can_43_FLEXCAN_Ipw.c:1663:16:Can_43_FLEXCAN_Ipw_Init	24	static
../RTD/Can_43_FLEXCAN_TS_T40D34M70I1R0/src/Can_43_FLEXCAN_Ipw.c:1728:6:Can_43_FLEXCAN_Ipw_DeInit	16	static
../RTD/Can_43_FLEXCAN_TS_T40D34M70I1R0/src/Can_43_FLEXCAN_Ipw.c:1813:23:Can_43_FLEXCAN_Ipw_SetControlerErrorInit	24	static
../RTD/Can_43_FLEXCAN_TS_T40D34M70I1R0/src/Can_43_FLEXCAN_Ipw.c:1838:16:Can_43_FLEXCAN_Ipw_SetControllerToStartMode	24	static
../RTD/Can_43_FLEXCAN_TS_T40D34M70I1R0/src/Can_43_FLEXCAN_Ipw.c:1937:16:Can_43_FLEXCAN_Ipw_SetControllerToStopMode	24	static
../RTD/Can_43_FLEXCAN_TS_T40D34M70I1R0/src/Can_43_FLEXCAN_Ipw.c:2002:6:Can_43_FLEXCAN_Ipw_DisableControllerInterrupts	16	static
../RTD/Can_43_FLEXCAN_TS_T40D34M70I1R0/src/Can_43_FLEXCAN_Ipw.c:2024:6:Can_43_FLEXCAN_Ipw_EnableControllerInterrupts	16	static
../RTD/Can_43_FLEXCAN_TS_T40D34M70I1R0/src/Can_43_FLEXCAN_Ipw.c:2051:16:Can_43_FLEXCAN_Ipw_GetControllerErrorState	24	static
../RTD/Can_43_FLEXCAN_TS_T40D34M70I1R0/src/Can_43_FLEXCAN_Ipw.c:2064:16:Can_43_FLEXCAN_Ipw_GetControllerTxErrorCounter	16	static
../RTD/Can_43_FLEXCAN_TS_T40D34M70I1R0/src/Can_43_FLEXCAN_Ipw.c:2073:16:Can_43_FLEXCAN_Ipw_GetControllerRxErrorCounter	16	static
../RTD/Can_43_FLEXCAN_TS_T40D34M70I1R0/src/Can_43_FLEXCAN_Ipw.c:2083:16:Can_43_FLEXCAN_Ipw_Write	56	static
../RTD/Can_43_FLEXCAN_TS_T40D34M70I1R0/src/Can_43_FLEXCAN_Ipw.c:2144:13:Can_Ipw_InitReceiveHwObject	24	static
../RTD/Can_43_FLEXCAN_TS_T40D34M70I1R0/src/Can_43_FLEXCAN_Ipw.c:2264:10:Can_43_FLEXCAN_Ipw_MainFunction_Write	24	static
../RTD/Can_43_FLEXCAN_TS_T40D34M70I1R0/src/Can_43_FLEXCAN_Ipw.c:2292:10:Can_43_FLEXCAN_Ipw_MainFunction_Read	128	static
../RTD/Can_43_FLEXCAN_TS_T40D34M70I1R0/src/Can_43_FLEXCAN_Ipw.c:2364:10:Can_43_FLEXCAN_Ipw_MainFunction_BusOff	16	static
../RTD/Can_43_FLEXCAN_TS_T40D34M70I1R0/src/Can_43_FLEXCAN_Ipw.c:2375:6:Can_43_FLEXCAN_Ipw_MainFunction_Wakeup	16	static
../RTD/Can_43_FLEXCAN_TS_T40D34M70I1R0/src/Can_43_FLEXCAN_Ipw.c:2410:6:Can_43_FLEXCAN_Ipw_MainFunction_Mode	16	static
