D:/ProjectTestNXP/S32K344_DEMO/S32K344_DEMO/RTD/Can_43_FLEXCAN_TS_T40D34M70I1R0/include/FlexCAN_Ip_HwAccess.h:566:20:FlexCAN_SetRxFifoGlobalMask	8	static
D:/ProjectTestNXP/S32K344_DEMO/S32K344_DEMO/RTD/Can_43_FLEXCAN_TS_T40D34M70I1R0/include/FlexCAN_Ip_HwAccess.h:581:20:FlexCAN_SetTDCOffset	16	static
D:/ProjectTestNXP/S32K344_DEMO/S32K344_DEMO/RTD/Can_43_FLEXCAN_TS_T40D34M70I1R0/include/FlexCAN_Ip_HwAccess.h:611:20:FlexCAN_SetEnhancedTDCOffset	16	static
D:/ProjectTestNXP/S32K344_DEMO/S32K344_DEMO/RTD/Can_43_FLEXCAN_TS_T40D34M70I1R0/include/FlexCAN_Ip_HwAccess.h:653:23:FlexCAN_IsEnabled	8	static
D:/ProjectTestNXP/S32K344_DEMO/S32K344_DEMO/RTD/Can_43_FLEXCAN_TS_T40D34M70I1R0/include/FlexCAN_Ip_HwAccess.h:666:20:FlexCAN_SetFDEnabled	8	static
D:/ProjectTestNXP/S32K344_DEMO/S32K344_DEMO/RTD/Can_43_FLEXCAN_TS_T40D34M70I1R0/include/FlexCAN_Ip_HwAccess.h:686:23:FlexCAN_IsFDEnabled	8	static
D:/ProjectTestNXP/S32K344_DEMO/S32K344_DEMO/RTD/Can_43_FLEXCAN_TS_T40D34M70I1R0/include/FlexCAN_Ip_HwAccess.h:698:20:FlexCAN_SetListenOnlyMode	8	static
D:/ProjectTestNXP/S32K344_DEMO/S32K344_DEMO/RTD/Can_43_FLEXCAN_TS_T40D34M70I1R0/include/FlexCAN_Ip_HwAccess.h:779:20:FlexCAN_UnlockRxMsgBuff	8	static
D:/ProjectTestNXP/S32K344_DEMO/S32K344_DEMO/RTD/Can_43_FLEXCAN_TS_T40D34M70I1R0/include/FlexCAN_Ip_HwAccess.h:791:20:FlexCAN_ClearMsgBuffIntStatusFlag	16	static
D:/ProjectTestNXP/S32K344_DEMO/S32K344_DEMO/RTD/Can_43_FLEXCAN_TS_T40D34M70I1R0/include/FlexCAN_Ip_HwAccess.h:827:21:FlexCAN_GetMsgBuffIntStatusFlag	16	static
D:/ProjectTestNXP/S32K344_DEMO/S32K344_DEMO/RTD/Can_43_FLEXCAN_TS_T40D34M70I1R0/include/FlexCAN_Ip_HwAccess.h:864:21:FlexCAN_GetMsgBuffIntStatusImask	16	static
D:/ProjectTestNXP/S32K344_DEMO/S32K344_DEMO/RTD/Can_43_FLEXCAN_TS_T40D34M70I1R0/include/FlexCAN_Ip_HwAccess.h:903:20:FlexCAN_SetFDTimeSegments	8	static
D:/ProjectTestNXP/S32K344_DEMO/S32K344_DEMO/RTD/Can_43_FLEXCAN_TS_T40D34M70I1R0/include/FlexCAN_Ip_HwAccess.h:928:20:FlexCAN_SetTimeSegments	8	static
D:/ProjectTestNXP/S32K344_DEMO/S32K344_DEMO/RTD/Can_43_FLEXCAN_TS_T40D34M70I1R0/include/FlexCAN_Ip_HwAccess.h:951:20:FlexCAN_SetExtendedTimeSegments	8	static
D:/ProjectTestNXP/S32K344_DEMO/S32K344_DEMO/RTD/Can_43_FLEXCAN_TS_T40D34M70I1R0/include/FlexCAN_Ip_HwAccess.h:976:20:FlexCAN_SetEnhancedNominalTimeSegments	40	static
D:/ProjectTestNXP/S32K344_DEMO/S32K344_DEMO/RTD/Can_43_FLEXCAN_TS_T40D34M70I1R0/include/FlexCAN_Ip_HwAccess.h:1000:20:FlexCAN_GetEnhancedNominalTimeSegments	8	static
D:/ProjectTestNXP/S32K344_DEMO/S32K344_DEMO/RTD/Can_43_FLEXCAN_TS_T40D34M70I1R0/include/FlexCAN_Ip_HwAccess.h:1015:20:FlexCAN_SetEnhancedDataTimeSegments	32	static
D:/ProjectTestNXP/S32K344_DEMO/S32K344_DEMO/RTD/Can_43_FLEXCAN_TS_T40D34M70I1R0/include/FlexCAN_Ip_HwAccess.h:1043:20:FlexCAN_GetEnhancedDataTimeSegments	8	static
D:/ProjectTestNXP/S32K344_DEMO/S32K344_DEMO/RTD/Can_43_FLEXCAN_TS_T40D34M70I1R0/include/FlexCAN_Ip_HwAccess.h:1059:20:FlexCAN_GetExtendedTimeSegments	8	static
D:/ProjectTestNXP/S32K344_DEMO/S32K344_DEMO/RTD/Can_43_FLEXCAN_TS_T40D34M70I1R0/include/FlexCAN_Ip_HwAccess.h:1074:20:FlexCAN_GetTimeSegments	8	static
D:/ProjectTestNXP/S32K344_DEMO/S32K344_DEMO/RTD/Can_43_FLEXCAN_TS_T40D34M70I1R0/include/FlexCAN_Ip_HwAccess.h:1090:20:FlexCAN_GetFDTimeSegments	8	static
D:/ProjectTestNXP/S32K344_DEMO/S32K344_DEMO/RTD/Can_43_FLEXCAN_TS_T40D34M70I1R0/include/FlexCAN_Ip_HwAccess.h:1107:23:FlexCAN_IsExCbtEnabled	8	static
D:/ProjectTestNXP/S32K344_DEMO/S32K344_DEMO/RTD/Can_43_FLEXCAN_TS_T40D34M70I1R0/include/FlexCAN_Ip_HwAccess.h:1119:23:FlexCAN_IsEnhCbtEnabled	8	static
D:/ProjectTestNXP/S32K344_DEMO/S32K344_DEMO/RTD/Can_43_FLEXCAN_TS_T40D34M70I1R0/include/FlexCAN_Ip_HwAccess.h:1130:20:FlexCAN_EnhCbtEnable	8	static
D:/ProjectTestNXP/S32K344_DEMO/S32K344_DEMO/RTD/Can_43_FLEXCAN_TS_T40D34M70I1R0/include/FlexCAN_Ip_HwAccess.h:1141:20:FlexCAN_EnableExtCbt	8	static
D:/ProjectTestNXP/S32K344_DEMO/S32K344_DEMO/RTD/Can_43_FLEXCAN_TS_T40D34M70I1R0/include/FlexCAN_Ip_HwAccess.h:1163:20:FlexCAN_SetSelfReception	8	static
D:/ProjectTestNXP/S32K344_DEMO/S32K344_DEMO/RTD/Can_43_FLEXCAN_TS_T40D34M70I1R0/include/FlexCAN_Ip_HwAccess.h:1174:23:FlexCAN_IsListenOnlyModeEnabled	8	static
D:/ProjectTestNXP/S32K344_DEMO/S32K344_DEMO/RTD/Can_43_FLEXCAN_TS_T40D34M70I1R0/include/FlexCAN_Ip_HwAccess.h:1186:22:RxFifoOcuppiedLastMsgBuff	8	static
D:/ProjectTestNXP/S32K344_DEMO/S32K344_DEMO/RTD/Can_43_FLEXCAN_TS_T40D34M70I1R0/include/FlexCAN_Ip_HwAccess.h:1327:23:FlexCAN_GetMsgBuffIntIndex	40	static
D:/ProjectTestNXP/S32K344_DEMO/S32K344_DEMO/RTD/Can_43_FLEXCAN_TS_T40D34M70I1R0/include/FlexCAN_Ip_HwAccess.h:1407:20:FlexCAN_SetRxMsgBuffGlobalMask	8	static
D:/ProjectTestNXP/S32K344_DEMO/S32K344_DEMO/RTD/Can_43_FLEXCAN_TS_T40D34M70I1R0/include/FlexCAN_Ip_HwAccess.h:1419:20:FlexCAN_SetRxIndividualMask	16	static
D:/ProjectTestNXP/S32K344_DEMO/S32K344_DEMO/RTD/Can_43_FLEXCAN_TS_T40D34M70I1R0/include/FlexCAN_Ip_HwAccess.h:1445:20:FlexCAN_SetTxArbitrationStartDelay	8	static
D:/ProjectTestNXP/S32K344_DEMO/S32K344_DEMO/RTD/Can_43_FLEXCAN_TS_T40D34M70I1R0/include/FlexCAN_Ip_HwAccess.h:1456:20:FlexCAN_SetRxMaskType	8	static
D:/ProjectTestNXP/S32K344_DEMO/S32K344_DEMO/RTD/Can_43_FLEXCAN_TS_T40D34M70I1R0/include/FlexCAN_Ip_HwAccess.h:1491:20:FlexCAN_SetEnhancedRxFifoIntAll	8	static
D:/ProjectTestNXP/S32K344_DEMO/S32K344_DEMO/RTD/Can_43_FLEXCAN_TS_T40D34M70I1R0/include/FlexCAN_Ip_HwAccess.h:1510:21:FlexCAN_GetEnhancedRxFIFOIntStatusFlag	8	static
D:/ProjectTestNXP/S32K344_DEMO/S32K344_DEMO/RTD/Can_43_FLEXCAN_TS_T40D34M70I1R0/include/FlexCAN_Ip_HwAccess.h:1521:20:FlexCAN_ClearEnhancedRxFifoIntStatusFlag	8	static
D:/ProjectTestNXP/S32K344_DEMO/S32K344_DEMO/RTD/Can_43_FLEXCAN_TS_T40D34M70I1R0/include/FlexCAN_Ip_HwAccess.h:1533:21:FlexCAN_GetEnhancedRxFIFOIntStatusMask	8	static
D:/ProjectTestNXP/S32K344_DEMO/S32K344_DEMO/RTD/Can_43_FLEXCAN_TS_T40D34M70I1R0/include/FlexCAN_Ip_HwAccess.h:1628:20:FlexCAN_SetRegDefaultVal	16	static
../RTD/Can_43_FLEXCAN_TS_T40D34M70I1R0/src/FlexCAN_Ip.c:311:30:FlexCAN_InitRxFifo	24	static
../RTD/Can_43_FLEXCAN_TS_T40D34M70I1R0/src/FlexCAN_Ip.c:397:30:FlexCAN_InitCtroll	24	static
../RTD/Can_43_FLEXCAN_TS_T40D34M70I1R0/src/FlexCAN_Ip.c:448:30:FlexCAN_InitController	32	static
../RTD/Can_43_FLEXCAN_TS_T40D34M70I1R0/src/FlexCAN_Ip.c:501:13:FlexCAN_InitBaudrate	16	static
../RTD/Can_43_FLEXCAN_TS_T40D34M70I1R0/src/FlexCAN_Ip.c:553:13:FlexCAN_CompleteRxMessageEnhancedFifoData	24	static
../RTD/Can_43_FLEXCAN_TS_T40D34M70I1R0/src/FlexCAN_Ip.c:726:30:FlexCAN_StartRxMessageEnhancedFifoData	32	static
../RTD/Can_43_FLEXCAN_TS_T40D34M70I1R0/src/FlexCAN_Ip.c:829:30:FlexCAN_ProccessEnhancedRxFifoBlocking	48	static
../RTD/Can_43_FLEXCAN_TS_T40D34M70I1R0/src/FlexCAN_Ip.c:880:30:FlexCAN_ProccessEnhancedRxFifo	32	static
../RTD/Can_43_FLEXCAN_TS_T40D34M70I1R0/src/FlexCAN_Ip.c:940:30:FlexCAN_ProccessLegacyRxFIFO	56	static
../RTD/Can_43_FLEXCAN_TS_T40D34M70I1R0/src/FlexCAN_Ip.c:1028:30:FlexCAN_StartRxMessageBufferData	16	static
../RTD/Can_43_FLEXCAN_TS_T40D34M70I1R0/src/FlexCAN_Ip.c:1069:30:FlexCAN_StartSendData	64	static
../RTD/Can_43_FLEXCAN_TS_T40D34M70I1R0/src/FlexCAN_Ip.c:1144:30:FlexCAN_StartRxMessageFifoData	40	static
../RTD/Can_43_FLEXCAN_TS_T40D34M70I1R0/src/FlexCAN_Ip.c:1271:13:FlexCAN_IRQHandlerRxMB	120	static
../RTD/Can_43_FLEXCAN_TS_T40D34M70I1R0/src/FlexCAN_Ip.c:1388:13:FlexCAN_IRQHandlerTxMB	120	static
../RTD/Can_43_FLEXCAN_TS_T40D34M70I1R0/src/FlexCAN_Ip.c:1459:20:FlexCAN_IRQHandlerRxFIFO	104	static
../RTD/Can_43_FLEXCAN_TS_T40D34M70I1R0/src/FlexCAN_Ip.c:1531:20:FlexCAN_ProcessIRQHandlerEnhancedRxFIFO	32	static
../RTD/Can_43_FLEXCAN_TS_T40D34M70I1R0/src/FlexCAN_Ip.c:1563:13:FlexCAN_IRQHandlerEnhancedRxFIFO	104	static
../RTD/Can_43_FLEXCAN_TS_T40D34M70I1R0/src/FlexCAN_Ip.c:1698:30:FlexCAN_AbortTxTransfer	48	static
../RTD/Can_43_FLEXCAN_TS_T40D34M70I1R0/src/FlexCAN_Ip.c:1763:30:FlexCAN_AbortRxTransfer	48	static
../RTD/Can_43_FLEXCAN_TS_T40D34M70I1R0/src/FlexCAN_Ip.c:1838:13:FlexCAN_CompleteRxMessageFifoData	32	static
../RTD/Can_43_FLEXCAN_TS_T40D34M70I1R0/src/FlexCAN_Ip.c:1931:13:FlexCAN_ProcessIRQHandlerError	32	static
../RTD/Can_43_FLEXCAN_TS_T40D34M70I1R0/src/FlexCAN_Ip.c:1985:13:FlexCAN_ProcessIRQHandlerBusOff	32	static
../RTD/Can_43_FLEXCAN_TS_T40D34M70I1R0/src/FlexCAN_Ip.c:2050:15:FlexCAN_ErrorCallback	40	static
../RTD/Can_43_FLEXCAN_TS_T40D34M70I1R0/src/FlexCAN_Ip.c:2074:13:FlexCAN_ProcessIRQHandlerMsgBuffer	32	static
../RTD/Can_43_FLEXCAN_TS_T40D34M70I1R0/src/FlexCAN_Ip.c:2119:23:FlexCAN_Ip_Init_Privileged	40	static
../RTD/Can_43_FLEXCAN_TS_T40D34M70I1R0/src/FlexCAN_Ip.c:2214:23:FlexCAN_Ip_Send	40	static
../RTD/Can_43_FLEXCAN_TS_T40D34M70I1R0/src/FlexCAN_Ip.c:2262:23:FlexCAN_Ip_ConfigRxMb	48	static
../RTD/Can_43_FLEXCAN_TS_T40D34M70I1R0/src/FlexCAN_Ip.c:2318:23:FlexCAN_Ip_Receive	24	static
../RTD/Can_43_FLEXCAN_TS_T40D34M70I1R0/src/FlexCAN_Ip.c:2353:23:FlexCAN_Ip_ReceiveBlocking	40	static
../RTD/Can_43_FLEXCAN_TS_T40D34M70I1R0/src/FlexCAN_Ip.c:2614:23:FlexCAN_Ip_RxFifo	24	static
../RTD/Can_43_FLEXCAN_TS_T40D34M70I1R0/src/FlexCAN_Ip.c:2647:23:FlexCAN_Ip_RxFifoBlocking	32	static
../RTD/Can_43_FLEXCAN_TS_T40D34M70I1R0/src/FlexCAN_Ip.c:2686:23:FlexCAN_Ip_ConfigRxFifo_Privileged	40	static
../RTD/Can_43_FLEXCAN_TS_T40D34M70I1R0/src/FlexCAN_Ip.c:2739:23:FlexCAN_Ip_ConfigEnhancedRxFifo_Privileged	32	static
../RTD/Can_43_FLEXCAN_TS_T40D34M70I1R0/src/FlexCAN_Ip.c:2796:23:FlexCAN_Ip_ConfigRemoteResponseMb	64	static
../RTD/Can_43_FLEXCAN_TS_T40D34M70I1R0/src/FlexCAN_Ip.c:2861:23:FlexCAN_Ip_GetTransferStatus	16	static
../RTD/Can_43_FLEXCAN_TS_T40D34M70I1R0/src/FlexCAN_Ip.c:2937:6:FlexCAN_IRQHandler	40	static
../RTD/Can_43_FLEXCAN_TS_T40D34M70I1R0/src/FlexCAN_Ip.c:2992:6:FlexCAN_Ip_ClearErrorStatus	16	static
../RTD/Can_43_FLEXCAN_TS_T40D34M70I1R0/src/FlexCAN_Ip.c:3010:8:FlexCAN_Ip_GetErrorStatus	16	static
../RTD/Can_43_FLEXCAN_TS_T40D34M70I1R0/src/FlexCAN_Ip.c:3028:7:FlexCAN_Ip_GetControllerTxErrorCounter	16	static
../RTD/Can_43_FLEXCAN_TS_T40D34M70I1R0/src/FlexCAN_Ip.c:3046:7:FlexCAN_Ip_GetControllerRxErrorCounter	16	static
../RTD/Can_43_FLEXCAN_TS_T40D34M70I1R0/src/FlexCAN_Ip.c:3065:6:FlexCAN_Busoff_Error_IRQHandler	16	static
../RTD/Can_43_FLEXCAN_TS_T40D34M70I1R0/src/FlexCAN_Ip.c:3087:23:FlexCAN_Ip_SendBlocking	64	static
../RTD/Can_43_FLEXCAN_TS_T40D34M70I1R0/src/FlexCAN_Ip.c:3212:23:FlexCAN_Ip_SetRxMbGlobalMask_Privileged	32	static
../RTD/Can_43_FLEXCAN_TS_T40D34M70I1R0/src/FlexCAN_Ip.c:3255:23:FlexCAN_Ip_EnterFreezeMode_Privileged	24	static
../RTD/Can_43_FLEXCAN_TS_T40D34M70I1R0/src/FlexCAN_Ip.c:3269:23:FlexCAN_Ip_ExitFreezeMode_Privileged	24	static
../RTD/Can_43_FLEXCAN_TS_T40D34M70I1R0/src/FlexCAN_Ip.c:3283:23:FlexCAN_Ip_SetRxIndividualMask_Privileged	32	static
../RTD/Can_43_FLEXCAN_TS_T40D34M70I1R0/src/FlexCAN_Ip.c:3337:23:FlexCAN_Ip_SetRxFifoGlobalMask_Privileged	32	static
../RTD/Can_43_FLEXCAN_TS_T40D34M70I1R0/src/FlexCAN_Ip.c:3384:23:FlexCAN_Ip_Deinit_Privileged	24	static
../RTD/Can_43_FLEXCAN_TS_T40D34M70I1R0/src/FlexCAN_Ip.c:3424:6:FlexCAN_Ip_MainFunctionRead	24	static
../RTD/Can_43_FLEXCAN_TS_T40D34M70I1R0/src/FlexCAN_Ip.c:3484:23:FlexCAN_Ip_MainFunctionBusOff_Privileged	32	static
../RTD/Can_43_FLEXCAN_TS_T40D34M70I1R0/src/FlexCAN_Ip.c:3515:6:FlexCAN_Ip_MainFunctionWrite	24	static
../RTD/Can_43_FLEXCAN_TS_T40D34M70I1R0/src/FlexCAN_Ip.c:3539:9:FlexCAN_Ip_GetStopMode	24	static
../RTD/Can_43_FLEXCAN_TS_T40D34M70I1R0/src/FlexCAN_Ip.c:3560:9:FlexCAN_Ip_GetStartMode	24	static
../RTD/Can_43_FLEXCAN_TS_T40D34M70I1R0/src/FlexCAN_Ip.c:3581:23:FlexCAN_Ip_SetStartMode_Privileged	24	static
../RTD/Can_43_FLEXCAN_TS_T40D34M70I1R0/src/FlexCAN_Ip.c:3606:23:FlexCAN_Ip_SetStopMode_Privileged	24	static
../RTD/Can_43_FLEXCAN_TS_T40D34M70I1R0/src/FlexCAN_Ip.c:3640:23:FlexCAN_Ip_SetRxMaskType_Privileged	32	static
../RTD/Can_43_FLEXCAN_TS_T40D34M70I1R0/src/FlexCAN_Ip.c:3694:23:FlexCAN_Ip_SetBitrate_Privileged	32	static
../RTD/Can_43_FLEXCAN_TS_T40D34M70I1R0/src/FlexCAN_Ip.c:3769:9:FlexCAN_Ip_GetBitrate	24	static
../RTD/Can_43_FLEXCAN_TS_T40D34M70I1R0/src/FlexCAN_Ip.c:3809:6:FlexCAN_Ip_ClearTDCFail	24	static
../RTD/Can_43_FLEXCAN_TS_T40D34M70I1R0/src/FlexCAN_Ip.c:3841:9:FlexCAN_Ip_GetTDCFail	24	static
../RTD/Can_43_FLEXCAN_TS_T40D34M70I1R0/src/FlexCAN_Ip.c:3871:7:FlexCAN_Ip_GetTDCValue	24	static
../RTD/Can_43_FLEXCAN_TS_T40D34M70I1R0/src/FlexCAN_Ip.c:3904:23:FlexCAN_Ip_SetBitrateCbt_Privileged	32	static
../RTD/Can_43_FLEXCAN_TS_T40D34M70I1R0/src/FlexCAN_Ip.c:3971:9:FlexCAN_Ip_GetBitrateFD	24	static
../RTD/Can_43_FLEXCAN_TS_T40D34M70I1R0/src/FlexCAN_Ip.c:4004:23:FlexCAN_Ip_SetTDCOffset_Privileged	32	static
../RTD/Can_43_FLEXCAN_TS_T40D34M70I1R0/src/FlexCAN_Ip.c:4067:23:FlexCAN_Ip_SetTxArbitrationStartDelay_Privileged	32	static
../RTD/Can_43_FLEXCAN_TS_T40D34M70I1R0/src/FlexCAN_Ip.c:4118:9:FlexCAN_Ip_GetBuffStatusFlag	24	static
../RTD/Can_43_FLEXCAN_TS_T40D34M70I1R0/src/FlexCAN_Ip.c:4146:6:FlexCAN_Ip_ClearBuffStatusFlag	24	static
../RTD/Can_43_FLEXCAN_TS_T40D34M70I1R0/src/FlexCAN_Ip.c:4172:23:FlexCAN_Ip_EnableInterrupts_Privileged	32	static
../RTD/Can_43_FLEXCAN_TS_T40D34M70I1R0/src/FlexCAN_Ip.c:4207:23:FlexCAN_Ip_DisableInterrupts_Privileged	32	static
../RTD/Can_43_FLEXCAN_TS_T40D34M70I1R0/src/FlexCAN_Ip.c:4240:23:FlexCAN_Ip_SetErrorInt_Privileged	32	static
../RTD/Can_43_FLEXCAN_TS_T40D34M70I1R0/src/FlexCAN_Ip.c:4337:23:FlexCAN_Ip_AbortTransfer	32	static
../RTD/Can_43_FLEXCAN_TS_T40D34M70I1R0/src/FlexCAN_Ip.c:4406:23:FlexCAN_Ip_SetRxMb14Mask_Privileged	32	static
../RTD/Can_43_FLEXCAN_TS_T40D34M70I1R0/src/FlexCAN_Ip.c:4443:23:FlexCAN_Ip_SetRxMb15Mask_Privileged	32	static
../RTD/Can_43_FLEXCAN_TS_T40D34M70I1R0/src/FlexCAN_Ip.c:4488:23:FlexCAN_Ip_SetListenOnlyMode_Privileged	32	static
../RTD/Can_43_FLEXCAN_TS_T40D34M70I1R0/src/FlexCAN_Ip.c:4538:9:FlexCAN_Ip_GetListenOnlyMode	24	static
../RTD/Can_43_FLEXCAN_TS_T40D34M70I1R0/src/FlexCAN_Ip.c:4602:23:FlexCAN_Ip_ManualBusOffRecovery	40	static
