../RTD/Can_43_FLEXCAN_TS_T40D34M70I1R0/src/FlexCAN_Ip_Irq.c:247:1:CAN0_ORED_IRQHandler	8	static
../RTD/Can_43_FLEXCAN_TS_T40D34M70I1R0/src/FlexCAN_Ip_Irq.c:257:1:CAN0_ORED_0_31_MB_IRQHandler	8	static
../RTD/Can_43_FLEXCAN_TS_T40D34M70I1R0/src/FlexCAN_Ip_Irq.c:264:1:CAN0_ORED_32_63_MB_IRQHandler	8	static
../RTD/Can_43_FLEXCAN_TS_T40D34M70I1R0/src/FlexCAN_Ip_Irq.c:272:1:CAN0_ORED_64_95_MB_IRQHandler	8	static
../RTD/Can_43_FLEXCAN_TS_T40D34M70I1R0/src/FlexCAN_Ip_Irq.c:280:1:CAN1_ORED_IRQHandler	8	static
../RTD/Can_43_FLEXCAN_TS_T40D34M70I1R0/src/FlexCAN_Ip_Irq.c:290:1:CAN1_ORED_0_31_MB_IRQHandler	8	static
../RTD/Can_43_FLEXCAN_TS_T40D34M70I1R0/src/FlexCAN_Ip_Irq.c:303:1:CAN1_ORED_32_63_MB_IRQHandler	8	static
../RTD/Can_43_FLEXCAN_TS_T40D34M70I1R0/src/FlexCAN_Ip_Irq.c:322:1:CAN2_ORED_IRQHandler	8	static
../RTD/Can_43_FLEXCAN_TS_T40D34M70I1R0/src/FlexCAN_Ip_Irq.c:332:1:CAN2_ORED_0_31_MB_IRQHandler	8	static
../RTD/Can_43_FLEXCAN_TS_T40D34M70I1R0/src/FlexCAN_Ip_Irq.c:345:1:CAN2_ORED_32_63_MB_IRQHandler	8	static
../RTD/Can_43_FLEXCAN_TS_T40D34M70I1R0/src/FlexCAN_Ip_Irq.c:364:1:CAN3_ORED_IRQHandler	8	static
../RTD/Can_43_FLEXCAN_TS_T40D34M70I1R0/src/FlexCAN_Ip_Irq.c:374:1:CAN3_ORED_0_31_MB_IRQHandler	8	static
../RTD/Can_43_FLEXCAN_TS_T40D34M70I1R0/src/FlexCAN_Ip_Irq.c:393:1:CAN4_ORED_IRQHandler	8	static
../RTD/Can_43_FLEXCAN_TS_T40D34M70I1R0/src/FlexCAN_Ip_Irq.c:403:1:CAN4_ORED_0_31_MB_IRQHandler	8	static
../RTD/Can_43_FLEXCAN_TS_T40D34M70I1R0/src/FlexCAN_Ip_Irq.c:422:1:CAN5_ORED_IRQHandler	8	static
../RTD/Can_43_FLEXCAN_TS_T40D34M70I1R0/src/FlexCAN_Ip_Irq.c:432:1:CAN5_ORED_0_31_MB_IRQHandler	8	static
