D:/S32K344_DEMO2/S32K344_DEMO2/RTD/Can_43_FLEXCAN_TS_T40D34M70I1R0/include/FlexCAN_Ip_HwAccess.h:686:23:FlexCAN_IsFDEnabled	8	static
D:/S32K344_DEMO2/S32K344_DEMO2/RTD/Can_43_FLEXCAN_TS_T40D34M70I1R0/include/FlexCAN_Ip_HwAccess.h:1163:20:FlexCAN_SetSelfReception	8	static
D:/S32K344_DEMO2/S32K344_DEMO2/RTD/Can_43_FLEXCAN_TS_T40D34M70I1R0/include/FlexCAN_Ip_HwAccess.h:1222:20:FlexCAN_SetIsoCan	8	static
D:/S32K344_DEMO2/S32K344_DEMO2/RTD/Can_43_FLEXCAN_TS_T40D34M70I1R0/include/FlexCAN_Ip_HwAccess.h:1235:20:FlexCAN_SetEntireFrameArbitrationFieldComparison	8	static
D:/S32K344_DEMO2/S32K344_DEMO2/RTD/Can_43_FLEXCAN_TS_T40D34M70I1R0/include/FlexCAN_Ip_HwAccess.h:1246:20:FlexCAN_SetProtocolException	8	static
D:/S32K344_DEMO2/S32K344_DEMO2/RTD/Can_43_FLEXCAN_TS_T40D34M70I1R0/include/FlexCAN_Ip_HwAccess.h:1258:20:FlexCAN_SetRemoteReqStore	8	static
D:/S32K344_DEMO2/S32K344_DEMO2/RTD/Can_43_FLEXCAN_TS_T40D34M70I1R0/include/FlexCAN_Ip_HwAccess.h:1268:20:FlexCAN_SetBusOffAutorecovery	8	static
D:/S32K344_DEMO2/S32K344_DEMO2/RTD/Can_43_FLEXCAN_TS_T40D34M70I1R0/include/FlexCAN_Ip_HwAccess.h:1279:20:FlexCAN_SetEdgeFilter	8	static
D:/S32K344_DEMO2/S32K344_DEMO2/RTD/Can_43_FLEXCAN_TS_T40D34M70I1R0/include/FlexCAN_Ip_HwAccess.h:1290:20:FlexCAN_CanBitSampling	8	static
D:/S32K344_DEMO2/S32K344_DEMO2/RTD/Can_43_FLEXCAN_TS_T40D34M70I1R0/include/FlexCAN_Ip_HwAccess.h:1313:20:FlexCAN_SetLowestBufferTransmittedFirst	8	static
D:/S32K344_DEMO2/S32K344_DEMO2/RTD/Can_43_FLEXCAN_TS_T40D34M70I1R0/include/FlexCAN_Ip_HwAccess.h:1477:23:FlexCAN_IsRxFifoEnabled	8	static
../RTD/Can_43_FLEXCAN_TS_T40D34M70I1R0/src/FlexCAN_Ip_HwAccess.c:207:14:FlexCAN_ComputeDLCValue	16	static
../RTD/Can_43_FLEXCAN_TS_T40D34M70I1R0/src/FlexCAN_Ip_HwAccess.c:252:13:FlexCAN_ClearRAM	32	static
../RTD/Can_43_FLEXCAN_TS_T40D34M70I1R0/src/FlexCAN_Ip_HwAccess.c:300:13:FlexCAN_SetRxFifoFilterFormatA	24	static
../RTD/Can_43_FLEXCAN_TS_T40D34M70I1R0/src/FlexCAN_Ip_HwAccess.c:339:13:FlexCAN_SetRxFifoFilterFormatB	32	static
../RTD/Can_43_FLEXCAN_TS_T40D34M70I1R0/src/FlexCAN_Ip_HwAccess.c:408:13:FlexCAN_SetRxFifoFilterFormatC	24	static
../RTD/Can_43_FLEXCAN_TS_T40D34M70I1R0/src/FlexCAN_Ip_HwAccess.c:490:13:FlexCAN_SetEnhancedRxFifoFilterStandardFormat	16	static
../RTD/Can_43_FLEXCAN_TS_T40D34M70I1R0/src/FlexCAN_Ip_HwAccess.c:541:13:FlexCAN_SetEnhancedRxFifoFilterExtendedFormat	16	static
../RTD/Can_43_FLEXCAN_TS_T40D34M70I1R0/src/FlexCAN_Ip_HwAccess.c:598:7:FlexCAN_ComputePayloadSize	16	static
../RTD/Can_43_FLEXCAN_TS_T40D34M70I1R0/src/FlexCAN_Ip_HwAccess.c:651:19:FlexCAN_GetMsgBuffRegion	56	static
../RTD/Can_43_FLEXCAN_TS_T40D34M70I1R0/src/FlexCAN_Ip_HwAccess.c:699:8:FlexCAN_GetMaxMbNum	16	static
../RTD/Can_43_FLEXCAN_TS_T40D34M70I1R0/src/FlexCAN_Ip_HwAccess.c:724:23:FlexCAN_EnterFreezeMode	32	static
../RTD/Can_43_FLEXCAN_TS_T40D34M70I1R0/src/FlexCAN_Ip_HwAccess.c:767:23:FlexCAN_Enable	32	static
../RTD/Can_43_FLEXCAN_TS_T40D34M70I1R0/src/FlexCAN_Ip_HwAccess.c:806:23:FlexCAN_ExitFreezeMode	32	static
../RTD/Can_43_FLEXCAN_TS_T40D34M70I1R0/src/FlexCAN_Ip_HwAccess.c:845:23:FlexCAN_Disable	32	static
../RTD/Can_43_FLEXCAN_TS_T40D34M70I1R0/src/FlexCAN_Ip_HwAccess.c:889:6:FlexCAN_SetErrIntCmd	32	static
../RTD/Can_43_FLEXCAN_TS_T40D34M70I1R0/src/FlexCAN_Ip_HwAccess.c:945:23:FlexCAN_Init	32	static
../RTD/Can_43_FLEXCAN_TS_T40D34M70I1R0/src/FlexCAN_Ip_HwAccess.c:1042:23:FlexCAN_EnableRxFifo	32	static
../RTD/Can_43_FLEXCAN_TS_T40D34M70I1R0/src/FlexCAN_Ip_HwAccess.c:1081:6:FlexCAN_SetPayloadSize	24	static
../RTD/Can_43_FLEXCAN_TS_T40D34M70I1R0/src/FlexCAN_Ip_HwAccess.c:1128:14:FlexCAN_GetPayloadSize	16	static
../RTD/Can_43_FLEXCAN_TS_T40D34M70I1R0/src/FlexCAN_Ip_HwAccess.c:1162:7:FlexCAN_GetMbPayloadSize	40	static
../RTD/Can_43_FLEXCAN_TS_T40D34M70I1R0/src/FlexCAN_Ip_HwAccess.c:1197:6:FlexCAN_LockRxMsgBuff	24	static
../RTD/Can_43_FLEXCAN_TS_T40D34M70I1R0/src/FlexCAN_Ip_HwAccess.c:1211:23:FlexCAN_SetMsgBuffIntCmd	32	static
../RTD/Can_43_FLEXCAN_TS_T40D34M70I1R0/src/FlexCAN_Ip_HwAccess.c:1335:6:FLEXCAN_ClearMsgBuffIntCmd	32	static
../RTD/Can_43_FLEXCAN_TS_T40D34M70I1R0/src/FlexCAN_Ip_HwAccess.c:1401:6:FlexCAN_DisableInterrupts	16	static
../RTD/Can_43_FLEXCAN_TS_T40D34M70I1R0/src/FlexCAN_Ip_HwAccess.c:1424:6:FlexCAN_EnableInterrupts	16	static
../RTD/Can_43_FLEXCAN_TS_T40D34M70I1R0/src/FlexCAN_Ip_HwAccess.c:1456:6:FlexCAN_SetRxMsgBuff	32	static
../RTD/Can_43_FLEXCAN_TS_T40D34M70I1R0/src/FlexCAN_Ip_HwAccess.c:1510:8:FlexCAN_GetMsgBuffTimestamp	24	static
../RTD/Can_43_FLEXCAN_TS_T40D34M70I1R0/src/FlexCAN_Ip_HwAccess.c:1539:6:FlexCAN_GetMsgBuff	56	static
../RTD/Can_43_FLEXCAN_TS_T40D34M70I1R0/src/FlexCAN_Ip_HwAccess.c:1617:6:FlexCAN_SetTxMsgBuff	56	static
../RTD/Can_43_FLEXCAN_TS_T40D34M70I1R0/src/FlexCAN_Ip_HwAccess.c:1728:23:FlexCAN_SetMaxMsgBuffNum	72	static
../RTD/Can_43_FLEXCAN_TS_T40D34M70I1R0/src/FlexCAN_Ip_HwAccess.c:1792:6:FlexCAN_SetOperationMode	16	static
../RTD/Can_43_FLEXCAN_TS_T40D34M70I1R0/src/FlexCAN_Ip_HwAccess.c:1820:6:FlexCAN_SetRxFifoFilter	24	static
../RTD/Can_43_FLEXCAN_TS_T40D34M70I1R0/src/FlexCAN_Ip_HwAccess.c:1857:6:FlexCAN_ReadRxFifo	48	static
../RTD/Can_43_FLEXCAN_TS_T40D34M70I1R0/src/FlexCAN_Ip_HwAccess.c:1914:6:FlexCAN_ReadEnhancedRxFifo	56	static
../RTD/Can_43_FLEXCAN_TS_T40D34M70I1R0/src/FlexCAN_Ip_HwAccess.c:1988:9:FlexCAN_IsMbOutOfRange	32	static
../RTD/Can_43_FLEXCAN_TS_T40D34M70I1R0/src/FlexCAN_Ip_HwAccess.c:2035:9:FlexCAN_IsEnhancedRxFifoAvailable	16	static
../RTD/Can_43_FLEXCAN_TS_T40D34M70I1R0/src/FlexCAN_Ip_HwAccess.c:2060:9:FlexCAN_IsEnhancedRxFifoEnabled	24	static
../RTD/Can_43_FLEXCAN_TS_T40D34M70I1R0/src/FlexCAN_Ip_HwAccess.c:2079:23:FlexCAN_EnableEnhancedRxFifo	32	static
../RTD/Can_43_FLEXCAN_TS_T40D34M70I1R0/src/FlexCAN_Ip_HwAccess.c:2136:6:FlexCAN_SetEnhancedRxFifoFilter	40	static
../RTD/Can_43_FLEXCAN_TS_T40D34M70I1R0/src/FlexCAN_Ip_HwAccess.c:2349:6:FlexCAN_ConfigCtrlOptions	16	static
../RTD/Can_43_FLEXCAN_TS_T40D34M70I1R0/src/FlexCAN_Ip_HwAccess.c:2440:6:FlexCAN_ResetImaskBuff	16	static
../RTD/Can_43_FLEXCAN_TS_T40D34M70I1R0/src/FlexCAN_Ip_HwAccess.c:2456:7:FlexCAN_GetStopMode	8	static
../RTD/Can_43_FLEXCAN_TS_T40D34M70I1R0/src/FlexCAN_Ip_HwAccess.c:2467:7:FlexCAN_GetStartMode	8	static
../RTD/Can_43_FLEXCAN_TS_T40D34M70I1R0/src/FlexCAN_Ip_HwAccess.c:2579:6:FlexCAN_DisableMemErrorDetection	8	static
