../RTD/Dio_TS_T40D34M70I1R0/src/Siul2_Dio_Ip.c:214:22:Siul2_Dio_Ip_Rev_Bit_16	16	static
../RTD/Dio_TS_T40D34M70I1R0/src/Siul2_Dio_Ip.c:228:20:Siul2_Dio_Ip_WriteGPDOValue	8	static
../RTD/Dio_TS_T40D34M70I1R0/src/Siul2_Dio_Ip.c:239:16:Siul2_Dio_Ip_WritePinRunTime	24	static
../RTD/Dio_TS_T40D34M70I1R0/src/Siul2_Dio_Ip.c:266:6:Siul2_Dio_Ip_WritePin	16	static
../RTD/Dio_TS_T40D34M70I1R0/src/Siul2_Dio_Ip.c:283:6:Siul2_Dio_Ip_SetGPDO	16	static
../RTD/Dio_TS_T40D34M70I1R0/src/Siul2_Dio_Ip.c:295:6:Siul2_Dio_Ip_ClearGPDO	16	static
../RTD/Dio_TS_T40D34M70I1R0/src/Siul2_Dio_Ip.c:309:16:Siul2_Dio_Ip_WritePinsRunTime	16	static
../RTD/Dio_TS_T40D34M70I1R0/src/Siul2_Dio_Ip.c:323:6:Siul2_Dio_Ip_WritePins	16	static
../RTD/Dio_TS_T40D34M70I1R0/src/Siul2_Dio_Ip.c:338:40:Siul2_Dio_Ip_GetPinsOutputRunTime	24	static
../RTD/Dio_TS_T40D34M70I1R0/src/Siul2_Dio_Ip.c:352:30:Siul2_Dio_Ip_GetPinsOutput	24	static
../RTD/Dio_TS_T40D34M70I1R0/src/Siul2_Dio_Ip.c:367:16:Siul2_Dio_Ip_SetPinsRunTime	16	static
../RTD/Dio_TS_T40D34M70I1R0/src/Siul2_Dio_Ip.c:382:6:Siul2_Dio_Ip_SetPins	16	static
../RTD/Dio_TS_T40D34M70I1R0/src/Siul2_Dio_Ip.c:397:16:Siul2_Dio_Ip_ClearPinsRunTime	16	static
../RTD/Dio_TS_T40D34M70I1R0/src/Siul2_Dio_Ip.c:412:6:Siul2_Dio_Ip_ClearPins	16	static
../RTD/Dio_TS_T40D34M70I1R0/src/Siul2_Dio_Ip.c:426:16:Siul2_Dio_Ip_TogglePinsRunTime	16	static
../RTD/Dio_TS_T40D34M70I1R0/src/Siul2_Dio_Ip.c:440:6:Siul2_Dio_Ip_TogglePins	16	static
../RTD/Dio_TS_T40D34M70I1R0/src/Siul2_Dio_Ip.c:454:40:Siul2_Dio_Ip_ReadPinsRunTime	24	static
../RTD/Dio_TS_T40D34M70I1R0/src/Siul2_Dio_Ip.c:468:30:Siul2_Dio_Ip_ReadPins	24	static
../RTD/Dio_TS_T40D34M70I1R0/src/Siul2_Dio_Ip.c:482:38:Siul2_Dio_Ip_ReadPinRunTime	24	static
../RTD/Dio_TS_T40D34M70I1R0/src/Siul2_Dio_Ip.c:498:28:Siul2_Dio_Ip_ReadPin	24	static
../RTD/Dio_TS_T40D34M70I1R0/src/Siul2_Dio_Ip.c:516:16:Siul2_Dio_Ip_MaskedWritePinsRunTime	24	static
../RTD/Dio_TS_T40D34M70I1R0/src/Siul2_Dio_Ip.c:542:6:Siul2_Dio_Ip_MaskedWritePins	16	static
