../RTD/Adc_TS_T40D34M70I1R0/src/Adc.c:602:20:Adc_ReportDetRuntimeError	16	static
../RTD/Adc_TS_T40D34M70I1R0/src/Adc.c:1242:30:Adc_ValidateNotBusyNoQueue	24	static
../RTD/Adc_TS_T40D34M70I1R0/src/Adc.c:1408:30:Adc_ValidateNotBusyNoPrio	24	static
../RTD/Adc_TS_T40D34M70I1R0/src/Adc.c:1467:30:Adc_ValidateCheckGroupNotConversion	32	static
../RTD/Adc_TS_T40D34M70I1R0/src/Adc.c:1504:30:Adc_ValidateDeInitNotBusy	24	static
../RTD/Adc_TS_T40D34M70I1R0/src/Adc.c:1544:30:Adc_ValidateSetupBufferNotBusy	24	static
../RTD/Adc_TS_T40D34M70I1R0/src/Adc.c:1572:30:Adc_ValidateStateStartGroupConvNotBusy	24	static
../RTD/Adc_TS_T40D34M70I1R0/src/Adc.c:1706:30:Adc_ValidateStateNotIdle	24	static
../RTD/Adc_TS_T40D34M70I1R0/src/Adc.c:1990:20:Adc_InitGroupsStatus	16	static
../RTD/Adc_TS_T40D34M70I1R0/src/Adc.c:2042:20:Adc_InitUnitStatus	16	static
../RTD/Adc_TS_T40D34M70I1R0/src/Adc.c:2096:30:Adc_CheckCurrentUserId	16	static
../RTD/Adc_TS_T40D34M70I1R0/src/Adc.c:2203:20:Adc_UpdateStatusStartConversion	24	static
../RTD/Adc_TS_T40D34M70I1R0/src/Adc.c:2337:30:Adc_StopSwGroupConversion	24	static
../RTD/Adc_TS_T40D34M70I1R0/src/Adc.c:2417:20:Adc_UpdateStatusStopConversion	40	static
../RTD/Adc_TS_T40D34M70I1R0/src/Adc.c:2506:20:Adc_UpdateStatusReadGroup	24	static
../RTD/Adc_TS_T40D34M70I1R0/src/Adc.c:2521:20:Adc_UpdateStatusReadGroupNoInt	24	static
../RTD/Adc_TS_T40D34M70I1R0/src/Adc.c:2563:20:Adc_UpdateSwQueueIndexNoInt	24	static
../RTD/Adc_TS_T40D34M70I1R0/src/Adc.c:2618:20:Adc_UpdateStatusReadGroupInt	16	static
../RTD/Adc_TS_T40D34M70I1R0/src/Adc.c:2770:20:Adc_UpdateStatusAfterGetStream	16	static
../RTD/Adc_TS_T40D34M70I1R0/src/Adc.c:3329:6:Adc_Init	24	static
../RTD/Adc_TS_T40D34M70I1R0/src/Adc.c:3410:16:Adc_SetupResultBuffer	24	static
../RTD/Adc_TS_T40D34M70I1R0/src/Adc.c:3467:6:Adc_DeInit	16	static
../RTD/Adc_TS_T40D34M70I1R0/src/Adc.c:3512:6:Adc_StartGroupConversion	24	static
../RTD/Adc_TS_T40D34M70I1R0/src/Adc.c:3557:6:Adc_StopGroupConversion	24	static
../RTD/Adc_TS_T40D34M70I1R0/src/Adc.c:3600:16:Adc_ReadGroup	24	static
../RTD/Adc_TS_T40D34M70I1R0/src/Adc.c:3643:16:Adc_GetGroupStatus	16	static
../RTD/Adc_TS_T40D34M70I1R0/src/Adc.c:3767:6:Adc_EnableGroupNotification	8	static
../RTD/Adc_TS_T40D34M70I1R0/src/Adc.c:3798:6:Adc_DisableGroupNotification	8	static
../RTD/Adc_TS_T40D34M70I1R0/src/Adc.c:3830:25:Adc_GetStreamLastPointer	24	static
../RTD/Adc_TS_T40D34M70I1R0/src/Adc.c:3917:6:Adc_GetVersionInfo	8	static
../RTD/Adc_TS_T40D34M70I1R0/src/Adc.c:4569:6:Adc_Calibrate	24	static
