../RTD/Adc_TS_T40D34M70I1R0/src/Adc_Ipw.c:528:6:Adc_Ipw_RemoveFromQueue	24	static
../RTD/Adc_TS_T40D34M70I1R0/src/Adc_Ipw.c:556:6:Adc_Ipw_GetCmrRegister	16	static
../RTD/Adc_TS_T40D34M70I1R0/src/Adc_Ipw.c:1565:20:Adc_Ipw_PrepareGroupStart	24	static
../RTD/Adc_TS_T40D34M70I1R0/src/Adc_Ipw.c:1635:13:Adc_Ipw_StartNormalConversionAdcSar	32	static
../RTD/Adc_TS_T40D34M70I1R0/src/Adc_Ipw.c:2350:6:Adc_Ipw_ClearValidBit	24	static
../RTD/Adc_TS_T40D34M70I1R0/src/Adc_Ipw.c:2393:16:Adc_Ipw_Init	24	static
../RTD/Adc_TS_T40D34M70I1R0/src/Adc_Ipw.c:2480:16:Adc_Ipw_DeInit	24	static
../RTD/Adc_TS_T40D34M70I1R0/src/Adc_Ipw.c:2619:6:Adc_Ipw_StartNormalConversion	40	static
../RTD/Adc_TS_T40D34M70I1R0/src/Adc_Ipw.c:2752:23:Adc_Ipw_StopCurrentConversionAdcSar	24	static
../RTD/Adc_TS_T40D34M70I1R0/src/Adc_Ipw.c:2833:16:Adc_Ipw_StopCurrentConversion	24	static
../RTD/Adc_TS_T40D34M70I1R0/src/Adc_Ipw.c:3409:41:Adc_Ipw_CalculateLastChan	40	static
../RTD/Adc_TS_T40D34M70I1R0/src/Adc_Ipw.c:3552:30:Adc_Ipw_GetChanResultNoInt	64	static
../RTD/Adc_TS_T40D34M70I1R0/src/Adc_Ipw.c:3757:30:Adc_Ipw_ReadGroupNoInt	56	static
../RTD/Adc_TS_T40D34M70I1R0/src/Adc_Ipw.c:3805:30:Adc_Ipw_ReadGroupAdcSar	40	static
../RTD/Adc_TS_T40D34M70I1R0/src/Adc_Ipw.c:3858:20:Adc_Ipw_ReadGroupIntAdcSar	32	static
../RTD/Adc_TS_T40D34M70I1R0/src/Adc_Ipw.c:4149:16:Adc_Ipw_ReadGroup	32	static
../RTD/Adc_TS_T40D34M70I1R0/src/Adc_Ipw.c:4219:23:Adc_Ipw_IsValueInRange	24	static
../RTD/Adc_TS_T40D34M70I1R0/src/Adc_Ipw.c:4303:9:Adc_Ipw_CheckConversionValuesInRange	40	static
../RTD/Adc_TS_T40D34M70I1R0/src/Adc_Ipw.c:4743:6:Adc_Ipw_Calibrate	24	static
../RTD/Adc_TS_T40D34M70I1R0/src/Adc_Ipw.c:5324:7:Adc_GetUserID	8	static
