D:/ProjectTestNXP/S32K344_DEMO/S32K344_DEMO/RTD/Adc_TS_T40D34M70I1R0/include/Adc_Sar_Ip_HeaderWrapper_S32K3.h:56:32:Adc_GetRegRefer	8	static
../RTD/Adc_TS_T40D34M70I1R0/src/Adc_Sar_Ip.c:420:20:Adc_Sar_Powerup	16	static
../RTD/Adc_TS_T40D34M70I1R0/src/Adc_Sar_Ip.c:437:20:Adc_Sar_Powerdown	16	static
../RTD/Adc_TS_T40D34M70I1R0/src/Adc_Sar_Ip.c:454:20:Adc_Sar_WriteThresholds	32	static
../RTD/Adc_TS_T40D34M70I1R0/src/Adc_Sar_Ip.c:567:20:Adc_Sar_ResetWdogCWSELR	24	static
../RTD/Adc_TS_T40D34M70I1R0/src/Adc_Sar_Ip.c:597:21:Adc_Sar_GetResolution	24	static
../RTD/Adc_TS_T40D34M70I1R0/src/Adc_Sar_Ip.c:837:22:Adc_Sar_GetMaskedResult	32	static
../RTD/Adc_TS_T40D34M70I1R0/src/Adc_Sar_Ip.c:891:22:Adc_Sar_GetMsrFlags	24	static
../RTD/Adc_TS_T40D34M70I1R0/src/Adc_Sar_Ip.c:930:22:Adc_Sar_GetIsrFlags	24	static
../RTD/Adc_TS_T40D34M70I1R0/src/Adc_Sar_Ip.c:966:22:Adc_Sar_GetADCLKSELValue	8	static
../RTD/Adc_TS_T40D34M70I1R0/src/Adc_Sar_Ip.c:997:22:Adc_Sar_CollectMcrMasks	32	static
../RTD/Adc_TS_T40D34M70I1R0/src/Adc_Sar_Ip.c:1113:20:Adc_Sar_ConfigChannels	96	static
../RTD/Adc_TS_T40D34M70I1R0/src/Adc_Sar_Ip.c:1264:15:Adc_Sar_GetConvResults	96	static
../RTD/Adc_TS_T40D34M70I1R0/src/Adc_Sar_Ip.c:1357:13:Adc_Sar_ResetWdog	24	static
../RTD/Adc_TS_T40D34M70I1R0/src/Adc_Sar_Ip.c:1406:37:Adc_Sar_CheckFlagWithTimeout	40	static
../RTD/Adc_TS_T40D34M70I1R0/src/Adc_Sar_Ip.c:1805:6:Adc_Sar_Ip_IRQHandler	8	static
../RTD/Adc_TS_T40D34M70I1R0/src/Adc_Sar_Ip.c:1943:20:Adc_Sar_SetNormalChain	24	static
../RTD/Adc_TS_T40D34M70I1R0/src/Adc_Sar_Ip.c:1965:20:Adc_Sar_SetInjectedChain	24	static
../RTD/Adc_TS_T40D34M70I1R0/src/Adc_Sar_Ip.c:1990:22:Adc_Sar_GetValueFromBool	16	static
../RTD/Adc_TS_T40D34M70I1R0/src/Adc_Sar_Ip.c:2004:37:Adc_Sar_CalibrationClkSelect	32	static
../RTD/Adc_TS_T40D34M70I1R0/src/Adc_Sar_Ip.c:2037:37:Adc_Sar_CalibrationClkRestore	40	static
../RTD/Adc_TS_T40D34M70I1R0/src/Adc_Sar_Ip.c:2082:20:Adc_Sar_SetupCalibration	24	static
../RTD/Adc_TS_T40D34M70I1R0/src/Adc_Sar_Ip.c:2115:20:Adc_Sar_EnableHighSpeed	16	static
../RTD/Adc_TS_T40D34M70I1R0/src/Adc_Sar_Ip.c:2142:23:Adc_Sar_Ip_Init	48	static
../RTD/Adc_TS_T40D34M70I1R0/src/Adc_Sar_Ip.c:2336:23:Adc_Sar_Ip_Deinit	136	static
../RTD/Adc_TS_T40D34M70I1R0/src/Adc_Sar_Ip.c:2475:6:Adc_Sar_Ip_ChainConfig	24	static
../RTD/Adc_TS_T40D34M70I1R0/src/Adc_Sar_Ip.c:2518:6:Adc_Sar_Ip_EnableChannel	48	static
../RTD/Adc_TS_T40D34M70I1R0/src/Adc_Sar_Ip.c:2577:6:Adc_Sar_Ip_DisableChannel	48	static
../RTD/Adc_TS_T40D34M70I1R0/src/Adc_Sar_Ip.c:2636:6:Adc_Sar_Ip_SetResolution	32	static
../RTD/Adc_TS_T40D34M70I1R0/src/Adc_Sar_Ip.c:2679:6:Adc_Sar_Ip_StartConversion	24	static
../RTD/Adc_TS_T40D34M70I1R0/src/Adc_Sar_Ip.c:2725:8:Adc_Sar_Ip_GetStatusFlags	24	static
../RTD/Adc_TS_T40D34M70I1R0/src/Adc_Sar_Ip.c:2749:6:Adc_Sar_Ip_ClearStatusFlags	24	static
../RTD/Adc_TS_T40D34M70I1R0/src/Adc_Sar_Ip.c:3013:8:Adc_Sar_Ip_GetConvDataToArray	32	static
../RTD/Adc_TS_T40D34M70I1R0/src/Adc_Sar_Ip.c:3033:8:Adc_Sar_Ip_GetConvResultsToArray	32	static
../RTD/Adc_TS_T40D34M70I1R0/src/Adc_Sar_Ip.c:3052:8:Adc_Sar_Ip_GetConvData	40	static
../RTD/Adc_TS_T40D34M70I1R0/src/Adc_Sar_Ip.c:3103:6:Adc_Sar_Ip_GetConvResult	48	static
../RTD/Adc_TS_T40D34M70I1R0/src/Adc_Sar_Ip.c:3166:23:Adc_Sar_Ip_DoCalibration	40	static
../RTD/Adc_TS_T40D34M70I1R0/src/Adc_Sar_Ip.c:3252:23:Adc_Sar_Ip_Powerup	48	static
../RTD/Adc_TS_T40D34M70I1R0/src/Adc_Sar_Ip.c:3319:23:Adc_Sar_Ip_Powerdown	48	static
../RTD/Adc_TS_T40D34M70I1R0/src/Adc_Sar_Ip.c:3622:23:Adc_Sar_Ip_SetClockMode	40	static
../RTD/Adc_TS_T40D34M70I1R0/src/Adc_Sar_Ip.c:3703:6:Adc_Sar_Ip_SetSampleTimes	24	static
../RTD/Adc_TS_T40D34M70I1R0/src/Adc_Sar_Ip.c:3732:6:Adc_Sar_Ip_SetAveraging	32	static
../RTD/Adc_TS_T40D34M70I1R0/src/Adc_Sar_Ip.c:3765:6:Adc_Sar_Ip_AbortConversion	24	static
../RTD/Adc_TS_T40D34M70I1R0/src/Adc_Sar_Ip.c:3794:23:Adc_Sar_Ip_AbortChain	48	static
../RTD/Adc_TS_T40D34M70I1R0/src/Adc_Sar_Ip.c:3888:6:Adc_Sar_Ip_SetPresamplingSource	40	static
../RTD/Adc_TS_T40D34M70I1R0/src/Adc_Sar_Ip.c:3958:6:Adc_Sar_Ip_EnableChannelPresampling	32	static
../RTD/Adc_TS_T40D34M70I1R0/src/Adc_Sar_Ip.c:3997:6:Adc_Sar_Ip_DisableChannelPresampling	32	static
../RTD/Adc_TS_T40D34M70I1R0/src/Adc_Sar_Ip.c:4038:6:Adc_Sar_Ip_EnablePresampleConversion	24	static
../RTD/Adc_TS_T40D34M70I1R0/src/Adc_Sar_Ip.c:4069:6:Adc_Sar_Ip_DisablePresampleConversion	24	static
../RTD/Adc_TS_T40D34M70I1R0/src/Adc_Sar_Ip.c:4101:6:Adc_Sar_Ip_EnableDma	24	static
../RTD/Adc_TS_T40D34M70I1R0/src/Adc_Sar_Ip.c:4124:6:Adc_Sar_Ip_DisableDma	24	static
../RTD/Adc_TS_T40D34M70I1R0/src/Adc_Sar_Ip.c:4148:6:Adc_Sar_Ip_EnableChannelDma	32	static
../RTD/Adc_TS_T40D34M70I1R0/src/Adc_Sar_Ip.c:4182:6:Adc_Sar_Ip_DisableChannelDma	32	static
../RTD/Adc_TS_T40D34M70I1R0/src/Adc_Sar_Ip.c:4216:6:Adc_Sar_Ip_DisableChannelDmaAll	32	static
../RTD/Adc_TS_T40D34M70I1R0/src/Adc_Sar_Ip.c:4243:6:Adc_Sar_Ip_SetDmaClearSource	24	static
../RTD/Adc_TS_T40D34M70I1R0/src/Adc_Sar_Ip.c:4352:6:Adc_Sar_Ip_SetConversionMode	32	static
../RTD/Adc_TS_T40D34M70I1R0/src/Adc_Sar_Ip.c:4403:23:Adc_Sar_Ip_SetCtuMode	32	static
../RTD/Adc_TS_T40D34M70I1R0/src/Adc_Sar_Ip.c:4534:6:Adc_Sar_Ip_SetUserGainAndOffset	16	static
../RTD/Adc_TS_T40D34M70I1R0/src/Adc_Sar_Ip.c:4840:8:Adc_Sar_Ip_GetDataAddress	16	static
