../RTD/Adc_TS_T40D34M70I1R0/src/Bctu_Ip.c:229:20:Bctu_ConfigInstance	24	static
../RTD/Adc_TS_T40D34M70I1R0/src/Bctu_Ip.c:263:6:Bctu_Ip_Init	32	static
../RTD/Adc_TS_T40D34M70I1R0/src/Bctu_Ip.c:305:20:Bctu_ResetRegistersDeinit	24	static
../RTD/Adc_TS_T40D34M70I1R0/src/Bctu_Ip.c:339:20:Bctu_Ip_Deinit	96	static
../RTD/Adc_TS_T40D34M70I1R0/src/Bctu_Ip.c:410:6:Bctu_Ip_SetGlobalTriggerEn	24	static
../RTD/Adc_TS_T40D34M70I1R0/src/Bctu_Ip.c:442:6:Bctu_Ip_SetLowPowerMode	24	static
../RTD/Adc_TS_T40D34M70I1R0/src/Bctu_Ip.c:474:8:Bctu_Ip_GetStatusFlags	24	static
../RTD/Adc_TS_T40D34M70I1R0/src/Bctu_Ip.c:526:6:Bctu_Ip_ClearStatusFlags	32	static
../RTD/Adc_TS_T40D34M70I1R0/src/Bctu_Ip.c:588:20:Bctu_Ip_ConfigTrigger	32	static
../RTD/Adc_TS_T40D34M70I1R0/src/Bctu_Ip.c:672:20:Bctu_Ip_SetTriggerChnListAddr	32	static
../RTD/Adc_TS_T40D34M70I1R0/src/Bctu_Ip.c:711:6:Bctu_Ip_EnableHwTrigger	24	static
../RTD/Adc_TS_T40D34M70I1R0/src/Bctu_Ip.c:740:6:Bctu_Ip_DisableHwTrigger	24	static
../RTD/Adc_TS_T40D34M70I1R0/src/Bctu_Ip.c:771:6:Bctu_Ip_StopLoopConversions	24	static
../RTD/Adc_TS_T40D34M70I1R0/src/Bctu_Ip.c:803:6:Bctu_Ip_ConfigChanList	40	static
../RTD/Adc_TS_T40D34M70I1R0/src/Bctu_Ip.c:837:6:Bctu_Ip_ConfigChanListSimple	40	static
../RTD/Adc_TS_T40D34M70I1R0/src/Bctu_Ip.c:867:20:Bctu_ConfigMultiAdcSubLists	40	static
../RTD/Adc_TS_T40D34M70I1R0/src/Bctu_Ip.c:904:6:Bctu_Ip_SwTriggerConversion	24	static
../RTD/Adc_TS_T40D34M70I1R0/src/Bctu_Ip.c:956:8:Bctu_Ip_GetConvData	32	static
../RTD/Adc_TS_T40D34M70I1R0/src/Bctu_Ip.c:987:6:Bctu_Ip_GetConvResult	40	static
../RTD/Adc_TS_T40D34M70I1R0/src/Bctu_Ip.c:1024:8:Bctu_Ip_GetFifoData	40	static
../RTD/Adc_TS_T40D34M70I1R0/src/Bctu_Ip.c:1090:6:Bctu_Ip_GetFifoResult	40	static
../RTD/Adc_TS_T40D34M70I1R0/src/Bctu_Ip.c:1153:6:Bctu_Ip_EnableNotifications	24	static
../RTD/Adc_TS_T40D34M70I1R0/src/Bctu_Ip.c:1205:6:Bctu_Ip_DisableNotifications	24	static
../RTD/Adc_TS_T40D34M70I1R0/src/Bctu_Ip.c:1252:6:Bctu_Ip_SetFifoWatermark	24	static
../RTD/Adc_TS_T40D34M70I1R0/src/Bctu_Ip.c:1296:7:Bctu_Ip_GetFifoCount	16	static
../RTD/Adc_TS_T40D34M70I1R0/src/Bctu_Ip.c:1338:22:Bctu_CollectMcrMasks	24	static
../RTD/Adc_TS_T40D34M70I1R0/src/Bctu_Ip.c:1371:22:Bctu_GetBitmask	8	static
../RTD/Adc_TS_T40D34M70I1R0/src/Bctu_Ip.c:1384:34:Bctu_PrepareReconfigNonBlocking	24	static
../RTD/Adc_TS_T40D34M70I1R0/src/Bctu_Ip.c:1423:34:Bctu_PrepareReconfigBlocking	32	static
../RTD/Adc_TS_T40D34M70I1R0/src/Bctu_Ip.c:1470:20:Bctu_SetConvListElemWithTag	32	static
../RTD/Adc_TS_T40D34M70I1R0/src/Bctu_Ip.c:1510:20:Bctu_CheckAndCallNotification	24	static
../RTD/Adc_TS_T40D34M70I1R0/src/Bctu_Ip.c:1535:20:Bctu_CheckAndCallFifoNotification	40	static
../RTD/Adc_TS_T40D34M70I1R0/src/Bctu_Ip.c:1672:6:Bctu_Ip_IRQHandler	48	static
../RTD/Adc_TS_T40D34M70I1R0/src/Bctu_Ip.c:1724:20:Bctu_ConfigAndUpdateFifoNotification	48	static
../RTD/Adc_TS_T40D34M70I1R0/src/Bctu_Ip.c:1770:22:Bctu_GetResolutionScaledResult	16	static
