********************************************************************************
Build Execution started
********************************************************************************
Tool Version : ISOLAR-A/B 12.1.2 
Tool Build Id :20230413_1800
Date : Fri Jul 10 13:48:37 CST 2026
Project : S32K344_DEMO
********************************************************************************

Executing cluster:BSW_ACTIONS
The project does not provide any build actions to execute
********************************************************************************
Main build execution has started at 13:48:40:647 hh:mm:ss:ms 
********************************************************************************

Build Summary 
********************************************************************************
- Error :: There are no build actions found for the execution
 

Time taken for the complete build: 00:00:00:000
********************************************************************************
Build Execution started
********************************************************************************
Tool Version : ISOLAR-A/B 12.1.2 
Tool Build Id :20230413_1800
Date : Fri Dec 01 14:22:24 CST 2023
Project : S32K344_DEMO
********************************************************************************

Executing cluster:BSW_ACTIONS
The project does not provide any build actions to execute
********************************************************************************
Main build execution has started at 14:22:27:012 hh:mm:ss:ms 
********************************************************************************

Build Summary 
********************************************************************************
- Error :: There are no build actions found for the execution
 

Time taken for the complete build: 00:00:00:000
********************************************************************************
Build Execution started
********************************************************************************
Tool Version : ISOLAR-A/B 12.1.2 
Tool Build Id :20230413_1800
Date : Fri Dec 01 14:42:38 CST 2023
Project : S32K344_DEMO
********************************************************************************

Executing cluster:BSW_ACTIONS
The project does not provide any build actions to execute
********************************************************************************
Main build execution has started at 14:42:41:196 hh:mm:ss:ms 
********************************************************************************

Build Summary 
********************************************************************************
- Error :: There are no build actions found for the execution
 

Time taken for the complete build: 00:00:00:000
