D:/S32K344_DEMO2/S32K344_DEMO2/RTD/BaseNXP_TS_T40D34M70I1R0/include/Devassert.h:132:28:DevAssert	8	static
../RTD/Icu_TS_T40D34M70I1R0/src/Emios_Icu_Ip_Irq.c:383:22:Emios_Icu_Ip_GetCaptureRegB	8	static
../RTD/Icu_TS_T40D34M70I1R0/src/Emios_Icu_Ip_Irq.c:393:22:Emios_Icu_Ip_GetCaptureRegA	16	static
../RTD/Icu_TS_T40D34M70I1R0/src/Emios_Icu_Ip_Irq.c:406:20:Emios_Icu_Ip_ClearStatusFlags	8	static
../RTD/Icu_TS_T40D34M70I1R0/src/Emios_Icu_Ip_Irq.c:415:20:Emios_Icu_Ip_SignalMeasurementStore	24	static
../RTD/Icu_TS_T40D34M70I1R0/src/Emios_Icu_Ip_Irq.c:439:22:Emios_Icu_Ip_ReadBusDiverseCounterBus	24	static
../RTD/Icu_TS_T40D34M70I1R0/src/Emios_Icu_Ip_Irq.c:475:22:Emios_Icu_Ip_ReadCounterBus	24	static
../RTD/Icu_TS_T40D34M70I1R0/src/Emios_Icu_Ip_Irq.c:523:20:Emios_Icu_Ip_SignalMeasurementWithIPWMMode	56	static
../RTD/Icu_TS_T40D34M70I1R0/src/Emios_Icu_Ip_Irq.c:607:20:Emios_Icu_Ip_SignalMeasurementWithIPMMode	40	static
../RTD/Icu_TS_T40D34M70I1R0/src/Emios_Icu_Ip_Irq.c:736:36:Emios_Icu_Ip_ValidateChannelUsedMasterbus	16	static
../RTD/Icu_TS_T40D34M70I1R0/src/Emios_Icu_Ip_Irq.c:752:13:Emios_Icu_Ip_TimestampHandler	16	static
../RTD/Icu_TS_T40D34M70I1R0/src/Emios_Icu_Ip_Irq.c:800:20:Emios_Icu_Ip_ProcessReportOverFlow	24	static
../RTD/Icu_TS_T40D34M70I1R0/src/Emios_Icu_Ip_Irq.c:833:20:Emios_Icu_Ip_ProcessMasterBusInterrupt	24	static
../RTD/Icu_TS_T40D34M70I1R0/src/Emios_Icu_Ip_Irq.c:888:22:Emios_Icu_Ip_GetStatusFlags	8	static
../RTD/Icu_TS_T40D34M70I1R0/src/Emios_Icu_Ip_Irq.c:897:20:Emios_Icu_Ip_ReportEvents	16	static
../RTD/Icu_TS_T40D34M70I1R0/src/Emios_Icu_Ip_Irq.c:915:20:Emios_Icu_Ip_ReportOverflow	16	static
../RTD/Icu_TS_T40D34M70I1R0/src/Emios_Icu_Ip_Irq.c:938:6:Emios_Icu_Ip_SignalMeasurementHandler	24	static
../RTD/Icu_TS_T40D34M70I1R0/src/Emios_Icu_Ip_Irq.c:982:6:Emios_Icu_Ip_IrqHandler	32	static
