D:/S32K344_DEMO2/S32K344_DEMO2/RTD/BaseNXP_TS_T40D34M70I1R0/include/Devassert.h:132:28:DevAssert	8	static
../RTD/Icu_TS_T40D34M70I1R0/src/Emios_Icu_Ip.c:361:20:Emios_Icu_Ip_UCSetMode	16	static
../RTD/Icu_TS_T40D34M70I1R0/src/Emios_Icu_Ip.c:373:21:Emios_Icu_Ip_GetMasterBus	16	static
../RTD/Icu_TS_T40D34M70I1R0/src/Emios_Icu_Ip.c:512:6:Emios_Icu_Ip_EnableInterrupt	16	static
../RTD/Icu_TS_T40D34M70I1R0/src/Emios_Icu_Ip.c:524:6:Emios_Icu_Ip_DisableInterrupt	16	static
../RTD/Icu_TS_T40D34M70I1R0/src/Emios_Icu_Ip.c:533:25:Emios_Icu_Ip_Init	72	static
../RTD/Icu_TS_T40D34M70I1R0/src/Emios_Icu_Ip.c:692:25:Emios_Icu_Ip_Deinit	32	static
../RTD/Icu_TS_T40D34M70I1R0/src/Emios_Icu_Ip.c:796:6:Emios_Icu_Ip_SetActivation	16	static
../RTD/Icu_TS_T40D34M70I1R0/src/Emios_Icu_Ip.c:843:6:Emios_Icu_Ip_EnableEdgeDetection	16	static
../RTD/Icu_TS_T40D34M70I1R0/src/Emios_Icu_Ip.c:875:6:Emios_Icu_Ip_DisableEdgeDetection	16	static
../RTD/Icu_TS_T40D34M70I1R0/src/Emios_Icu_Ip.c:900:6:Emios_Icu_Ip_EnableNotification	16	static
../RTD/Icu_TS_T40D34M70I1R0/src/Emios_Icu_Ip.c:912:6:Emios_Icu_Ip_DisableNotification	16	static
../RTD/Icu_TS_T40D34M70I1R0/src/Emios_Icu_Ip.c:925:6:Emios_Icu_Ip_StartTimestamp	16	static
../RTD/Icu_TS_T40D34M70I1R0/src/Emios_Icu_Ip.c:1060:8:Emios_Icu_Ip_GetTimestampIndex	24	static
../RTD/Icu_TS_T40D34M70I1R0/src/Emios_Icu_Ip.c:1112:6:Emios_Icu_Ip_StopTimestamp	16	static
../RTD/Icu_TS_T40D34M70I1R0/src/Emios_Icu_Ip.c:1168:6:Emios_Icu_Ip_ResetEdgeCount	24	static
../RTD/Icu_TS_T40D34M70I1R0/src/Emios_Icu_Ip.c:1205:6:Emios_Icu_Ip_EnableEdgeCount	16	static
../RTD/Icu_TS_T40D34M70I1R0/src/Emios_Icu_Ip.c:1245:6:Emios_Icu_Ip_DisableEdgeCount	24	static
../RTD/Icu_TS_T40D34M70I1R0/src/Emios_Icu_Ip.c:1275:21:Emios_Icu_Ip_GetEdgeNumbers	24	static
../RTD/Icu_TS_T40D34M70I1R0/src/Emios_Icu_Ip.c:1338:6:Emios_Icu_Ip_StartSignalMeasurement	24	static
../RTD/Icu_TS_T40D34M70I1R0/src/Emios_Icu_Ip.c:1471:6:Emios_Icu_Ip_StopSignalMeasurement	16	static
../RTD/Icu_TS_T40D34M70I1R0/src/Emios_Icu_Ip.c:1509:21:Emios_Icu_Ip_GetTimeElapsed	24	static
../RTD/Icu_TS_T40D34M70I1R0/src/Emios_Icu_Ip.c:1544:6:Emios_Icu_Ip_GetDutyCycleValues	16	static
../RTD/Icu_TS_T40D34M70I1R0/src/Emios_Icu_Ip.c:1581:6:Emios_Icu_Ip_SetPWandPeriod	16	static
../RTD/Icu_TS_T40D34M70I1R0/src/Emios_Icu_Ip.c:1594:9:Emios_Icu_Ip_GetInputState	32	static
../RTD/Icu_TS_T40D34M70I1R0/src/Emios_Icu_Ip.c:1630:24:Emios_Icu_Ip_GetInputLevel	16	static
../RTD/Icu_TS_T40D34M70I1R0/src/Emios_Icu_Ip.c:1644:9:Emios_Icu_Ip_GetOverflow	24	static
../RTD/Icu_TS_T40D34M70I1R0/src/Emios_Icu_Ip.c:1752:6:Emios_Icu_Ip_GetPulseWidth	16	static
../RTD/Icu_TS_T40D34M70I1R0/src/Emios_Icu_Ip.c:1765:16:Emios_Icu_Ip_ValidateSignalMeasureWithoutInterrupt	8	static
