../RTD/Icu_TS_T40D34M70I1R0/src/Icu.c:445:20:Icu_SetBitChState	16	static
../RTD/Icu_TS_T40D34M70I1R0/src/Icu.c:467:36:Icu_GetBitChState	8	static
../RTD/Icu_TS_T40D34M70I1R0/src/Icu.c:481:20:Icu_ClearBitChState	16	static
../RTD/Icu_TS_T40D34M70I1R0/src/Icu.c:505:30:Icu_ValidateGlobalCall	24	static
../RTD/Icu_TS_T40D34M70I1R0/src/Icu.c:556:20:Icu_EndValidateGlobalCall	8	static
../RTD/Icu_TS_T40D34M70I1R0/src/Icu.c:584:30:Icu_ValidateCallSetMode	24	static
../RTD/Icu_TS_T40D34M70I1R0/src/Icu.c:630:30:Icu_ValidateCallAndChannel	24	static
../RTD/Icu_TS_T40D34M70I1R0/src/Icu.c:699:23:Icu_GetOverflow	24	static
../RTD/Icu_TS_T40D34M70I1R0/src/Icu.c:737:30:Icu_ValidatePtrInit	24	static
../RTD/Icu_TS_T40D34M70I1R0/src/Icu.c:802:30:Icu_ValidateMode	24	static
../RTD/Icu_TS_T40D34M70I1R0/src/Icu.c:834:30:Icu_ValidateWakeupChannel	24	static
../RTD/Icu_TS_T40D34M70I1R0/src/Icu.c:863:30:Icu_ValidateActivation	24	static
../RTD/Icu_TS_T40D34M70I1R0/src/Icu.c:896:30:Icu_ValidateTimestamp	32	static
../RTD/Icu_TS_T40D34M70I1R0/src/Icu.c:939:30:Icu_ValidateChannelStartState	24	static
../RTD/Icu_TS_T40D34M70I1R0/src/Icu.c:968:30:Icu_ValidateSignalMeasurementProperty	32	static
../RTD/Icu_TS_T40D34M70I1R0/src/Icu.c:1005:30:Icu_ValidatePtrDutyCycle	24	static
../RTD/Icu_TS_T40D34M70I1R0/src/Icu.c:1030:30:Icu_ValidateVersionInfoCall	24	static
../RTD/Icu_TS_T40D34M70I1R0/src/Icu.c:1080:30:Icu_ValidateGetInputLevel	24	static
../RTD/Icu_TS_T40D34M70I1R0/src/Icu.c:1113:30:Icu_ValidateModeForSetUpFeature	24	static
../RTD/Icu_TS_T40D34M70I1R0/src/Icu.c:1144:30:Icu_ValidateSignalMeasureWithoutInterrupt	24	static
../RTD/Icu_TS_T40D34M70I1R0/src/Icu.c:1171:20:Icu_CallNotification	24	static
../RTD/Icu_TS_T40D34M70I1R0/src/Icu.c:1193:31:Icu_ConvertChannelIndexToChannel	16	static
../RTD/Icu_TS_T40D34M70I1R0/src/Icu.c:1325:6:Icu_Init	32	static
../RTD/Icu_TS_T40D34M70I1R0/src/Icu.c:1406:6:Icu_DeInit	24	static
../RTD/Icu_TS_T40D34M70I1R0/src/Icu.c:1457:6:Icu_SetMode	32	static
../RTD/Icu_TS_T40D34M70I1R0/src/Icu.c:1535:6:Icu_DisableWakeup	24	static
../RTD/Icu_TS_T40D34M70I1R0/src/Icu.c:1577:6:Icu_EnableWakeup	24	static
../RTD/Icu_TS_T40D34M70I1R0/src/Icu.c:1632:6:Icu_CheckWakeup	32	static
../RTD/Icu_TS_T40D34M70I1R0/src/Icu.c:1686:6:Icu_SetActivationCondition	24	static
../RTD/Icu_TS_T40D34M70I1R0/src/Icu.c:1731:6:Icu_DisableNotification	24	static
../RTD/Icu_TS_T40D34M70I1R0/src/Icu.c:1773:6:Icu_EnableNotification	24	static
../RTD/Icu_TS_T40D34M70I1R0/src/Icu.c:1821:20:Icu_GetInputState	32	static
../RTD/Icu_TS_T40D34M70I1R0/src/Icu.c:1875:6:Icu_StartTimestamp	48	static
../RTD/Icu_TS_T40D34M70I1R0/src/Icu.c:1946:6:Icu_StopTimestamp	32	static
../RTD/Icu_TS_T40D34M70I1R0/src/Icu.c:1980:15:Icu_GetTimestampIndex	32	static
../RTD/Icu_TS_T40D34M70I1R0/src/Icu.c:2060:6:Icu_ResetEdgeCount	32	static
../RTD/Icu_TS_T40D34M70I1R0/src/Icu.c:2110:6:Icu_EnableEdgeCount	32	static
../RTD/Icu_TS_T40D34M70I1R0/src/Icu.c:2161:6:Icu_DisableEdgeCount	32	static
../RTD/Icu_TS_T40D34M70I1R0/src/Icu.c:2203:20:Icu_GetEdgeNumbers	32	static
../RTD/Icu_TS_T40D34M70I1R0/src/Icu.c:2352:6:Icu_EnableEdgeDetection	32	static
../RTD/Icu_TS_T40D34M70I1R0/src/Icu.c:2402:6:Icu_DisableEdgeDetection	32	static
../RTD/Icu_TS_T40D34M70I1R0/src/Icu.c:2446:6:Icu_StartSignalMeasurement	32	static
../RTD/Icu_TS_T40D34M70I1R0/src/Icu.c:2530:6:Icu_StopSignalMeasurement	32	static
../RTD/Icu_TS_T40D34M70I1R0/src/Icu.c:2558:15:Icu_GetTimeElapsed	32	static
../RTD/Icu_TS_T40D34M70I1R0/src/Icu.c:2603:6:Icu_GetDutyCycleValues	32	static
../RTD/Icu_TS_T40D34M70I1R0/src/Icu.c:2663:6:Icu_GetVersionInfo	16	static
../RTD/Icu_TS_T40D34M70I1R0/src/Icu.c:2738:15:Icu_GetInputLevel	32	static
../RTD/Icu_TS_T40D34M70I1R0/src/Icu.c:2784:6:Icu_ReportWakeupAndOverflow	24	static
../RTD/Icu_TS_T40D34M70I1R0/src/Icu.c:2823:6:Icu_ReportEvents	24	static
../RTD/Icu_TS_T40D34M70I1R0/src/Icu.c:3060:6:Icu_GetPulseWidth	24	static
../RTD/Icu_TS_T40D34M70I1R0/src/Icu.c:3085:6:Icu_LogicChStateCallback	16	static
