../RTD/Icu_TS_T40D34M70I1R0/src/Icu_Ipw.c:198:6:Icu_Ipw_Init	24	static
../RTD/Icu_TS_T40D34M70I1R0/src/Icu_Ipw.c:276:6:Icu_Ipw_DeInit	24	static
../RTD/Icu_TS_T40D34M70I1R0/src/Icu_Ipw.c:341:6:Icu_Ipw_SetSleepMode	24	static
../RTD/Icu_TS_T40D34M70I1R0/src/Icu_Ipw.c:393:6:Icu_Ipw_SetNormalMode	24	static
../RTD/Icu_TS_T40D34M70I1R0/src/Icu_Ipw.c:447:6:Icu_Ipw_SetActivationCondition	24	static
../RTD/Icu_TS_T40D34M70I1R0/src/Icu_Ipw.c:559:9:Icu_Ipw_GetInputState	24	static
../RTD/Icu_TS_T40D34M70I1R0/src/Icu_Ipw.c:610:6:Icu_Ipw_StartTimestamp	32	static
../RTD/Icu_TS_T40D34M70I1R0/src/Icu_Ipw.c:639:6:Icu_Ipw_StopTimestamp	16	static
../RTD/Icu_TS_T40D34M70I1R0/src/Icu_Ipw.c:660:8:Icu_Ipw_GetTimestampIndex	24	static
../RTD/Icu_TS_T40D34M70I1R0/src/Icu_Ipw.c:737:6:Icu_Ipw_ResetEdgeCount	16	static
../RTD/Icu_TS_T40D34M70I1R0/src/Icu_Ipw.c:758:6:Icu_Ipw_EnableEdgeCount	16	static
../RTD/Icu_TS_T40D34M70I1R0/src/Icu_Ipw.c:779:6:Icu_Ipw_DisableEdgeCount	16	static
../RTD/Icu_TS_T40D34M70I1R0/src/Icu_Ipw.c:800:20:Icu_Ipw_GetEdgeNumbers	24	static
../RTD/Icu_TS_T40D34M70I1R0/src/Icu_Ipw.c:888:6:Icu_Ipw_EnableEdgeDetection	24	static
../RTD/Icu_TS_T40D34M70I1R0/src/Icu_Ipw.c:940:6:Icu_Ipw_DisableEdgeDetection	24	static
../RTD/Icu_TS_T40D34M70I1R0/src/Icu_Ipw.c:997:9:Icu_Ipw_Get_Overflow	24	static
../RTD/Icu_TS_T40D34M70I1R0/src/Icu_Ipw.c:1026:15:Icu_Ipw_GetInputLevel	24	static
../RTD/Icu_TS_T40D34M70I1R0/src/Icu_Ipw.c:1098:6:Icu_Ipw_StartSignalMeasurement	16	static
../RTD/Icu_TS_T40D34M70I1R0/src/Icu_Ipw.c:1121:6:Icu_Ipw_StopSignalMeasurement	16	static
../RTD/Icu_TS_T40D34M70I1R0/src/Icu_Ipw.c:1144:6:Icu_Ipw_SetPWandPeriod	24	static
../RTD/Icu_TS_T40D34M70I1R0/src/Icu_Ipw.c:1174:6:Icu_Ipw_GetDutyCycleValues	24	static
../RTD/Icu_TS_T40D34M70I1R0/src/Icu_Ipw.c:1210:15:Icu_Ipw_GetTimeElapsed	24	static
../RTD/Icu_TS_T40D34M70I1R0/src/Icu_Ipw.c:1288:20:Icu_Ipw_ValidateGetInputLevel	16	static
../RTD/Icu_TS_T40D34M70I1R0/src/Icu_Ipw.c:1314:16:Icu_Ipw_ValidateSignalMeasureWithoutInterrupt	24	static
../RTD/Icu_TS_T40D34M70I1R0/src/Icu_Ipw.c:1341:6:Icu_Ipw_GetPulseWidth	16	static
../RTD/Icu_TS_T40D34M70I1R0/src/Icu_Ipw.c:1363:6:Icu_Ipw_EnableNotification	24	static
../RTD/Icu_TS_T40D34M70I1R0/src/Icu_Ipw.c:1406:6:Icu_Ipw_DisableNotification	24	static
