../RTD/Platform_TS_T40D34M70I1R0/startup/src/sys_init.c:344:6:sys_enableAllInterrupts	0	static
../RTD/Platform_TS_T40D34M70I1R0/startup/src/sys_init.c:354:6:sys_disableAllInterrupts	0	static
../RTD/Platform_TS_T40D34M70I1R0/startup/src/sys_init.c:364:6:sys_disableIsrSource	16	static
../RTD/Platform_TS_T40D34M70I1R0/startup/src/sys_init.c:374:6:sys_enableIsrSource	16	static
../RTD/Platform_TS_T40D34M70I1R0/startup/src/sys_init.c:385:6:sys_registerIsrHandler	8	static
../RTD/Platform_TS_T40D34M70I1R0/startup/src/sys_init.c:400:12:Init_FIRC	16	static
../RTD/Platform_TS_T40D34M70I1R0/startup/src/sys_init.c:442:12:Init_FXOSC	8	static
../RTD/Platform_TS_T40D34M70I1R0/startup/src/sys_init.c:474:12:Init_PMC	8	static
../RTD/Platform_TS_T40D34M70I1R0/startup/src/sys_init.c:545:12:Init_PLL	8	static
../RTD/Platform_TS_T40D34M70I1R0/startup/src/sys_init.c:671:12:Init_MC_CGM	0	static
../RTD/Platform_TS_T40D34M70I1R0/startup/src/sys_init.c:953:12:Switch_Core_FIRC	8	static
../RTD/Platform_TS_T40D34M70I1R0/startup/src/sys_init.c:983:12:Init_MC_ME	0	static
../RTD/Platform_TS_T40D34M70I1R0/startup/src/sys_init.c:1142:16:sys_init	16	static
../RTD/Platform_TS_T40D34M70I1R0/startup/src/sys_init.c:1170:6:sys_halt	0	static
../RTD/Platform_TS_T40D34M70I1R0/startup/src/sys_init.c:1182:6:sys_stop	0	static
../RTD/Platform_TS_T40D34M70I1R0/startup/src/sys_init.c:1187:7:EUnit_GetCoreID	8	static
