../RTD/Rte_TS_T40D34M70I1R0/src/SchM_Wdg_43_fs23.c:315:8:Wdg_43_fs23_schm_read_msr	4	static
../RTD/Rte_TS_T40D34M70I1R0/src/SchM_Wdg_43_fs23.c:457:6:SchM_Enter_Wdg_43_fs23_WDG_EXCLUSIVE_AREA_00	16	static
../RTD/Rte_TS_T40D34M70I1R0/src/SchM_Wdg_43_fs23.c:481:6:SchM_Exit_Wdg_43_fs23_WDG_EXCLUSIVE_AREA_00	16	static
../RTD/Rte_TS_T40D34M70I1R0/src/SchM_Wdg_43_fs23.c:495:6:SchM_Enter_Wdg_43_fs23_WDG_EXCLUSIVE_AREA_01	16	static
../RTD/Rte_TS_T40D34M70I1R0/src/SchM_Wdg_43_fs23.c:519:6:SchM_Exit_Wdg_43_fs23_WDG_EXCLUSIVE_AREA_01	16	static
../RTD/Rte_TS_T40D34M70I1R0/src/SchM_Wdg_43_fs23.c:533:6:SchM_Enter_Wdg_43_fs23_WDG_EXCLUSIVE_AREA_02	16	static
../RTD/Rte_TS_T40D34M70I1R0/src/SchM_Wdg_43_fs23.c:557:6:SchM_Exit_Wdg_43_fs23_WDG_EXCLUSIVE_AREA_02	16	static
../RTD/Rte_TS_T40D34M70I1R0/src/SchM_Wdg_43_fs23.c:571:6:SchM_Enter_Wdg_43_fs23_WDG_EXCLUSIVE_AREA_03	16	static
../RTD/Rte_TS_T40D34M70I1R0/src/SchM_Wdg_43_fs23.c:595:6:SchM_Exit_Wdg_43_fs23_WDG_EXCLUSIVE_AREA_03	16	static
../RTD/Rte_TS_T40D34M70I1R0/src/SchM_Wdg_43_fs23.c:609:6:SchM_Enter_Wdg_43_fs23_WDG_EXCLUSIVE_AREA_04	16	static
../RTD/Rte_TS_T40D34M70I1R0/src/SchM_Wdg_43_fs23.c:633:6:SchM_Exit_Wdg_43_fs23_WDG_EXCLUSIVE_AREA_04	16	static
../RTD/Rte_TS_T40D34M70I1R0/src/SchM_Wdg_43_fs23.c:647:6:SchM_Enter_Wdg_43_fs23_WDG_EXCLUSIVE_AREA_05	16	static
../RTD/Rte_TS_T40D34M70I1R0/src/SchM_Wdg_43_fs23.c:671:6:SchM_Exit_Wdg_43_fs23_WDG_EXCLUSIVE_AREA_05	16	static
../RTD/Rte_TS_T40D34M70I1R0/src/SchM_Wdg_43_fs23.c:685:6:SchM_Enter_Wdg_43_fs23_WDG_EXCLUSIVE_AREA_06	16	static
../RTD/Rte_TS_T40D34M70I1R0/src/SchM_Wdg_43_fs23.c:709:6:SchM_Exit_Wdg_43_fs23_WDG_EXCLUSIVE_AREA_06	16	static
