../RTD/Rte_TS_T40D34M70I1R0/src/SchM_Platform.c:327:8:Platform_schm_read_msr	4	static
../RTD/Rte_TS_T40D34M70I1R0/src/SchM_Platform.c:469:6:SchM_Enter_Platform_PLATFORM_EXCLUSIVE_AREA_00	16	static
../RTD/Rte_TS_T40D34M70I1R0/src/SchM_Platform.c:493:6:SchM_Exit_Platform_PLATFORM_EXCLUSIVE_AREA_00	16	static
../RTD/Rte_TS_T40D34M70I1R0/src/SchM_Platform.c:507:6:SchM_Enter_Platform_PLATFORM_EXCLUSIVE_AREA_01	16	static
../RTD/Rte_TS_T40D34M70I1R0/src/SchM_Platform.c:531:6:SchM_Exit_Platform_PLATFORM_EXCLUSIVE_AREA_01	16	static
../RTD/Rte_TS_T40D34M70I1R0/src/SchM_Platform.c:545:6:SchM_Enter_Platform_PLATFORM_EXCLUSIVE_AREA_02	16	static
../RTD/Rte_TS_T40D34M70I1R0/src/SchM_Platform.c:569:6:SchM_Exit_Platform_PLATFORM_EXCLUSIVE_AREA_02	16	static
../RTD/Rte_TS_T40D34M70I1R0/src/SchM_Platform.c:583:6:SchM_Enter_Platform_PLATFORM_EXCLUSIVE_AREA_03	16	static
../RTD/Rte_TS_T40D34M70I1R0/src/SchM_Platform.c:607:6:SchM_Exit_Platform_PLATFORM_EXCLUSIVE_AREA_03	16	static
../RTD/Rte_TS_T40D34M70I1R0/src/SchM_Platform.c:621:6:SchM_Enter_Platform_PLATFORM_EXCLUSIVE_AREA_04	16	static
../RTD/Rte_TS_T40D34M70I1R0/src/SchM_Platform.c:645:6:SchM_Exit_Platform_PLATFORM_EXCLUSIVE_AREA_04	16	static
../RTD/Rte_TS_T40D34M70I1R0/src/SchM_Platform.c:659:6:SchM_Enter_Platform_PLATFORM_EXCLUSIVE_AREA_05	16	static
../RTD/Rte_TS_T40D34M70I1R0/src/SchM_Platform.c:683:6:SchM_Exit_Platform_PLATFORM_EXCLUSIVE_AREA_05	16	static
../RTD/Rte_TS_T40D34M70I1R0/src/SchM_Platform.c:697:6:SchM_Enter_Platform_PLATFORM_EXCLUSIVE_AREA_06	16	static
../RTD/Rte_TS_T40D34M70I1R0/src/SchM_Platform.c:721:6:SchM_Exit_Platform_PLATFORM_EXCLUSIVE_AREA_06	16	static
../RTD/Rte_TS_T40D34M70I1R0/src/SchM_Platform.c:735:6:SchM_Enter_Platform_PLATFORM_EXCLUSIVE_AREA_07	16	static
../RTD/Rte_TS_T40D34M70I1R0/src/SchM_Platform.c:759:6:SchM_Exit_Platform_PLATFORM_EXCLUSIVE_AREA_07	16	static
../RTD/Rte_TS_T40D34M70I1R0/src/SchM_Platform.c:773:6:SchM_Enter_Platform_PLATFORM_EXCLUSIVE_AREA_08	16	static
../RTD/Rte_TS_T40D34M70I1R0/src/SchM_Platform.c:797:6:SchM_Exit_Platform_PLATFORM_EXCLUSIVE_AREA_08	16	static
../RTD/Rte_TS_T40D34M70I1R0/src/SchM_Platform.c:811:6:SchM_Enter_Platform_PLATFORM_EXCLUSIVE_AREA_09	16	static
../RTD/Rte_TS_T40D34M70I1R0/src/SchM_Platform.c:835:6:SchM_Exit_Platform_PLATFORM_EXCLUSIVE_AREA_09	16	static
../RTD/Rte_TS_T40D34M70I1R0/src/SchM_Platform.c:849:6:SchM_Enter_Platform_PLATFORM_EXCLUSIVE_AREA_10	16	static
../RTD/Rte_TS_T40D34M70I1R0/src/SchM_Platform.c:873:6:SchM_Exit_Platform_PLATFORM_EXCLUSIVE_AREA_10	16	static
../RTD/Rte_TS_T40D34M70I1R0/src/SchM_Platform.c:887:6:SchM_Enter_Platform_PLATFORM_EXCLUSIVE_AREA_11	16	static
../RTD/Rte_TS_T40D34M70I1R0/src/SchM_Platform.c:911:6:SchM_Exit_Platform_PLATFORM_EXCLUSIVE_AREA_11	16	static
../RTD/Rte_TS_T40D34M70I1R0/src/SchM_Platform.c:925:6:SchM_Enter_Platform_PLATFORM_EXCLUSIVE_AREA_12	16	static
../RTD/Rte_TS_T40D34M70I1R0/src/SchM_Platform.c:949:6:SchM_Exit_Platform_PLATFORM_EXCLUSIVE_AREA_12	16	static
