../RTD/Rte_TS_T40D34M70I1R0/src/SchM_Crypto_43_HSE.c:317:8:Crypto_43_HSE_schm_read_msr	4	static
../RTD/Rte_TS_T40D34M70I1R0/src/SchM_Crypto_43_HSE.c:459:6:SchM_Enter_Crypto_43_HSE_CRYPTO_EXCLUSIVE_AREA_00	16	static
../RTD/Rte_TS_T40D34M70I1R0/src/SchM_Crypto_43_HSE.c:483:6:SchM_Exit_Crypto_43_HSE_CRYPTO_EXCLUSIVE_AREA_00	16	static
../RTD/Rte_TS_T40D34M70I1R0/src/SchM_Crypto_43_HSE.c:497:6:SchM_Enter_Crypto_43_HSE_CRYPTO_EXCLUSIVE_AREA_01	16	static
../RTD/Rte_TS_T40D34M70I1R0/src/SchM_Crypto_43_HSE.c:521:6:SchM_Exit_Crypto_43_HSE_CRYPTO_EXCLUSIVE_AREA_01	16	static
../RTD/Rte_TS_T40D34M70I1R0/src/SchM_Crypto_43_HSE.c:535:6:SchM_Enter_Crypto_43_HSE_CRYPTO_EXCLUSIVE_AREA_02	16	static
../RTD/Rte_TS_T40D34M70I1R0/src/SchM_Crypto_43_HSE.c:559:6:SchM_Exit_Crypto_43_HSE_CRYPTO_EXCLUSIVE_AREA_02	16	static
../RTD/Rte_TS_T40D34M70I1R0/src/SchM_Crypto_43_HSE.c:573:6:SchM_Enter_Crypto_43_HSE_CRYPTO_EXCLUSIVE_AREA_03	16	static
../RTD/Rte_TS_T40D34M70I1R0/src/SchM_Crypto_43_HSE.c:597:6:SchM_Exit_Crypto_43_HSE_CRYPTO_EXCLUSIVE_AREA_03	16	static
../RTD/Rte_TS_T40D34M70I1R0/src/SchM_Crypto_43_HSE.c:611:6:SchM_Enter_Crypto_43_HSE_CRYPTO_EXCLUSIVE_AREA_04	16	static
../RTD/Rte_TS_T40D34M70I1R0/src/SchM_Crypto_43_HSE.c:635:6:SchM_Exit_Crypto_43_HSE_CRYPTO_EXCLUSIVE_AREA_04	16	static
../RTD/Rte_TS_T40D34M70I1R0/src/SchM_Crypto_43_HSE.c:649:6:SchM_Enter_Crypto_43_HSE_CRYPTO_EXCLUSIVE_AREA_05	16	static
../RTD/Rte_TS_T40D34M70I1R0/src/SchM_Crypto_43_HSE.c:673:6:SchM_Exit_Crypto_43_HSE_CRYPTO_EXCLUSIVE_AREA_05	16	static
../RTD/Rte_TS_T40D34M70I1R0/src/SchM_Crypto_43_HSE.c:687:6:SchM_Enter_Crypto_43_HSE_CRYPTO_EXCLUSIVE_AREA_10	16	static
../RTD/Rte_TS_T40D34M70I1R0/src/SchM_Crypto_43_HSE.c:711:6:SchM_Exit_Crypto_43_HSE_CRYPTO_EXCLUSIVE_AREA_10	16	static
../RTD/Rte_TS_T40D34M70I1R0/src/SchM_Crypto_43_HSE.c:725:6:SchM_Enter_Crypto_43_HSE_CRYPTO_EXCLUSIVE_AREA_11	16	static
../RTD/Rte_TS_T40D34M70I1R0/src/SchM_Crypto_43_HSE.c:749:6:SchM_Exit_Crypto_43_HSE_CRYPTO_EXCLUSIVE_AREA_11	16	static
