../RTD/Rte_TS_T40D34M70I1R0/src/SchM_Ocu.c:351:8:Ocu_schm_read_msr	4	static
../RTD/Rte_TS_T40D34M70I1R0/src/SchM_Ocu.c:493:6:SchM_Enter_Ocu_OCU_EXCLUSIVE_AREA_00	16	static
../RTD/Rte_TS_T40D34M70I1R0/src/SchM_Ocu.c:517:6:SchM_Exit_Ocu_OCU_EXCLUSIVE_AREA_00	16	static
../RTD/Rte_TS_T40D34M70I1R0/src/SchM_Ocu.c:531:6:SchM_Enter_Ocu_OCU_EXCLUSIVE_AREA_01	16	static
../RTD/Rte_TS_T40D34M70I1R0/src/SchM_Ocu.c:555:6:SchM_Exit_Ocu_OCU_EXCLUSIVE_AREA_01	16	static
../RTD/Rte_TS_T40D34M70I1R0/src/SchM_Ocu.c:569:6:SchM_Enter_Ocu_OCU_EXCLUSIVE_AREA_02	16	static
../RTD/Rte_TS_T40D34M70I1R0/src/SchM_Ocu.c:593:6:SchM_Exit_Ocu_OCU_EXCLUSIVE_AREA_02	16	static
../RTD/Rte_TS_T40D34M70I1R0/src/SchM_Ocu.c:607:6:SchM_Enter_Ocu_OCU_EXCLUSIVE_AREA_03	16	static
../RTD/Rte_TS_T40D34M70I1R0/src/SchM_Ocu.c:631:6:SchM_Exit_Ocu_OCU_EXCLUSIVE_AREA_03	16	static
../RTD/Rte_TS_T40D34M70I1R0/src/SchM_Ocu.c:645:6:SchM_Enter_Ocu_OCU_EXCLUSIVE_AREA_04	16	static
../RTD/Rte_TS_T40D34M70I1R0/src/SchM_Ocu.c:669:6:SchM_Exit_Ocu_OCU_EXCLUSIVE_AREA_04	16	static
../RTD/Rte_TS_T40D34M70I1R0/src/SchM_Ocu.c:683:6:SchM_Enter_Ocu_OCU_EXCLUSIVE_AREA_05	16	static
../RTD/Rte_TS_T40D34M70I1R0/src/SchM_Ocu.c:707:6:SchM_Exit_Ocu_OCU_EXCLUSIVE_AREA_05	16	static
../RTD/Rte_TS_T40D34M70I1R0/src/SchM_Ocu.c:721:6:SchM_Enter_Ocu_OCU_EXCLUSIVE_AREA_06	16	static
../RTD/Rte_TS_T40D34M70I1R0/src/SchM_Ocu.c:745:6:SchM_Exit_Ocu_OCU_EXCLUSIVE_AREA_06	16	static
../RTD/Rte_TS_T40D34M70I1R0/src/SchM_Ocu.c:759:6:SchM_Enter_Ocu_OCU_EXCLUSIVE_AREA_07	16	static
../RTD/Rte_TS_T40D34M70I1R0/src/SchM_Ocu.c:783:6:SchM_Exit_Ocu_OCU_EXCLUSIVE_AREA_07	16	static
../RTD/Rte_TS_T40D34M70I1R0/src/SchM_Ocu.c:797:6:SchM_Enter_Ocu_OCU_EXCLUSIVE_AREA_10	16	static
../RTD/Rte_TS_T40D34M70I1R0/src/SchM_Ocu.c:821:6:SchM_Exit_Ocu_OCU_EXCLUSIVE_AREA_10	16	static
../RTD/Rte_TS_T40D34M70I1R0/src/SchM_Ocu.c:835:6:SchM_Enter_Ocu_OCU_EXCLUSIVE_AREA_11	16	static
../RTD/Rte_TS_T40D34M70I1R0/src/SchM_Ocu.c:859:6:SchM_Exit_Ocu_OCU_EXCLUSIVE_AREA_11	16	static
../RTD/Rte_TS_T40D34M70I1R0/src/SchM_Ocu.c:873:6:SchM_Enter_Ocu_OCU_EXCLUSIVE_AREA_12	16	static
../RTD/Rte_TS_T40D34M70I1R0/src/SchM_Ocu.c:897:6:SchM_Exit_Ocu_OCU_EXCLUSIVE_AREA_12	16	static
../RTD/Rte_TS_T40D34M70I1R0/src/SchM_Ocu.c:911:6:SchM_Enter_Ocu_OCU_EXCLUSIVE_AREA_13	16	static
../RTD/Rte_TS_T40D34M70I1R0/src/SchM_Ocu.c:935:6:SchM_Exit_Ocu_OCU_EXCLUSIVE_AREA_13	16	static
../RTD/Rte_TS_T40D34M70I1R0/src/SchM_Ocu.c:949:6:SchM_Enter_Ocu_OCU_EXCLUSIVE_AREA_14	16	static
../RTD/Rte_TS_T40D34M70I1R0/src/SchM_Ocu.c:973:6:SchM_Exit_Ocu_OCU_EXCLUSIVE_AREA_14	16	static
../RTD/Rte_TS_T40D34M70I1R0/src/SchM_Ocu.c:987:6:SchM_Enter_Ocu_OCU_EXCLUSIVE_AREA_15	16	static
../RTD/Rte_TS_T40D34M70I1R0/src/SchM_Ocu.c:1011:6:SchM_Exit_Ocu_OCU_EXCLUSIVE_AREA_15	16	static
../RTD/Rte_TS_T40D34M70I1R0/src/SchM_Ocu.c:1025:6:SchM_Enter_Ocu_OCU_EXCLUSIVE_AREA_20	16	static
../RTD/Rte_TS_T40D34M70I1R0/src/SchM_Ocu.c:1049:6:SchM_Exit_Ocu_OCU_EXCLUSIVE_AREA_20	16	static
../RTD/Rte_TS_T40D34M70I1R0/src/SchM_Ocu.c:1063:6:SchM_Enter_Ocu_OCU_EXCLUSIVE_AREA_21	16	static
../RTD/Rte_TS_T40D34M70I1R0/src/SchM_Ocu.c:1087:6:SchM_Exit_Ocu_OCU_EXCLUSIVE_AREA_21	16	static
../RTD/Rte_TS_T40D34M70I1R0/src/SchM_Ocu.c:1101:6:SchM_Enter_Ocu_OCU_EXCLUSIVE_AREA_22	16	static
../RTD/Rte_TS_T40D34M70I1R0/src/SchM_Ocu.c:1125:6:SchM_Exit_Ocu_OCU_EXCLUSIVE_AREA_22	16	static
../RTD/Rte_TS_T40D34M70I1R0/src/SchM_Ocu.c:1139:6:SchM_Enter_Ocu_OCU_EXCLUSIVE_AREA_23	16	static
../RTD/Rte_TS_T40D34M70I1R0/src/SchM_Ocu.c:1163:6:SchM_Exit_Ocu_OCU_EXCLUSIVE_AREA_23	16	static
../RTD/Rte_TS_T40D34M70I1R0/src/SchM_Ocu.c:1177:6:SchM_Enter_Ocu_OCU_EXCLUSIVE_AREA_24	16	static
../RTD/Rte_TS_T40D34M70I1R0/src/SchM_Ocu.c:1201:6:SchM_Exit_Ocu_OCU_EXCLUSIVE_AREA_24	16	static
../RTD/Rte_TS_T40D34M70I1R0/src/SchM_Ocu.c:1215:6:SchM_Enter_Ocu_OCU_EXCLUSIVE_AREA_25	16	static
../RTD/Rte_TS_T40D34M70I1R0/src/SchM_Ocu.c:1239:6:SchM_Exit_Ocu_OCU_EXCLUSIVE_AREA_25	16	static
../RTD/Rte_TS_T40D34M70I1R0/src/SchM_Ocu.c:1253:6:SchM_Enter_Ocu_OCU_EXCLUSIVE_AREA_30	16	static
../RTD/Rte_TS_T40D34M70I1R0/src/SchM_Ocu.c:1277:6:SchM_Exit_Ocu_OCU_EXCLUSIVE_AREA_30	16	static
../RTD/Rte_TS_T40D34M70I1R0/src/SchM_Ocu.c:1291:6:SchM_Enter_Ocu_OCU_EXCLUSIVE_AREA_31	16	static
../RTD/Rte_TS_T40D34M70I1R0/src/SchM_Ocu.c:1315:6:SchM_Exit_Ocu_OCU_EXCLUSIVE_AREA_31	16	static
../RTD/Rte_TS_T40D34M70I1R0/src/SchM_Ocu.c:1329:6:SchM_Enter_Ocu_OCU_EXCLUSIVE_AREA_32	16	static
../RTD/Rte_TS_T40D34M70I1R0/src/SchM_Ocu.c:1353:6:SchM_Exit_Ocu_OCU_EXCLUSIVE_AREA_32	16	static
../RTD/Rte_TS_T40D34M70I1R0/src/SchM_Ocu.c:1367:6:SchM_Enter_Ocu_OCU_EXCLUSIVE_AREA_33	16	static
../RTD/Rte_TS_T40D34M70I1R0/src/SchM_Ocu.c:1391:6:SchM_Exit_Ocu_OCU_EXCLUSIVE_AREA_33	16	static
../RTD/Rte_TS_T40D34M70I1R0/src/SchM_Ocu.c:1405:6:SchM_Enter_Ocu_OCU_EXCLUSIVE_AREA_34	16	static
../RTD/Rte_TS_T40D34M70I1R0/src/SchM_Ocu.c:1429:6:SchM_Exit_Ocu_OCU_EXCLUSIVE_AREA_34	16	static
