../RTD/Rte_TS_T40D34M70I1R0/src/SchM_Ocotp.c:311:8:Ocotp_schm_read_msr	4	static
../RTD/Rte_TS_T40D34M70I1R0/src/SchM_Ocotp.c:453:6:SchM_Enter_Ocotp_OCOTP_EXCLUSIVE_AREA_00	16	static
../RTD/Rte_TS_T40D34M70I1R0/src/SchM_Ocotp.c:477:6:SchM_Exit_Ocotp_OCOTP_EXCLUSIVE_AREA_00	16	static
../RTD/Rte_TS_T40D34M70I1R0/src/SchM_Ocotp.c:491:6:SchM_Enter_Ocotp_OCOTP_EXCLUSIVE_AREA_01	16	static
../RTD/Rte_TS_T40D34M70I1R0/src/SchM_Ocotp.c:515:6:SchM_Exit_Ocotp_OCOTP_EXCLUSIVE_AREA_01	16	static
../RTD/Rte_TS_T40D34M70I1R0/src/SchM_Ocotp.c:529:6:SchM_Enter_Ocotp_OCOTP_EXCLUSIVE_AREA_02	16	static
../RTD/Rte_TS_T40D34M70I1R0/src/SchM_Ocotp.c:553:6:SchM_Exit_Ocotp_OCOTP_EXCLUSIVE_AREA_02	16	static
../RTD/Rte_TS_T40D34M70I1R0/src/SchM_Ocotp.c:567:6:SchM_Enter_Ocotp_OCOTP_EXCLUSIVE_AREA_03	16	static
../RTD/Rte_TS_T40D34M70I1R0/src/SchM_Ocotp.c:591:6:SchM_Exit_Ocotp_OCOTP_EXCLUSIVE_AREA_03	16	static
../RTD/Rte_TS_T40D34M70I1R0/src/SchM_Ocotp.c:605:6:SchM_Enter_Ocotp_OCOTP_EXCLUSIVE_AREA_04	16	static
../RTD/Rte_TS_T40D34M70I1R0/src/SchM_Ocotp.c:629:6:SchM_Exit_Ocotp_OCOTP_EXCLUSIVE_AREA_04	16	static
