../RTD/Rte_TS_T40D34M70I1R0/src/SchM_Sbc_fs23.c:311:8:Sbc_fs23_schm_read_msr	4	static
../RTD/Rte_TS_T40D34M70I1R0/src/SchM_Sbc_fs23.c:453:6:SchM_Enter_Sbc_fs23_SBC_FS23_EXCLUSIVE_AREA_00	16	static
../RTD/Rte_TS_T40D34M70I1R0/src/SchM_Sbc_fs23.c:475:6:SchM_Exit_Sbc_fs23_SBC_FS23_EXCLUSIVE_AREA_00	16	static
../RTD/Rte_TS_T40D34M70I1R0/src/SchM_Sbc_fs23.c:489:6:SchM_Enter_Sbc_fs23_SBC_FS23_EXCLUSIVE_AREA_01	16	static
../RTD/Rte_TS_T40D34M70I1R0/src/SchM_Sbc_fs23.c:511:6:SchM_Exit_Sbc_fs23_SBC_FS23_EXCLUSIVE_AREA_01	16	static
../RTD/Rte_TS_T40D34M70I1R0/src/SchM_Sbc_fs23.c:525:6:SchM_Enter_Sbc_fs23_SBC_FS23_EXCLUSIVE_AREA_02	16	static
../RTD/Rte_TS_T40D34M70I1R0/src/SchM_Sbc_fs23.c:547:6:SchM_Exit_Sbc_fs23_SBC_FS23_EXCLUSIVE_AREA_02	16	static
../RTD/Rte_TS_T40D34M70I1R0/src/SchM_Sbc_fs23.c:561:6:SchM_Enter_Sbc_fs23_SBC_FS23_EXCLUSIVE_AREA_03	16	static
../RTD/Rte_TS_T40D34M70I1R0/src/SchM_Sbc_fs23.c:583:6:SchM_Exit_Sbc_fs23_SBC_FS23_EXCLUSIVE_AREA_03	16	static
../RTD/Rte_TS_T40D34M70I1R0/src/SchM_Sbc_fs23.c:597:6:SchM_Enter_Sbc_fs23_SBC_FS23_EXCLUSIVE_AREA_04	16	static
../RTD/Rte_TS_T40D34M70I1R0/src/SchM_Sbc_fs23.c:619:6:SchM_Exit_Sbc_fs23_SBC_FS23_EXCLUSIVE_AREA_04	16	static
