../RTD/Rte_TS_T40D34M70I1R0/src/SchM_Lin_43_LPUART_FLEXIO.c:337:8:Lin_schm_read_msr	4	static
../RTD/Rte_TS_T40D34M70I1R0/src/SchM_Lin_43_LPUART_FLEXIO.c:479:6:SchM_Enter_Lin_43_LPUART_FLEXIO_LIN_EXCLUSIVE_AREA_08	16	static
../RTD/Rte_TS_T40D34M70I1R0/src/SchM_Lin_43_LPUART_FLEXIO.c:503:6:SchM_Exit_Lin_43_LPUART_FLEXIO_LIN_EXCLUSIVE_AREA_08	16	static
../RTD/Rte_TS_T40D34M70I1R0/src/SchM_Lin_43_LPUART_FLEXIO.c:517:6:SchM_Enter_Lin_43_LPUART_FLEXIO_LIN_EXCLUSIVE_AREA_09	16	static
../RTD/Rte_TS_T40D34M70I1R0/src/SchM_Lin_43_LPUART_FLEXIO.c:541:6:SchM_Exit_Lin_43_LPUART_FLEXIO_LIN_EXCLUSIVE_AREA_09	16	static
../RTD/Rte_TS_T40D34M70I1R0/src/SchM_Lin_43_LPUART_FLEXIO.c:555:6:SchM_Enter_Lin_43_LPUART_FLEXIO_LIN_EXCLUSIVE_AREA_10	16	static
../RTD/Rte_TS_T40D34M70I1R0/src/SchM_Lin_43_LPUART_FLEXIO.c:579:6:SchM_Exit_Lin_43_LPUART_FLEXIO_LIN_EXCLUSIVE_AREA_10	16	static
../RTD/Rte_TS_T40D34M70I1R0/src/SchM_Lin_43_LPUART_FLEXIO.c:593:6:SchM_Enter_Lin_43_LPUART_FLEXIO_LIN_EXCLUSIVE_AREA_11	16	static
../RTD/Rte_TS_T40D34M70I1R0/src/SchM_Lin_43_LPUART_FLEXIO.c:617:6:SchM_Exit_Lin_43_LPUART_FLEXIO_LIN_EXCLUSIVE_AREA_11	16	static
../RTD/Rte_TS_T40D34M70I1R0/src/SchM_Lin_43_LPUART_FLEXIO.c:631:6:SchM_Enter_Lin_43_LPUART_FLEXIO_LIN_EXCLUSIVE_AREA_13	16	static
../RTD/Rte_TS_T40D34M70I1R0/src/SchM_Lin_43_LPUART_FLEXIO.c:655:6:SchM_Exit_Lin_43_LPUART_FLEXIO_LIN_EXCLUSIVE_AREA_13	16	static
../RTD/Rte_TS_T40D34M70I1R0/src/SchM_Lin_43_LPUART_FLEXIO.c:669:6:SchM_Enter_Lin_43_LPUART_FLEXIO_LIN_EXCLUSIVE_AREA_15	16	static
../RTD/Rte_TS_T40D34M70I1R0/src/SchM_Lin_43_LPUART_FLEXIO.c:693:6:SchM_Exit_Lin_43_LPUART_FLEXIO_LIN_EXCLUSIVE_AREA_15	16	static
../RTD/Rte_TS_T40D34M70I1R0/src/SchM_Lin_43_LPUART_FLEXIO.c:707:6:SchM_Enter_Lin_43_LPUART_FLEXIO_LIN_EXCLUSIVE_AREA_16	16	static
../RTD/Rte_TS_T40D34M70I1R0/src/SchM_Lin_43_LPUART_FLEXIO.c:731:6:SchM_Exit_Lin_43_LPUART_FLEXIO_LIN_EXCLUSIVE_AREA_16	16	static
../RTD/Rte_TS_T40D34M70I1R0/src/SchM_Lin_43_LPUART_FLEXIO.c:745:6:SchM_Enter_Lin_43_LPUART_FLEXIO_LIN_EXCLUSIVE_AREA_17	16	static
../RTD/Rte_TS_T40D34M70I1R0/src/SchM_Lin_43_LPUART_FLEXIO.c:769:6:SchM_Exit_Lin_43_LPUART_FLEXIO_LIN_EXCLUSIVE_AREA_17	16	static
../RTD/Rte_TS_T40D34M70I1R0/src/SchM_Lin_43_LPUART_FLEXIO.c:783:6:SchM_Enter_Lin_43_LPUART_FLEXIO_LIN_EXCLUSIVE_AREA_18	16	static
../RTD/Rte_TS_T40D34M70I1R0/src/SchM_Lin_43_LPUART_FLEXIO.c:807:6:SchM_Exit_Lin_43_LPUART_FLEXIO_LIN_EXCLUSIVE_AREA_18	16	static
../RTD/Rte_TS_T40D34M70I1R0/src/SchM_Lin_43_LPUART_FLEXIO.c:821:6:SchM_Enter_Lin_43_LPUART_FLEXIO_LIN_EXCLUSIVE_AREA_19	16	static
../RTD/Rte_TS_T40D34M70I1R0/src/SchM_Lin_43_LPUART_FLEXIO.c:845:6:SchM_Exit_Lin_43_LPUART_FLEXIO_LIN_EXCLUSIVE_AREA_19	16	static
../RTD/Rte_TS_T40D34M70I1R0/src/SchM_Lin_43_LPUART_FLEXIO.c:859:6:SchM_Enter_Lin_43_LPUART_FLEXIO_LIN_EXCLUSIVE_AREA_20	16	static
../RTD/Rte_TS_T40D34M70I1R0/src/SchM_Lin_43_LPUART_FLEXIO.c:883:6:SchM_Exit_Lin_43_LPUART_FLEXIO_LIN_EXCLUSIVE_AREA_20	16	static
../RTD/Rte_TS_T40D34M70I1R0/src/SchM_Lin_43_LPUART_FLEXIO.c:897:6:SchM_Enter_Lin_43_LPUART_FLEXIO_LIN_EXCLUSIVE_AREA_21	16	static
../RTD/Rte_TS_T40D34M70I1R0/src/SchM_Lin_43_LPUART_FLEXIO.c:921:6:SchM_Exit_Lin_43_LPUART_FLEXIO_LIN_EXCLUSIVE_AREA_21	16	static
../RTD/Rte_TS_T40D34M70I1R0/src/SchM_Lin_43_LPUART_FLEXIO.c:935:6:SchM_Enter_Lin_43_LPUART_FLEXIO_LIN_EXCLUSIVE_AREA_22	16	static
../RTD/Rte_TS_T40D34M70I1R0/src/SchM_Lin_43_LPUART_FLEXIO.c:959:6:SchM_Exit_Lin_43_LPUART_FLEXIO_LIN_EXCLUSIVE_AREA_22	16	static
../RTD/Rte_TS_T40D34M70I1R0/src/SchM_Lin_43_LPUART_FLEXIO.c:973:6:SchM_Enter_Lin_43_LPUART_FLEXIO_LIN_EXCLUSIVE_AREA_23	16	static
../RTD/Rte_TS_T40D34M70I1R0/src/SchM_Lin_43_LPUART_FLEXIO.c:997:6:SchM_Exit_Lin_43_LPUART_FLEXIO_LIN_EXCLUSIVE_AREA_23	16	static
../RTD/Rte_TS_T40D34M70I1R0/src/SchM_Lin_43_LPUART_FLEXIO.c:1011:6:SchM_Enter_Lin_43_LPUART_FLEXIO_LIN_EXCLUSIVE_AREA_24	16	static
../RTD/Rte_TS_T40D34M70I1R0/src/SchM_Lin_43_LPUART_FLEXIO.c:1035:6:SchM_Exit_Lin_43_LPUART_FLEXIO_LIN_EXCLUSIVE_AREA_24	16	static
../RTD/Rte_TS_T40D34M70I1R0/src/SchM_Lin_43_LPUART_FLEXIO.c:1049:6:SchM_Enter_Lin_43_LPUART_FLEXIO_LIN_EXCLUSIVE_AREA_25	16	static
../RTD/Rte_TS_T40D34M70I1R0/src/SchM_Lin_43_LPUART_FLEXIO.c:1073:6:SchM_Exit_Lin_43_LPUART_FLEXIO_LIN_EXCLUSIVE_AREA_25	16	static
../RTD/Rte_TS_T40D34M70I1R0/src/SchM_Lin_43_LPUART_FLEXIO.c:1087:6:SchM_Enter_Lin_43_LPUART_FLEXIO_LIN_EXCLUSIVE_AREA_26	16	static
../RTD/Rte_TS_T40D34M70I1R0/src/SchM_Lin_43_LPUART_FLEXIO.c:1111:6:SchM_Exit_Lin_43_LPUART_FLEXIO_LIN_EXCLUSIVE_AREA_26	16	static
../RTD/Rte_TS_T40D34M70I1R0/src/SchM_Lin_43_LPUART_FLEXIO.c:1125:6:SchM_Enter_Lin_43_LPUART_FLEXIO_LIN_EXCLUSIVE_AREA_27	16	static
../RTD/Rte_TS_T40D34M70I1R0/src/SchM_Lin_43_LPUART_FLEXIO.c:1149:6:SchM_Exit_Lin_43_LPUART_FLEXIO_LIN_EXCLUSIVE_AREA_27	16	static
