../RTD/Rte_TS_T40D34M70I1R0/src/SchM_Wdg.c:335:8:Wdg_schm_read_msr	4	static
../RTD/Rte_TS_T40D34M70I1R0/src/SchM_Wdg.c:477:6:SchM_Enter_Wdg_WDG_EXCLUSIVE_AREA_00	16	static
../RTD/Rte_TS_T40D34M70I1R0/src/SchM_Wdg.c:501:6:SchM_Exit_Wdg_WDG_EXCLUSIVE_AREA_00	16	static
../RTD/Rte_TS_T40D34M70I1R0/src/SchM_Wdg.c:515:6:SchM_Enter_Wdg_WDG_EXCLUSIVE_AREA_01	16	static
../RTD/Rte_TS_T40D34M70I1R0/src/SchM_Wdg.c:539:6:SchM_Exit_Wdg_WDG_EXCLUSIVE_AREA_01	16	static
../RTD/Rte_TS_T40D34M70I1R0/src/SchM_Wdg.c:553:6:SchM_Enter_Wdg_WDG_EXCLUSIVE_AREA_02	16	static
../RTD/Rte_TS_T40D34M70I1R0/src/SchM_Wdg.c:577:6:SchM_Exit_Wdg_WDG_EXCLUSIVE_AREA_02	16	static
../RTD/Rte_TS_T40D34M70I1R0/src/SchM_Wdg.c:591:6:SchM_Enter_Wdg_WDG_EXCLUSIVE_AREA_03	16	static
../RTD/Rte_TS_T40D34M70I1R0/src/SchM_Wdg.c:615:6:SchM_Exit_Wdg_WDG_EXCLUSIVE_AREA_03	16	static
../RTD/Rte_TS_T40D34M70I1R0/src/SchM_Wdg.c:629:6:SchM_Enter_Wdg_WDG_EXCLUSIVE_AREA_04	16	static
../RTD/Rte_TS_T40D34M70I1R0/src/SchM_Wdg.c:653:6:SchM_Exit_Wdg_WDG_EXCLUSIVE_AREA_04	16	static
../RTD/Rte_TS_T40D34M70I1R0/src/SchM_Wdg.c:667:6:SchM_Enter_Wdg_WDG_EXCLUSIVE_AREA_05	16	static
../RTD/Rte_TS_T40D34M70I1R0/src/SchM_Wdg.c:691:6:SchM_Exit_Wdg_WDG_EXCLUSIVE_AREA_05	16	static
../RTD/Rte_TS_T40D34M70I1R0/src/SchM_Wdg.c:705:6:SchM_Enter_Wdg_WDG_EXCLUSIVE_AREA_06	16	static
../RTD/Rte_TS_T40D34M70I1R0/src/SchM_Wdg.c:729:6:SchM_Exit_Wdg_WDG_EXCLUSIVE_AREA_06	16	static
../RTD/Rte_TS_T40D34M70I1R0/src/SchM_Wdg.c:743:6:SchM_Enter_Wdg_WDG_EXCLUSIVE_AREA_07	16	static
../RTD/Rte_TS_T40D34M70I1R0/src/SchM_Wdg.c:767:6:SchM_Exit_Wdg_WDG_EXCLUSIVE_AREA_07	16	static
../RTD/Rte_TS_T40D34M70I1R0/src/SchM_Wdg.c:781:6:SchM_Enter_Wdg_WDG_EXCLUSIVE_AREA_08	16	static
../RTD/Rte_TS_T40D34M70I1R0/src/SchM_Wdg.c:805:6:SchM_Exit_Wdg_WDG_EXCLUSIVE_AREA_08	16	static
../RTD/Rte_TS_T40D34M70I1R0/src/SchM_Wdg.c:819:6:SchM_Enter_Wdg_WDG_EXCLUSIVE_AREA_09	16	static
../RTD/Rte_TS_T40D34M70I1R0/src/SchM_Wdg.c:843:6:SchM_Exit_Wdg_WDG_EXCLUSIVE_AREA_09	16	static
../RTD/Rte_TS_T40D34M70I1R0/src/SchM_Wdg.c:857:6:SchM_Enter_Wdg_WDG_EXCLUSIVE_AREA_10	16	static
../RTD/Rte_TS_T40D34M70I1R0/src/SchM_Wdg.c:881:6:SchM_Exit_Wdg_WDG_EXCLUSIVE_AREA_10	16	static
../RTD/Rte_TS_T40D34M70I1R0/src/SchM_Wdg.c:895:6:SchM_Enter_Wdg_WDG_EXCLUSIVE_AREA_11	16	static
../RTD/Rte_TS_T40D34M70I1R0/src/SchM_Wdg.c:919:6:SchM_Exit_Wdg_WDG_EXCLUSIVE_AREA_11	16	static
../RTD/Rte_TS_T40D34M70I1R0/src/SchM_Wdg.c:933:6:SchM_Enter_Wdg_WDG_EXCLUSIVE_AREA_12	16	static
../RTD/Rte_TS_T40D34M70I1R0/src/SchM_Wdg.c:957:6:SchM_Exit_Wdg_WDG_EXCLUSIVE_AREA_12	16	static
../RTD/Rte_TS_T40D34M70I1R0/src/SchM_Wdg.c:971:6:SchM_Enter_Wdg_WDG_EXCLUSIVE_AREA_13	16	static
../RTD/Rte_TS_T40D34M70I1R0/src/SchM_Wdg.c:995:6:SchM_Exit_Wdg_WDG_EXCLUSIVE_AREA_13	16	static
../RTD/Rte_TS_T40D34M70I1R0/src/SchM_Wdg.c:1009:6:SchM_Enter_Wdg_WDG_EXCLUSIVE_AREA_14	16	static
../RTD/Rte_TS_T40D34M70I1R0/src/SchM_Wdg.c:1033:6:SchM_Exit_Wdg_WDG_EXCLUSIVE_AREA_14	16	static
../RTD/Rte_TS_T40D34M70I1R0/src/SchM_Wdg.c:1047:6:SchM_Enter_Wdg_WDG_EXCLUSIVE_AREA_15	16	static
../RTD/Rte_TS_T40D34M70I1R0/src/SchM_Wdg.c:1071:6:SchM_Exit_Wdg_WDG_EXCLUSIVE_AREA_15	16	static
../RTD/Rte_TS_T40D34M70I1R0/src/SchM_Wdg.c:1085:6:SchM_Enter_Wdg_WDG_EXCLUSIVE_AREA_16	16	static
../RTD/Rte_TS_T40D34M70I1R0/src/SchM_Wdg.c:1109:6:SchM_Exit_Wdg_WDG_EXCLUSIVE_AREA_16	16	static
