../RTD/Rte_TS_T40D34M70I1R0/src/SchM_Eth_43_GMAC.c:313:8:Eth_43_GMAC_schm_read_msr	4	static
../RTD/Rte_TS_T40D34M70I1R0/src/SchM_Eth_43_GMAC.c:455:6:SchM_Enter_Eth_43_GMAC_ETH_EXCLUSIVE_AREA_00	16	static
../RTD/Rte_TS_T40D34M70I1R0/src/SchM_Eth_43_GMAC.c:479:6:SchM_Exit_Eth_43_GMAC_ETH_EXCLUSIVE_AREA_00	16	static
../RTD/Rte_TS_T40D34M70I1R0/src/SchM_Eth_43_GMAC.c:493:6:SchM_Enter_Eth_43_GMAC_ETH_EXCLUSIVE_AREA_01	16	static
../RTD/Rte_TS_T40D34M70I1R0/src/SchM_Eth_43_GMAC.c:517:6:SchM_Exit_Eth_43_GMAC_ETH_EXCLUSIVE_AREA_01	16	static
../RTD/Rte_TS_T40D34M70I1R0/src/SchM_Eth_43_GMAC.c:531:6:SchM_Enter_Eth_43_GMAC_ETH_EXCLUSIVE_AREA_02	16	static
../RTD/Rte_TS_T40D34M70I1R0/src/SchM_Eth_43_GMAC.c:555:6:SchM_Exit_Eth_43_GMAC_ETH_EXCLUSIVE_AREA_02	16	static
../RTD/Rte_TS_T40D34M70I1R0/src/SchM_Eth_43_GMAC.c:569:6:SchM_Enter_Eth_43_GMAC_ETH_EXCLUSIVE_AREA_03	16	static
../RTD/Rte_TS_T40D34M70I1R0/src/SchM_Eth_43_GMAC.c:593:6:SchM_Exit_Eth_43_GMAC_ETH_EXCLUSIVE_AREA_03	16	static
../RTD/Rte_TS_T40D34M70I1R0/src/SchM_Eth_43_GMAC.c:607:6:SchM_Enter_Eth_43_GMAC_ETH_EXCLUSIVE_AREA_35	16	static
../RTD/Rte_TS_T40D34M70I1R0/src/SchM_Eth_43_GMAC.c:631:6:SchM_Exit_Eth_43_GMAC_ETH_EXCLUSIVE_AREA_35	16	static
../RTD/Rte_TS_T40D34M70I1R0/src/SchM_Eth_43_GMAC.c:645:6:SchM_Enter_Eth_43_GMAC_ETH_EXCLUSIVE_AREA_36	16	static
../RTD/Rte_TS_T40D34M70I1R0/src/SchM_Eth_43_GMAC.c:669:6:SchM_Exit_Eth_43_GMAC_ETH_EXCLUSIVE_AREA_36	16	static
