../RTD/Rte_TS_T40D34M70I1R0/src/SchM_Mem_43_EXFLS.c:321:8:Mem_43_EXFLS_schm_read_msr	4	static
../RTD/Rte_TS_T40D34M70I1R0/src/SchM_Mem_43_EXFLS.c:463:6:SchM_Enter_Mem_43_EXFLS_MEM_EXCLUSIVE_AREA_01	16	static
../RTD/Rte_TS_T40D34M70I1R0/src/SchM_Mem_43_EXFLS.c:487:6:SchM_Exit_Mem_43_EXFLS_MEM_EXCLUSIVE_AREA_01	16	static
../RTD/Rte_TS_T40D34M70I1R0/src/SchM_Mem_43_EXFLS.c:501:6:SchM_Enter_Mem_43_EXFLS_MEM_EXCLUSIVE_AREA_02	16	static
../RTD/Rte_TS_T40D34M70I1R0/src/SchM_Mem_43_EXFLS.c:525:6:SchM_Exit_Mem_43_EXFLS_MEM_EXCLUSIVE_AREA_02	16	static
../RTD/Rte_TS_T40D34M70I1R0/src/SchM_Mem_43_EXFLS.c:539:6:SchM_Enter_Mem_43_EXFLS_MEM_EXCLUSIVE_AREA_03	16	static
../RTD/Rte_TS_T40D34M70I1R0/src/SchM_Mem_43_EXFLS.c:563:6:SchM_Exit_Mem_43_EXFLS_MEM_EXCLUSIVE_AREA_03	16	static
../RTD/Rte_TS_T40D34M70I1R0/src/SchM_Mem_43_EXFLS.c:577:6:SchM_Enter_Mem_43_EXFLS_MEM_EXCLUSIVE_AREA_04	16	static
../RTD/Rte_TS_T40D34M70I1R0/src/SchM_Mem_43_EXFLS.c:601:6:SchM_Exit_Mem_43_EXFLS_MEM_EXCLUSIVE_AREA_04	16	static
../RTD/Rte_TS_T40D34M70I1R0/src/SchM_Mem_43_EXFLS.c:615:6:SchM_Enter_Mem_43_EXFLS_MEM_EXCLUSIVE_AREA_05	16	static
../RTD/Rte_TS_T40D34M70I1R0/src/SchM_Mem_43_EXFLS.c:639:6:SchM_Exit_Mem_43_EXFLS_MEM_EXCLUSIVE_AREA_05	16	static
../RTD/Rte_TS_T40D34M70I1R0/src/SchM_Mem_43_EXFLS.c:653:6:SchM_Enter_Mem_43_EXFLS_MEM_EXCLUSIVE_AREA_06	16	static
../RTD/Rte_TS_T40D34M70I1R0/src/SchM_Mem_43_EXFLS.c:677:6:SchM_Exit_Mem_43_EXFLS_MEM_EXCLUSIVE_AREA_06	16	static
../RTD/Rte_TS_T40D34M70I1R0/src/SchM_Mem_43_EXFLS.c:691:6:SchM_Enter_Mem_43_EXFLS_MEM_EXCLUSIVE_AREA_07	16	static
../RTD/Rte_TS_T40D34M70I1R0/src/SchM_Mem_43_EXFLS.c:715:6:SchM_Exit_Mem_43_EXFLS_MEM_EXCLUSIVE_AREA_07	16	static
../RTD/Rte_TS_T40D34M70I1R0/src/SchM_Mem_43_EXFLS.c:729:6:SchM_Enter_Mem_43_EXFLS_MEM_EXCLUSIVE_AREA_08	16	static
../RTD/Rte_TS_T40D34M70I1R0/src/SchM_Mem_43_EXFLS.c:753:6:SchM_Exit_Mem_43_EXFLS_MEM_EXCLUSIVE_AREA_08	16	static
../RTD/Rte_TS_T40D34M70I1R0/src/SchM_Mem_43_EXFLS.c:767:6:SchM_Enter_Mem_43_EXFLS_MEM_EXCLUSIVE_AREA_09	16	static
../RTD/Rte_TS_T40D34M70I1R0/src/SchM_Mem_43_EXFLS.c:791:6:SchM_Exit_Mem_43_EXFLS_MEM_EXCLUSIVE_AREA_09	16	static
../RTD/Rte_TS_T40D34M70I1R0/src/SchM_Mem_43_EXFLS.c:805:6:SchM_Enter_Mem_43_EXFLS_MEM_EXCLUSIVE_AREA_10	16	static
../RTD/Rte_TS_T40D34M70I1R0/src/SchM_Mem_43_EXFLS.c:829:6:SchM_Exit_Mem_43_EXFLS_MEM_EXCLUSIVE_AREA_10	16	static
