../RTD/Rte_TS_T40D34M70I1R0/src/SchM_Crypto.c:319:8:Crypto_schm_read_msr	4	static
../RTD/Rte_TS_T40D34M70I1R0/src/SchM_Crypto.c:461:6:SchM_Enter_Crypto_CRYPTO_EXCLUSIVE_AREA_00	16	static
../RTD/Rte_TS_T40D34M70I1R0/src/SchM_Crypto.c:485:6:SchM_Exit_Crypto_CRYPTO_EXCLUSIVE_AREA_00	16	static
../RTD/Rte_TS_T40D34M70I1R0/src/SchM_Crypto.c:499:6:SchM_Enter_Crypto_CRYPTO_EXCLUSIVE_AREA_01	16	static
../RTD/Rte_TS_T40D34M70I1R0/src/SchM_Crypto.c:523:6:SchM_Exit_Crypto_CRYPTO_EXCLUSIVE_AREA_01	16	static
../RTD/Rte_TS_T40D34M70I1R0/src/SchM_Crypto.c:537:6:SchM_Enter_Crypto_CRYPTO_EXCLUSIVE_AREA_02	16	static
../RTD/Rte_TS_T40D34M70I1R0/src/SchM_Crypto.c:561:6:SchM_Exit_Crypto_CRYPTO_EXCLUSIVE_AREA_02	16	static
../RTD/Rte_TS_T40D34M70I1R0/src/SchM_Crypto.c:575:6:SchM_Enter_Crypto_CRYPTO_EXCLUSIVE_AREA_03	16	static
../RTD/Rte_TS_T40D34M70I1R0/src/SchM_Crypto.c:599:6:SchM_Exit_Crypto_CRYPTO_EXCLUSIVE_AREA_03	16	static
../RTD/Rte_TS_T40D34M70I1R0/src/SchM_Crypto.c:613:6:SchM_Enter_Crypto_CRYPTO_EXCLUSIVE_AREA_04	16	static
../RTD/Rte_TS_T40D34M70I1R0/src/SchM_Crypto.c:637:6:SchM_Exit_Crypto_CRYPTO_EXCLUSIVE_AREA_04	16	static
../RTD/Rte_TS_T40D34M70I1R0/src/SchM_Crypto.c:651:6:SchM_Enter_Crypto_CRYPTO_EXCLUSIVE_AREA_05	16	static
../RTD/Rte_TS_T40D34M70I1R0/src/SchM_Crypto.c:675:6:SchM_Exit_Crypto_CRYPTO_EXCLUSIVE_AREA_05	16	static
../RTD/Rte_TS_T40D34M70I1R0/src/SchM_Crypto.c:689:6:SchM_Enter_Crypto_CRYPTO_EXCLUSIVE_AREA_10	16	static
../RTD/Rte_TS_T40D34M70I1R0/src/SchM_Crypto.c:713:6:SchM_Exit_Crypto_CRYPTO_EXCLUSIVE_AREA_10	16	static
../RTD/Rte_TS_T40D34M70I1R0/src/SchM_Crypto.c:727:6:SchM_Enter_Crypto_CRYPTO_EXCLUSIVE_AREA_11	16	static
../RTD/Rte_TS_T40D34M70I1R0/src/SchM_Crypto.c:751:6:SchM_Exit_Crypto_CRYPTO_EXCLUSIVE_AREA_11	16	static
../RTD/Rte_TS_T40D34M70I1R0/src/SchM_Crypto.c:765:6:SchM_Enter_Crypto_CRYPTO_EXCLUSIVE_AREA_12	16	static
../RTD/Rte_TS_T40D34M70I1R0/src/SchM_Crypto.c:789:6:SchM_Exit_Crypto_CRYPTO_EXCLUSIVE_AREA_12	16	static
