../RTD/Rte_TS_T40D34M70I1R0/src/SchM_Rm.c:327:8:Rm_schm_read_msr	4	static
../RTD/Rte_TS_T40D34M70I1R0/src/SchM_Rm.c:469:6:SchM_Enter_Rm_RM_EXCLUSIVE_AREA_00	16	static
../RTD/Rte_TS_T40D34M70I1R0/src/SchM_Rm.c:493:6:SchM_Exit_Rm_RM_EXCLUSIVE_AREA_00	16	static
../RTD/Rte_TS_T40D34M70I1R0/src/SchM_Rm.c:507:6:SchM_Enter_Rm_RM_EXCLUSIVE_AREA_01	16	static
../RTD/Rte_TS_T40D34M70I1R0/src/SchM_Rm.c:531:6:SchM_Exit_Rm_RM_EXCLUSIVE_AREA_01	16	static
../RTD/Rte_TS_T40D34M70I1R0/src/SchM_Rm.c:545:6:SchM_Enter_Rm_RM_EXCLUSIVE_AREA_02	16	static
../RTD/Rte_TS_T40D34M70I1R0/src/SchM_Rm.c:569:6:SchM_Exit_Rm_RM_EXCLUSIVE_AREA_02	16	static
../RTD/Rte_TS_T40D34M70I1R0/src/SchM_Rm.c:583:6:SchM_Enter_Rm_RM_EXCLUSIVE_AREA_03	16	static
../RTD/Rte_TS_T40D34M70I1R0/src/SchM_Rm.c:607:6:SchM_Exit_Rm_RM_EXCLUSIVE_AREA_03	16	static
../RTD/Rte_TS_T40D34M70I1R0/src/SchM_Rm.c:621:6:SchM_Enter_Rm_RM_EXCLUSIVE_AREA_04	16	static
../RTD/Rte_TS_T40D34M70I1R0/src/SchM_Rm.c:645:6:SchM_Exit_Rm_RM_EXCLUSIVE_AREA_04	16	static
../RTD/Rte_TS_T40D34M70I1R0/src/SchM_Rm.c:659:6:SchM_Enter_Rm_RM_EXCLUSIVE_AREA_05	16	static
../RTD/Rte_TS_T40D34M70I1R0/src/SchM_Rm.c:683:6:SchM_Exit_Rm_RM_EXCLUSIVE_AREA_05	16	static
../RTD/Rte_TS_T40D34M70I1R0/src/SchM_Rm.c:697:6:SchM_Enter_Rm_RM_EXCLUSIVE_AREA_06	16	static
../RTD/Rte_TS_T40D34M70I1R0/src/SchM_Rm.c:721:6:SchM_Exit_Rm_RM_EXCLUSIVE_AREA_06	16	static
../RTD/Rte_TS_T40D34M70I1R0/src/SchM_Rm.c:735:6:SchM_Enter_Rm_RM_EXCLUSIVE_AREA_07	16	static
../RTD/Rte_TS_T40D34M70I1R0/src/SchM_Rm.c:759:6:SchM_Exit_Rm_RM_EXCLUSIVE_AREA_07	16	static
../RTD/Rte_TS_T40D34M70I1R0/src/SchM_Rm.c:773:6:SchM_Enter_Rm_RM_EXCLUSIVE_AREA_08	16	static
../RTD/Rte_TS_T40D34M70I1R0/src/SchM_Rm.c:797:6:SchM_Exit_Rm_RM_EXCLUSIVE_AREA_08	16	static
../RTD/Rte_TS_T40D34M70I1R0/src/SchM_Rm.c:811:6:SchM_Enter_Rm_RM_EXCLUSIVE_AREA_09	16	static
../RTD/Rte_TS_T40D34M70I1R0/src/SchM_Rm.c:835:6:SchM_Exit_Rm_RM_EXCLUSIVE_AREA_09	16	static
../RTD/Rte_TS_T40D34M70I1R0/src/SchM_Rm.c:849:6:SchM_Enter_Rm_RM_EXCLUSIVE_AREA_10	16	static
../RTD/Rte_TS_T40D34M70I1R0/src/SchM_Rm.c:873:6:SchM_Exit_Rm_RM_EXCLUSIVE_AREA_10	16	static
../RTD/Rte_TS_T40D34M70I1R0/src/SchM_Rm.c:887:6:SchM_Enter_Rm_RM_EXCLUSIVE_AREA_11	16	static
../RTD/Rte_TS_T40D34M70I1R0/src/SchM_Rm.c:911:6:SchM_Exit_Rm_RM_EXCLUSIVE_AREA_11	16	static
../RTD/Rte_TS_T40D34M70I1R0/src/SchM_Rm.c:925:6:SchM_Enter_Rm_RM_EXCLUSIVE_AREA_12	16	static
../RTD/Rte_TS_T40D34M70I1R0/src/SchM_Rm.c:949:6:SchM_Exit_Rm_RM_EXCLUSIVE_AREA_12	16	static
