../RTD/Rte_TS_T40D34M70I1R0/src/SchM_Mem_43_INFLS.c:353:8:Mem_43_INFLS_schm_read_msr	4	static
../RTD/Rte_TS_T40D34M70I1R0/src/SchM_Mem_43_INFLS.c:495:6:SchM_Enter_Mem_43_INFLS_MEM_EXCLUSIVE_AREA_01	16	static
../RTD/Rte_TS_T40D34M70I1R0/src/SchM_Mem_43_INFLS.c:519:6:SchM_Exit_Mem_43_INFLS_MEM_EXCLUSIVE_AREA_01	16	static
../RTD/Rte_TS_T40D34M70I1R0/src/SchM_Mem_43_INFLS.c:533:6:SchM_Enter_Mem_43_INFLS_MEM_EXCLUSIVE_AREA_02	16	static
../RTD/Rte_TS_T40D34M70I1R0/src/SchM_Mem_43_INFLS.c:557:6:SchM_Exit_Mem_43_INFLS_MEM_EXCLUSIVE_AREA_02	16	static
../RTD/Rte_TS_T40D34M70I1R0/src/SchM_Mem_43_INFLS.c:571:6:SchM_Enter_Mem_43_INFLS_MEM_EXCLUSIVE_AREA_03	16	static
../RTD/Rte_TS_T40D34M70I1R0/src/SchM_Mem_43_INFLS.c:595:6:SchM_Exit_Mem_43_INFLS_MEM_EXCLUSIVE_AREA_03	16	static
../RTD/Rte_TS_T40D34M70I1R0/src/SchM_Mem_43_INFLS.c:609:6:SchM_Enter_Mem_43_INFLS_MEM_EXCLUSIVE_AREA_04	16	static
../RTD/Rte_TS_T40D34M70I1R0/src/SchM_Mem_43_INFLS.c:633:6:SchM_Exit_Mem_43_INFLS_MEM_EXCLUSIVE_AREA_04	16	static
../RTD/Rte_TS_T40D34M70I1R0/src/SchM_Mem_43_INFLS.c:647:6:SchM_Enter_Mem_43_INFLS_MEM_EXCLUSIVE_AREA_05	16	static
../RTD/Rte_TS_T40D34M70I1R0/src/SchM_Mem_43_INFLS.c:671:6:SchM_Exit_Mem_43_INFLS_MEM_EXCLUSIVE_AREA_05	16	static
../RTD/Rte_TS_T40D34M70I1R0/src/SchM_Mem_43_INFLS.c:685:6:SchM_Enter_Mem_43_INFLS_MEM_EXCLUSIVE_AREA_06	16	static
../RTD/Rte_TS_T40D34M70I1R0/src/SchM_Mem_43_INFLS.c:709:6:SchM_Exit_Mem_43_INFLS_MEM_EXCLUSIVE_AREA_06	16	static
../RTD/Rte_TS_T40D34M70I1R0/src/SchM_Mem_43_INFLS.c:723:6:SchM_Enter_Mem_43_INFLS_MEM_EXCLUSIVE_AREA_07	16	static
../RTD/Rte_TS_T40D34M70I1R0/src/SchM_Mem_43_INFLS.c:747:6:SchM_Exit_Mem_43_INFLS_MEM_EXCLUSIVE_AREA_07	16	static
../RTD/Rte_TS_T40D34M70I1R0/src/SchM_Mem_43_INFLS.c:761:6:SchM_Enter_Mem_43_INFLS_MEM_EXCLUSIVE_AREA_08	16	static
../RTD/Rte_TS_T40D34M70I1R0/src/SchM_Mem_43_INFLS.c:785:6:SchM_Exit_Mem_43_INFLS_MEM_EXCLUSIVE_AREA_08	16	static
../RTD/Rte_TS_T40D34M70I1R0/src/SchM_Mem_43_INFLS.c:799:6:SchM_Enter_Mem_43_INFLS_MEM_EXCLUSIVE_AREA_09	16	static
../RTD/Rte_TS_T40D34M70I1R0/src/SchM_Mem_43_INFLS.c:823:6:SchM_Exit_Mem_43_INFLS_MEM_EXCLUSIVE_AREA_09	16	static
../RTD/Rte_TS_T40D34M70I1R0/src/SchM_Mem_43_INFLS.c:837:6:SchM_Enter_Mem_43_INFLS_MEM_EXCLUSIVE_AREA_10	16	static
../RTD/Rte_TS_T40D34M70I1R0/src/SchM_Mem_43_INFLS.c:861:6:SchM_Exit_Mem_43_INFLS_MEM_EXCLUSIVE_AREA_10	16	static
../RTD/Rte_TS_T40D34M70I1R0/src/SchM_Mem_43_INFLS.c:875:6:SchM_Enter_Mem_43_INFLS_MEM_EXCLUSIVE_AREA_11	16	static
../RTD/Rte_TS_T40D34M70I1R0/src/SchM_Mem_43_INFLS.c:899:6:SchM_Exit_Mem_43_INFLS_MEM_EXCLUSIVE_AREA_11	16	static
../RTD/Rte_TS_T40D34M70I1R0/src/SchM_Mem_43_INFLS.c:913:6:SchM_Enter_Mem_43_INFLS_MEM_EXCLUSIVE_AREA_12	16	static
../RTD/Rte_TS_T40D34M70I1R0/src/SchM_Mem_43_INFLS.c:937:6:SchM_Exit_Mem_43_INFLS_MEM_EXCLUSIVE_AREA_12	16	static
../RTD/Rte_TS_T40D34M70I1R0/src/SchM_Mem_43_INFLS.c:951:6:SchM_Enter_Mem_43_INFLS_MEM_EXCLUSIVE_AREA_13	16	static
../RTD/Rte_TS_T40D34M70I1R0/src/SchM_Mem_43_INFLS.c:975:6:SchM_Exit_Mem_43_INFLS_MEM_EXCLUSIVE_AREA_13	16	static
../RTD/Rte_TS_T40D34M70I1R0/src/SchM_Mem_43_INFLS.c:989:6:SchM_Enter_Mem_43_INFLS_MEM_EXCLUSIVE_AREA_14	16	static
../RTD/Rte_TS_T40D34M70I1R0/src/SchM_Mem_43_INFLS.c:1013:6:SchM_Exit_Mem_43_INFLS_MEM_EXCLUSIVE_AREA_14	16	static
../RTD/Rte_TS_T40D34M70I1R0/src/SchM_Mem_43_INFLS.c:1027:6:SchM_Enter_Mem_43_INFLS_MEM_EXCLUSIVE_AREA_15	16	static
../RTD/Rte_TS_T40D34M70I1R0/src/SchM_Mem_43_INFLS.c:1051:6:SchM_Exit_Mem_43_INFLS_MEM_EXCLUSIVE_AREA_15	16	static
../RTD/Rte_TS_T40D34M70I1R0/src/SchM_Mem_43_INFLS.c:1065:6:SchM_Enter_Mem_43_INFLS_MEM_EXCLUSIVE_AREA_16	16	static
../RTD/Rte_TS_T40D34M70I1R0/src/SchM_Mem_43_INFLS.c:1089:6:SchM_Exit_Mem_43_INFLS_MEM_EXCLUSIVE_AREA_16	16	static
../RTD/Rte_TS_T40D34M70I1R0/src/SchM_Mem_43_INFLS.c:1103:6:SchM_Enter_Mem_43_INFLS_MEM_EXCLUSIVE_AREA_17	16	static
../RTD/Rte_TS_T40D34M70I1R0/src/SchM_Mem_43_INFLS.c:1127:6:SchM_Exit_Mem_43_INFLS_MEM_EXCLUSIVE_AREA_17	16	static
../RTD/Rte_TS_T40D34M70I1R0/src/SchM_Mem_43_INFLS.c:1141:6:SchM_Enter_Mem_43_INFLS_MEM_EXCLUSIVE_AREA_18	16	static
../RTD/Rte_TS_T40D34M70I1R0/src/SchM_Mem_43_INFLS.c:1165:6:SchM_Exit_Mem_43_INFLS_MEM_EXCLUSIVE_AREA_18	16	static
../RTD/Rte_TS_T40D34M70I1R0/src/SchM_Mem_43_INFLS.c:1179:6:SchM_Enter_Mem_43_INFLS_MEM_EXCLUSIVE_AREA_19	16	static
../RTD/Rte_TS_T40D34M70I1R0/src/SchM_Mem_43_INFLS.c:1203:6:SchM_Exit_Mem_43_INFLS_MEM_EXCLUSIVE_AREA_19	16	static
../RTD/Rte_TS_T40D34M70I1R0/src/SchM_Mem_43_INFLS.c:1217:6:SchM_Enter_Mem_43_INFLS_MEM_EXCLUSIVE_AREA_20	16	static
../RTD/Rte_TS_T40D34M70I1R0/src/SchM_Mem_43_INFLS.c:1241:6:SchM_Exit_Mem_43_INFLS_MEM_EXCLUSIVE_AREA_20	16	static
../RTD/Rte_TS_T40D34M70I1R0/src/SchM_Mem_43_INFLS.c:1255:6:SchM_Enter_Mem_43_INFLS_MEM_EXCLUSIVE_AREA_21	16	static
../RTD/Rte_TS_T40D34M70I1R0/src/SchM_Mem_43_INFLS.c:1279:6:SchM_Exit_Mem_43_INFLS_MEM_EXCLUSIVE_AREA_21	16	static
../RTD/Rte_TS_T40D34M70I1R0/src/SchM_Mem_43_INFLS.c:1293:6:SchM_Enter_Mem_43_INFLS_MEM_EXCLUSIVE_AREA_22	16	static
../RTD/Rte_TS_T40D34M70I1R0/src/SchM_Mem_43_INFLS.c:1317:6:SchM_Exit_Mem_43_INFLS_MEM_EXCLUSIVE_AREA_22	16	static
../RTD/Rte_TS_T40D34M70I1R0/src/SchM_Mem_43_INFLS.c:1331:6:SchM_Enter_Mem_43_INFLS_MEM_EXCLUSIVE_AREA_23	16	static
../RTD/Rte_TS_T40D34M70I1R0/src/SchM_Mem_43_INFLS.c:1355:6:SchM_Exit_Mem_43_INFLS_MEM_EXCLUSIVE_AREA_23	16	static
../RTD/Rte_TS_T40D34M70I1R0/src/SchM_Mem_43_INFLS.c:1369:6:SchM_Enter_Mem_43_INFLS_MEM_EXCLUSIVE_AREA_24	16	static
../RTD/Rte_TS_T40D34M70I1R0/src/SchM_Mem_43_INFLS.c:1393:6:SchM_Exit_Mem_43_INFLS_MEM_EXCLUSIVE_AREA_24	16	static
../RTD/Rte_TS_T40D34M70I1R0/src/SchM_Mem_43_INFLS.c:1407:6:SchM_Enter_Mem_43_INFLS_MEM_EXCLUSIVE_AREA_25	16	static
../RTD/Rte_TS_T40D34M70I1R0/src/SchM_Mem_43_INFLS.c:1431:6:SchM_Exit_Mem_43_INFLS_MEM_EXCLUSIVE_AREA_25	16	static
../RTD/Rte_TS_T40D34M70I1R0/src/SchM_Mem_43_INFLS.c:1445:6:SchM_Enter_Mem_43_INFLS_MEM_EXCLUSIVE_AREA_26	16	static
../RTD/Rte_TS_T40D34M70I1R0/src/SchM_Mem_43_INFLS.c:1469:6:SchM_Exit_Mem_43_INFLS_MEM_EXCLUSIVE_AREA_26	16	static
