../RTD/Rte_TS_T40D34M70I1R0/src/SchM_Icu.c:411:8:Icu_schm_read_msr	4	static
../RTD/Rte_TS_T40D34M70I1R0/src/SchM_Icu.c:553:6:SchM_Enter_Icu_ICU_EXCLUSIVE_AREA_00	16	static
../RTD/Rte_TS_T40D34M70I1R0/src/SchM_Icu.c:577:6:SchM_Exit_Icu_ICU_EXCLUSIVE_AREA_00	16	static
../RTD/Rte_TS_T40D34M70I1R0/src/SchM_Icu.c:591:6:SchM_Enter_Icu_ICU_EXCLUSIVE_AREA_01	16	static
../RTD/Rte_TS_T40D34M70I1R0/src/SchM_Icu.c:615:6:SchM_Exit_Icu_ICU_EXCLUSIVE_AREA_01	16	static
../RTD/Rte_TS_T40D34M70I1R0/src/SchM_Icu.c:629:6:SchM_Enter_Icu_ICU_EXCLUSIVE_AREA_02	16	static
../RTD/Rte_TS_T40D34M70I1R0/src/SchM_Icu.c:653:6:SchM_Exit_Icu_ICU_EXCLUSIVE_AREA_02	16	static
../RTD/Rte_TS_T40D34M70I1R0/src/SchM_Icu.c:667:6:SchM_Enter_Icu_ICU_EXCLUSIVE_AREA_03	16	static
../RTD/Rte_TS_T40D34M70I1R0/src/SchM_Icu.c:691:6:SchM_Exit_Icu_ICU_EXCLUSIVE_AREA_03	16	static
../RTD/Rte_TS_T40D34M70I1R0/src/SchM_Icu.c:705:6:SchM_Enter_Icu_ICU_EXCLUSIVE_AREA_08	16	static
../RTD/Rte_TS_T40D34M70I1R0/src/SchM_Icu.c:729:6:SchM_Exit_Icu_ICU_EXCLUSIVE_AREA_08	16	static
../RTD/Rte_TS_T40D34M70I1R0/src/SchM_Icu.c:743:6:SchM_Enter_Icu_ICU_EXCLUSIVE_AREA_09	16	static
../RTD/Rte_TS_T40D34M70I1R0/src/SchM_Icu.c:767:6:SchM_Exit_Icu_ICU_EXCLUSIVE_AREA_09	16	static
../RTD/Rte_TS_T40D34M70I1R0/src/SchM_Icu.c:781:6:SchM_Enter_Icu_ICU_EXCLUSIVE_AREA_10	16	static
../RTD/Rte_TS_T40D34M70I1R0/src/SchM_Icu.c:805:6:SchM_Exit_Icu_ICU_EXCLUSIVE_AREA_10	16	static
../RTD/Rte_TS_T40D34M70I1R0/src/SchM_Icu.c:819:6:SchM_Enter_Icu_ICU_EXCLUSIVE_AREA_15	16	static
../RTD/Rte_TS_T40D34M70I1R0/src/SchM_Icu.c:843:6:SchM_Exit_Icu_ICU_EXCLUSIVE_AREA_15	16	static
../RTD/Rte_TS_T40D34M70I1R0/src/SchM_Icu.c:857:6:SchM_Enter_Icu_ICU_EXCLUSIVE_AREA_16	16	static
../RTD/Rte_TS_T40D34M70I1R0/src/SchM_Icu.c:881:6:SchM_Exit_Icu_ICU_EXCLUSIVE_AREA_16	16	static
../RTD/Rte_TS_T40D34M70I1R0/src/SchM_Icu.c:895:6:SchM_Enter_Icu_ICU_EXCLUSIVE_AREA_17	16	static
../RTD/Rte_TS_T40D34M70I1R0/src/SchM_Icu.c:919:6:SchM_Exit_Icu_ICU_EXCLUSIVE_AREA_17	16	static
../RTD/Rte_TS_T40D34M70I1R0/src/SchM_Icu.c:933:6:SchM_Enter_Icu_ICU_EXCLUSIVE_AREA_18	16	static
../RTD/Rte_TS_T40D34M70I1R0/src/SchM_Icu.c:957:6:SchM_Exit_Icu_ICU_EXCLUSIVE_AREA_18	16	static
../RTD/Rte_TS_T40D34M70I1R0/src/SchM_Icu.c:971:6:SchM_Enter_Icu_ICU_EXCLUSIVE_AREA_19	16	static
../RTD/Rte_TS_T40D34M70I1R0/src/SchM_Icu.c:995:6:SchM_Exit_Icu_ICU_EXCLUSIVE_AREA_19	16	static
../RTD/Rte_TS_T40D34M70I1R0/src/SchM_Icu.c:1009:6:SchM_Enter_Icu_ICU_EXCLUSIVE_AREA_20	16	static
../RTD/Rte_TS_T40D34M70I1R0/src/SchM_Icu.c:1033:6:SchM_Exit_Icu_ICU_EXCLUSIVE_AREA_20	16	static
../RTD/Rte_TS_T40D34M70I1R0/src/SchM_Icu.c:1047:6:SchM_Enter_Icu_ICU_EXCLUSIVE_AREA_21	16	static
../RTD/Rte_TS_T40D34M70I1R0/src/SchM_Icu.c:1071:6:SchM_Exit_Icu_ICU_EXCLUSIVE_AREA_21	16	static
../RTD/Rte_TS_T40D34M70I1R0/src/SchM_Icu.c:1085:6:SchM_Enter_Icu_ICU_EXCLUSIVE_AREA_22	16	static
../RTD/Rte_TS_T40D34M70I1R0/src/SchM_Icu.c:1109:6:SchM_Exit_Icu_ICU_EXCLUSIVE_AREA_22	16	static
../RTD/Rte_TS_T40D34M70I1R0/src/SchM_Icu.c:1123:6:SchM_Enter_Icu_ICU_EXCLUSIVE_AREA_23	16	static
../RTD/Rte_TS_T40D34M70I1R0/src/SchM_Icu.c:1147:6:SchM_Exit_Icu_ICU_EXCLUSIVE_AREA_23	16	static
../RTD/Rte_TS_T40D34M70I1R0/src/SchM_Icu.c:1161:6:SchM_Enter_Icu_ICU_EXCLUSIVE_AREA_24	16	static
../RTD/Rte_TS_T40D34M70I1R0/src/SchM_Icu.c:1185:6:SchM_Exit_Icu_ICU_EXCLUSIVE_AREA_24	16	static
../RTD/Rte_TS_T40D34M70I1R0/src/SchM_Icu.c:1199:6:SchM_Enter_Icu_ICU_EXCLUSIVE_AREA_25	16	static
../RTD/Rte_TS_T40D34M70I1R0/src/SchM_Icu.c:1223:6:SchM_Exit_Icu_ICU_EXCLUSIVE_AREA_25	16	static
../RTD/Rte_TS_T40D34M70I1R0/src/SchM_Icu.c:1237:6:SchM_Enter_Icu_ICU_EXCLUSIVE_AREA_26	16	static
../RTD/Rte_TS_T40D34M70I1R0/src/SchM_Icu.c:1261:6:SchM_Exit_Icu_ICU_EXCLUSIVE_AREA_26	16	static
../RTD/Rte_TS_T40D34M70I1R0/src/SchM_Icu.c:1275:6:SchM_Enter_Icu_ICU_EXCLUSIVE_AREA_27	16	static
../RTD/Rte_TS_T40D34M70I1R0/src/SchM_Icu.c:1299:6:SchM_Exit_Icu_ICU_EXCLUSIVE_AREA_27	16	static
../RTD/Rte_TS_T40D34M70I1R0/src/SchM_Icu.c:1313:6:SchM_Enter_Icu_ICU_EXCLUSIVE_AREA_28	16	static
../RTD/Rte_TS_T40D34M70I1R0/src/SchM_Icu.c:1337:6:SchM_Exit_Icu_ICU_EXCLUSIVE_AREA_28	16	static
../RTD/Rte_TS_T40D34M70I1R0/src/SchM_Icu.c:1351:6:SchM_Enter_Icu_ICU_EXCLUSIVE_AREA_29	16	static
../RTD/Rte_TS_T40D34M70I1R0/src/SchM_Icu.c:1375:6:SchM_Exit_Icu_ICU_EXCLUSIVE_AREA_29	16	static
../RTD/Rte_TS_T40D34M70I1R0/src/SchM_Icu.c:1389:6:SchM_Enter_Icu_ICU_EXCLUSIVE_AREA_30	16	static
../RTD/Rte_TS_T40D34M70I1R0/src/SchM_Icu.c:1413:6:SchM_Exit_Icu_ICU_EXCLUSIVE_AREA_30	16	static
../RTD/Rte_TS_T40D34M70I1R0/src/SchM_Icu.c:1427:6:SchM_Enter_Icu_ICU_EXCLUSIVE_AREA_33	16	static
../RTD/Rte_TS_T40D34M70I1R0/src/SchM_Icu.c:1451:6:SchM_Exit_Icu_ICU_EXCLUSIVE_AREA_33	16	static
../RTD/Rte_TS_T40D34M70I1R0/src/SchM_Icu.c:1465:6:SchM_Enter_Icu_ICU_EXCLUSIVE_AREA_34	16	static
../RTD/Rte_TS_T40D34M70I1R0/src/SchM_Icu.c:1489:6:SchM_Exit_Icu_ICU_EXCLUSIVE_AREA_34	16	static
../RTD/Rte_TS_T40D34M70I1R0/src/SchM_Icu.c:1503:6:SchM_Enter_Icu_ICU_EXCLUSIVE_AREA_35	16	static
../RTD/Rte_TS_T40D34M70I1R0/src/SchM_Icu.c:1527:6:SchM_Exit_Icu_ICU_EXCLUSIVE_AREA_35	16	static
../RTD/Rte_TS_T40D34M70I1R0/src/SchM_Icu.c:1541:6:SchM_Enter_Icu_ICU_EXCLUSIVE_AREA_36	16	static
../RTD/Rte_TS_T40D34M70I1R0/src/SchM_Icu.c:1565:6:SchM_Exit_Icu_ICU_EXCLUSIVE_AREA_36	16	static
../RTD/Rte_TS_T40D34M70I1R0/src/SchM_Icu.c:1579:6:SchM_Enter_Icu_ICU_EXCLUSIVE_AREA_37	16	static
../RTD/Rte_TS_T40D34M70I1R0/src/SchM_Icu.c:1603:6:SchM_Exit_Icu_ICU_EXCLUSIVE_AREA_37	16	static
../RTD/Rte_TS_T40D34M70I1R0/src/SchM_Icu.c:1617:6:SchM_Enter_Icu_ICU_EXCLUSIVE_AREA_46	16	static
../RTD/Rte_TS_T40D34M70I1R0/src/SchM_Icu.c:1641:6:SchM_Exit_Icu_ICU_EXCLUSIVE_AREA_46	16	static
../RTD/Rte_TS_T40D34M70I1R0/src/SchM_Icu.c:1655:6:SchM_Enter_Icu_ICU_EXCLUSIVE_AREA_47	16	static
../RTD/Rte_TS_T40D34M70I1R0/src/SchM_Icu.c:1679:6:SchM_Exit_Icu_ICU_EXCLUSIVE_AREA_47	16	static
../RTD/Rte_TS_T40D34M70I1R0/src/SchM_Icu.c:1693:6:SchM_Enter_Icu_ICU_EXCLUSIVE_AREA_48	16	static
../RTD/Rte_TS_T40D34M70I1R0/src/SchM_Icu.c:1717:6:SchM_Exit_Icu_ICU_EXCLUSIVE_AREA_48	16	static
../RTD/Rte_TS_T40D34M70I1R0/src/SchM_Icu.c:1731:6:SchM_Enter_Icu_ICU_EXCLUSIVE_AREA_49	16	static
../RTD/Rte_TS_T40D34M70I1R0/src/SchM_Icu.c:1755:6:SchM_Exit_Icu_ICU_EXCLUSIVE_AREA_49	16	static
../RTD/Rte_TS_T40D34M70I1R0/src/SchM_Icu.c:1769:6:SchM_Enter_Icu_ICU_EXCLUSIVE_AREA_50	16	static
../RTD/Rte_TS_T40D34M70I1R0/src/SchM_Icu.c:1793:6:SchM_Exit_Icu_ICU_EXCLUSIVE_AREA_50	16	static
../RTD/Rte_TS_T40D34M70I1R0/src/SchM_Icu.c:1807:6:SchM_Enter_Icu_ICU_EXCLUSIVE_AREA_51	16	static
../RTD/Rte_TS_T40D34M70I1R0/src/SchM_Icu.c:1831:6:SchM_Exit_Icu_ICU_EXCLUSIVE_AREA_51	16	static
../RTD/Rte_TS_T40D34M70I1R0/src/SchM_Icu.c:1845:6:SchM_Enter_Icu_ICU_EXCLUSIVE_AREA_52	16	static
../RTD/Rte_TS_T40D34M70I1R0/src/SchM_Icu.c:1869:6:SchM_Exit_Icu_ICU_EXCLUSIVE_AREA_52	16	static
../RTD/Rte_TS_T40D34M70I1R0/src/SchM_Icu.c:1883:6:SchM_Enter_Icu_ICU_EXCLUSIVE_AREA_53	16	static
../RTD/Rte_TS_T40D34M70I1R0/src/SchM_Icu.c:1907:6:SchM_Exit_Icu_ICU_EXCLUSIVE_AREA_53	16	static
../RTD/Rte_TS_T40D34M70I1R0/src/SchM_Icu.c:1921:6:SchM_Enter_Icu_ICU_EXCLUSIVE_AREA_57	16	static
../RTD/Rte_TS_T40D34M70I1R0/src/SchM_Icu.c:1945:6:SchM_Exit_Icu_ICU_EXCLUSIVE_AREA_57	16	static
../RTD/Rte_TS_T40D34M70I1R0/src/SchM_Icu.c:1959:6:SchM_Enter_Icu_ICU_EXCLUSIVE_AREA_58	16	static
../RTD/Rte_TS_T40D34M70I1R0/src/SchM_Icu.c:1983:6:SchM_Exit_Icu_ICU_EXCLUSIVE_AREA_58	16	static
../RTD/Rte_TS_T40D34M70I1R0/src/SchM_Icu.c:1997:6:SchM_Enter_Icu_ICU_EXCLUSIVE_AREA_60	16	static
../RTD/Rte_TS_T40D34M70I1R0/src/SchM_Icu.c:2021:6:SchM_Exit_Icu_ICU_EXCLUSIVE_AREA_60	16	static
../RTD/Rte_TS_T40D34M70I1R0/src/SchM_Icu.c:2035:6:SchM_Enter_Icu_ICU_EXCLUSIVE_AREA_61	16	static
../RTD/Rte_TS_T40D34M70I1R0/src/SchM_Icu.c:2059:6:SchM_Exit_Icu_ICU_EXCLUSIVE_AREA_61	16	static
../RTD/Rte_TS_T40D34M70I1R0/src/SchM_Icu.c:2073:6:SchM_Enter_Icu_ICU_EXCLUSIVE_AREA_62	16	static
../RTD/Rte_TS_T40D34M70I1R0/src/SchM_Icu.c:2097:6:SchM_Exit_Icu_ICU_EXCLUSIVE_AREA_62	16	static
../RTD/Rte_TS_T40D34M70I1R0/src/SchM_Icu.c:2111:6:SchM_Enter_Icu_ICU_EXCLUSIVE_AREA_63	16	static
../RTD/Rte_TS_T40D34M70I1R0/src/SchM_Icu.c:2135:6:SchM_Exit_Icu_ICU_EXCLUSIVE_AREA_63	16	static
../RTD/Rte_TS_T40D34M70I1R0/src/SchM_Icu.c:2149:6:SchM_Enter_Icu_ICU_EXCLUSIVE_AREA_64	16	static
../RTD/Rte_TS_T40D34M70I1R0/src/SchM_Icu.c:2173:6:SchM_Exit_Icu_ICU_EXCLUSIVE_AREA_64	16	static
../RTD/Rte_TS_T40D34M70I1R0/src/SchM_Icu.c:2187:6:SchM_Enter_Icu_ICU_EXCLUSIVE_AREA_65	16	static
../RTD/Rte_TS_T40D34M70I1R0/src/SchM_Icu.c:2211:6:SchM_Exit_Icu_ICU_EXCLUSIVE_AREA_65	16	static
../RTD/Rte_TS_T40D34M70I1R0/src/SchM_Icu.c:2225:6:SchM_Enter_Icu_ICU_EXCLUSIVE_AREA_66	16	static
../RTD/Rte_TS_T40D34M70I1R0/src/SchM_Icu.c:2249:6:SchM_Exit_Icu_ICU_EXCLUSIVE_AREA_66	16	static
../RTD/Rte_TS_T40D34M70I1R0/src/SchM_Icu.c:2263:6:SchM_Enter_Icu_ICU_EXCLUSIVE_AREA_67	16	static
../RTD/Rte_TS_T40D34M70I1R0/src/SchM_Icu.c:2287:6:SchM_Exit_Icu_ICU_EXCLUSIVE_AREA_67	16	static
../RTD/Rte_TS_T40D34M70I1R0/src/SchM_Icu.c:2301:6:SchM_Enter_Icu_ICU_EXCLUSIVE_AREA_68	16	static
../RTD/Rte_TS_T40D34M70I1R0/src/SchM_Icu.c:2325:6:SchM_Exit_Icu_ICU_EXCLUSIVE_AREA_68	16	static
../RTD/Rte_TS_T40D34M70I1R0/src/SchM_Icu.c:2339:6:SchM_Enter_Icu_ICU_EXCLUSIVE_AREA_69	16	static
../RTD/Rte_TS_T40D34M70I1R0/src/SchM_Icu.c:2363:6:SchM_Exit_Icu_ICU_EXCLUSIVE_AREA_69	16	static
../RTD/Rte_TS_T40D34M70I1R0/src/SchM_Icu.c:2377:6:SchM_Enter_Icu_ICU_EXCLUSIVE_AREA_70	16	static
../RTD/Rte_TS_T40D34M70I1R0/src/SchM_Icu.c:2401:6:SchM_Exit_Icu_ICU_EXCLUSIVE_AREA_70	16	static
../RTD/Rte_TS_T40D34M70I1R0/src/SchM_Icu.c:2415:6:SchM_Enter_Icu_ICU_EXCLUSIVE_AREA_71	16	static
../RTD/Rte_TS_T40D34M70I1R0/src/SchM_Icu.c:2439:6:SchM_Exit_Icu_ICU_EXCLUSIVE_AREA_71	16	static
../RTD/Rte_TS_T40D34M70I1R0/src/SchM_Icu.c:2453:6:SchM_Enter_Icu_ICU_EXCLUSIVE_AREA_72	16	static
../RTD/Rte_TS_T40D34M70I1R0/src/SchM_Icu.c:2477:6:SchM_Exit_Icu_ICU_EXCLUSIVE_AREA_72	16	static
../RTD/Rte_TS_T40D34M70I1R0/src/SchM_Icu.c:2491:6:SchM_Enter_Icu_ICU_EXCLUSIVE_AREA_73	16	static
../RTD/Rte_TS_T40D34M70I1R0/src/SchM_Icu.c:2515:6:SchM_Exit_Icu_ICU_EXCLUSIVE_AREA_73	16	static
../RTD/Rte_TS_T40D34M70I1R0/src/SchM_Icu.c:2529:6:SchM_Enter_Icu_ICU_EXCLUSIVE_AREA_74	16	static
../RTD/Rte_TS_T40D34M70I1R0/src/SchM_Icu.c:2553:6:SchM_Exit_Icu_ICU_EXCLUSIVE_AREA_74	16	static
../RTD/Rte_TS_T40D34M70I1R0/src/SchM_Icu.c:2567:6:SchM_Enter_Icu_ICU_EXCLUSIVE_AREA_75	16	static
../RTD/Rte_TS_T40D34M70I1R0/src/SchM_Icu.c:2591:6:SchM_Exit_Icu_ICU_EXCLUSIVE_AREA_75	16	static
../RTD/Rte_TS_T40D34M70I1R0/src/SchM_Icu.c:2605:6:SchM_Enter_Icu_ICU_EXCLUSIVE_AREA_76	16	static
../RTD/Rte_TS_T40D34M70I1R0/src/SchM_Icu.c:2629:6:SchM_Exit_Icu_ICU_EXCLUSIVE_AREA_76	16	static
