../RTD/Rte_TS_T40D34M70I1R0/src/SchM_I2s.c:339:8:I2s_schm_read_msr	4	static
../RTD/Rte_TS_T40D34M70I1R0/src/SchM_I2s.c:481:6:SchM_Enter_I2s_I2S_EXCLUSIVE_AREA_00	16	static
../RTD/Rte_TS_T40D34M70I1R0/src/SchM_I2s.c:505:6:SchM_Exit_I2s_I2S_EXCLUSIVE_AREA_00	16	static
../RTD/Rte_TS_T40D34M70I1R0/src/SchM_I2s.c:519:6:SchM_Enter_I2s_I2S_EXCLUSIVE_AREA_01	16	static
../RTD/Rte_TS_T40D34M70I1R0/src/SchM_I2s.c:543:6:SchM_Exit_I2s_I2S_EXCLUSIVE_AREA_01	16	static
../RTD/Rte_TS_T40D34M70I1R0/src/SchM_I2s.c:557:6:SchM_Enter_I2s_I2S_EXCLUSIVE_AREA_02	16	static
../RTD/Rte_TS_T40D34M70I1R0/src/SchM_I2s.c:581:6:SchM_Exit_I2s_I2S_EXCLUSIVE_AREA_02	16	static
../RTD/Rte_TS_T40D34M70I1R0/src/SchM_I2s.c:595:6:SchM_Enter_I2s_I2S_EXCLUSIVE_AREA_03	16	static
../RTD/Rte_TS_T40D34M70I1R0/src/SchM_I2s.c:619:6:SchM_Exit_I2s_I2S_EXCLUSIVE_AREA_03	16	static
../RTD/Rte_TS_T40D34M70I1R0/src/SchM_I2s.c:633:6:SchM_Enter_I2s_I2S_EXCLUSIVE_AREA_04	16	static
../RTD/Rte_TS_T40D34M70I1R0/src/SchM_I2s.c:657:6:SchM_Exit_I2s_I2S_EXCLUSIVE_AREA_04	16	static
../RTD/Rte_TS_T40D34M70I1R0/src/SchM_I2s.c:671:6:SchM_Enter_I2s_I2S_EXCLUSIVE_AREA_05	16	static
../RTD/Rte_TS_T40D34M70I1R0/src/SchM_I2s.c:695:6:SchM_Exit_I2s_I2S_EXCLUSIVE_AREA_05	16	static
../RTD/Rte_TS_T40D34M70I1R0/src/SchM_I2s.c:709:6:SchM_Enter_I2s_I2S_EXCLUSIVE_AREA_06	16	static
../RTD/Rte_TS_T40D34M70I1R0/src/SchM_I2s.c:733:6:SchM_Exit_I2s_I2S_EXCLUSIVE_AREA_06	16	static
../RTD/Rte_TS_T40D34M70I1R0/src/SchM_I2s.c:747:6:SchM_Enter_I2s_I2S_EXCLUSIVE_AREA_07	16	static
../RTD/Rte_TS_T40D34M70I1R0/src/SchM_I2s.c:771:6:SchM_Exit_I2s_I2S_EXCLUSIVE_AREA_07	16	static
../RTD/Rte_TS_T40D34M70I1R0/src/SchM_I2s.c:785:6:SchM_Enter_I2s_I2S_EXCLUSIVE_AREA_08	16	static
../RTD/Rte_TS_T40D34M70I1R0/src/SchM_I2s.c:809:6:SchM_Exit_I2s_I2S_EXCLUSIVE_AREA_08	16	static
../RTD/Rte_TS_T40D34M70I1R0/src/SchM_I2s.c:823:6:SchM_Enter_I2s_I2S_EXCLUSIVE_AREA_09	16	static
../RTD/Rte_TS_T40D34M70I1R0/src/SchM_I2s.c:847:6:SchM_Exit_I2s_I2S_EXCLUSIVE_AREA_09	16	static
../RTD/Rte_TS_T40D34M70I1R0/src/SchM_I2s.c:861:6:SchM_Enter_I2s_I2S_EXCLUSIVE_AREA_10	16	static
../RTD/Rte_TS_T40D34M70I1R0/src/SchM_I2s.c:885:6:SchM_Exit_I2s_I2S_EXCLUSIVE_AREA_10	16	static
../RTD/Rte_TS_T40D34M70I1R0/src/SchM_I2s.c:899:6:SchM_Enter_I2s_I2S_EXCLUSIVE_AREA_11	16	static
../RTD/Rte_TS_T40D34M70I1R0/src/SchM_I2s.c:923:6:SchM_Exit_I2s_I2S_EXCLUSIVE_AREA_11	16	static
../RTD/Rte_TS_T40D34M70I1R0/src/SchM_I2s.c:937:6:SchM_Enter_I2s_I2S_EXCLUSIVE_AREA_12	16	static
../RTD/Rte_TS_T40D34M70I1R0/src/SchM_I2s.c:961:6:SchM_Exit_I2s_I2S_EXCLUSIVE_AREA_12	16	static
../RTD/Rte_TS_T40D34M70I1R0/src/SchM_I2s.c:975:6:SchM_Enter_I2s_I2S_EXCLUSIVE_AREA_13	16	static
../RTD/Rte_TS_T40D34M70I1R0/src/SchM_I2s.c:999:6:SchM_Exit_I2s_I2S_EXCLUSIVE_AREA_13	16	static
../RTD/Rte_TS_T40D34M70I1R0/src/SchM_I2s.c:1013:6:SchM_Enter_I2s_I2S_EXCLUSIVE_AREA_14	16	static
../RTD/Rte_TS_T40D34M70I1R0/src/SchM_I2s.c:1037:6:SchM_Exit_I2s_I2S_EXCLUSIVE_AREA_14	16	static
../RTD/Rte_TS_T40D34M70I1R0/src/SchM_I2s.c:1051:6:SchM_Enter_I2s_I2S_EXCLUSIVE_AREA_15	16	static
../RTD/Rte_TS_T40D34M70I1R0/src/SchM_I2s.c:1075:6:SchM_Exit_I2s_I2S_EXCLUSIVE_AREA_15	16	static
../RTD/Rte_TS_T40D34M70I1R0/src/SchM_I2s.c:1089:6:SchM_Enter_I2s_I2S_EXCLUSIVE_AREA_16	16	static
../RTD/Rte_TS_T40D34M70I1R0/src/SchM_I2s.c:1113:6:SchM_Exit_I2s_I2S_EXCLUSIVE_AREA_16	16	static
../RTD/Rte_TS_T40D34M70I1R0/src/SchM_I2s.c:1127:6:SchM_Enter_I2s_I2S_EXCLUSIVE_AREA_17	16	static
../RTD/Rte_TS_T40D34M70I1R0/src/SchM_I2s.c:1151:6:SchM_Exit_I2s_I2S_EXCLUSIVE_AREA_17	16	static
../RTD/Rte_TS_T40D34M70I1R0/src/SchM_I2s.c:1165:6:SchM_Enter_I2s_I2S_EXCLUSIVE_AREA_18	16	static
../RTD/Rte_TS_T40D34M70I1R0/src/SchM_I2s.c:1189:6:SchM_Exit_I2s_I2S_EXCLUSIVE_AREA_18	16	static
