../RTD/Rte_TS_T40D34M70I1R0/src/SchM_Mcl.c:397:8:Mcl_schm_read_msr	4	static
../RTD/Rte_TS_T40D34M70I1R0/src/SchM_Mcl.c:539:6:SchM_Enter_Mcl_MCL_EXCLUSIVE_AREA_00	16	static
../RTD/Rte_TS_T40D34M70I1R0/src/SchM_Mcl.c:563:6:SchM_Exit_Mcl_MCL_EXCLUSIVE_AREA_00	16	static
../RTD/Rte_TS_T40D34M70I1R0/src/SchM_Mcl.c:577:6:SchM_Enter_Mcl_MCL_EXCLUSIVE_AREA_01	16	static
../RTD/Rte_TS_T40D34M70I1R0/src/SchM_Mcl.c:601:6:SchM_Exit_Mcl_MCL_EXCLUSIVE_AREA_01	16	static
../RTD/Rte_TS_T40D34M70I1R0/src/SchM_Mcl.c:615:6:SchM_Enter_Mcl_MCL_EXCLUSIVE_AREA_02	16	static
../RTD/Rte_TS_T40D34M70I1R0/src/SchM_Mcl.c:639:6:SchM_Exit_Mcl_MCL_EXCLUSIVE_AREA_02	16	static
../RTD/Rte_TS_T40D34M70I1R0/src/SchM_Mcl.c:653:6:SchM_Enter_Mcl_MCL_EXCLUSIVE_AREA_03	16	static
../RTD/Rte_TS_T40D34M70I1R0/src/SchM_Mcl.c:677:6:SchM_Exit_Mcl_MCL_EXCLUSIVE_AREA_03	16	static
../RTD/Rte_TS_T40D34M70I1R0/src/SchM_Mcl.c:691:6:SchM_Enter_Mcl_MCL_EXCLUSIVE_AREA_04	16	static
../RTD/Rte_TS_T40D34M70I1R0/src/SchM_Mcl.c:715:6:SchM_Exit_Mcl_MCL_EXCLUSIVE_AREA_04	16	static
../RTD/Rte_TS_T40D34M70I1R0/src/SchM_Mcl.c:729:6:SchM_Enter_Mcl_MCL_EXCLUSIVE_AREA_05	16	static
../RTD/Rte_TS_T40D34M70I1R0/src/SchM_Mcl.c:753:6:SchM_Exit_Mcl_MCL_EXCLUSIVE_AREA_05	16	static
../RTD/Rte_TS_T40D34M70I1R0/src/SchM_Mcl.c:767:6:SchM_Enter_Mcl_MCL_EXCLUSIVE_AREA_06	16	static
../RTD/Rte_TS_T40D34M70I1R0/src/SchM_Mcl.c:791:6:SchM_Exit_Mcl_MCL_EXCLUSIVE_AREA_06	16	static
../RTD/Rte_TS_T40D34M70I1R0/src/SchM_Mcl.c:805:6:SchM_Enter_Mcl_MCL_EXCLUSIVE_AREA_07	16	static
../RTD/Rte_TS_T40D34M70I1R0/src/SchM_Mcl.c:829:6:SchM_Exit_Mcl_MCL_EXCLUSIVE_AREA_07	16	static
../RTD/Rte_TS_T40D34M70I1R0/src/SchM_Mcl.c:843:6:SchM_Enter_Mcl_MCL_EXCLUSIVE_AREA_08	16	static
../RTD/Rte_TS_T40D34M70I1R0/src/SchM_Mcl.c:867:6:SchM_Exit_Mcl_MCL_EXCLUSIVE_AREA_08	16	static
../RTD/Rte_TS_T40D34M70I1R0/src/SchM_Mcl.c:881:6:SchM_Enter_Mcl_MCL_EXCLUSIVE_AREA_09	16	static
../RTD/Rte_TS_T40D34M70I1R0/src/SchM_Mcl.c:905:6:SchM_Exit_Mcl_MCL_EXCLUSIVE_AREA_09	16	static
../RTD/Rte_TS_T40D34M70I1R0/src/SchM_Mcl.c:919:6:SchM_Enter_Mcl_MCL_EXCLUSIVE_AREA_10	16	static
../RTD/Rte_TS_T40D34M70I1R0/src/SchM_Mcl.c:943:6:SchM_Exit_Mcl_MCL_EXCLUSIVE_AREA_10	16	static
../RTD/Rte_TS_T40D34M70I1R0/src/SchM_Mcl.c:957:6:SchM_Enter_Mcl_MCL_EXCLUSIVE_AREA_11	16	static
../RTD/Rte_TS_T40D34M70I1R0/src/SchM_Mcl.c:981:6:SchM_Exit_Mcl_MCL_EXCLUSIVE_AREA_11	16	static
../RTD/Rte_TS_T40D34M70I1R0/src/SchM_Mcl.c:995:6:SchM_Enter_Mcl_MCL_EXCLUSIVE_AREA_12	16	static
../RTD/Rte_TS_T40D34M70I1R0/src/SchM_Mcl.c:1019:6:SchM_Exit_Mcl_MCL_EXCLUSIVE_AREA_12	16	static
../RTD/Rte_TS_T40D34M70I1R0/src/SchM_Mcl.c:1033:6:SchM_Enter_Mcl_MCL_EXCLUSIVE_AREA_13	16	static
../RTD/Rte_TS_T40D34M70I1R0/src/SchM_Mcl.c:1057:6:SchM_Exit_Mcl_MCL_EXCLUSIVE_AREA_13	16	static
../RTD/Rte_TS_T40D34M70I1R0/src/SchM_Mcl.c:1071:6:SchM_Enter_Mcl_MCL_EXCLUSIVE_AREA_14	16	static
../RTD/Rte_TS_T40D34M70I1R0/src/SchM_Mcl.c:1095:6:SchM_Exit_Mcl_MCL_EXCLUSIVE_AREA_14	16	static
../RTD/Rte_TS_T40D34M70I1R0/src/SchM_Mcl.c:1109:6:SchM_Enter_Mcl_MCL_EXCLUSIVE_AREA_15	16	static
../RTD/Rte_TS_T40D34M70I1R0/src/SchM_Mcl.c:1133:6:SchM_Exit_Mcl_MCL_EXCLUSIVE_AREA_15	16	static
../RTD/Rte_TS_T40D34M70I1R0/src/SchM_Mcl.c:1147:6:SchM_Enter_Mcl_MCL_EXCLUSIVE_AREA_16	16	static
../RTD/Rte_TS_T40D34M70I1R0/src/SchM_Mcl.c:1171:6:SchM_Exit_Mcl_MCL_EXCLUSIVE_AREA_16	16	static
../RTD/Rte_TS_T40D34M70I1R0/src/SchM_Mcl.c:1185:6:SchM_Enter_Mcl_MCL_EXCLUSIVE_AREA_17	16	static
../RTD/Rte_TS_T40D34M70I1R0/src/SchM_Mcl.c:1209:6:SchM_Exit_Mcl_MCL_EXCLUSIVE_AREA_17	16	static
../RTD/Rte_TS_T40D34M70I1R0/src/SchM_Mcl.c:1223:6:SchM_Enter_Mcl_MCL_EXCLUSIVE_AREA_18	16	static
../RTD/Rte_TS_T40D34M70I1R0/src/SchM_Mcl.c:1247:6:SchM_Exit_Mcl_MCL_EXCLUSIVE_AREA_18	16	static
../RTD/Rte_TS_T40D34M70I1R0/src/SchM_Mcl.c:1261:6:SchM_Enter_Mcl_MCL_EXCLUSIVE_AREA_19	16	static
../RTD/Rte_TS_T40D34M70I1R0/src/SchM_Mcl.c:1285:6:SchM_Exit_Mcl_MCL_EXCLUSIVE_AREA_19	16	static
../RTD/Rte_TS_T40D34M70I1R0/src/SchM_Mcl.c:1299:6:SchM_Enter_Mcl_MCL_EXCLUSIVE_AREA_20	16	static
../RTD/Rte_TS_T40D34M70I1R0/src/SchM_Mcl.c:1323:6:SchM_Exit_Mcl_MCL_EXCLUSIVE_AREA_20	16	static
../RTD/Rte_TS_T40D34M70I1R0/src/SchM_Mcl.c:1337:6:SchM_Enter_Mcl_MCL_EXCLUSIVE_AREA_21	16	static
../RTD/Rte_TS_T40D34M70I1R0/src/SchM_Mcl.c:1361:6:SchM_Exit_Mcl_MCL_EXCLUSIVE_AREA_21	16	static
../RTD/Rte_TS_T40D34M70I1R0/src/SchM_Mcl.c:1375:6:SchM_Enter_Mcl_MCL_EXCLUSIVE_AREA_22	16	static
../RTD/Rte_TS_T40D34M70I1R0/src/SchM_Mcl.c:1399:6:SchM_Exit_Mcl_MCL_EXCLUSIVE_AREA_22	16	static
../RTD/Rte_TS_T40D34M70I1R0/src/SchM_Mcl.c:1413:6:SchM_Enter_Mcl_MCL_EXCLUSIVE_AREA_23	16	static
../RTD/Rte_TS_T40D34M70I1R0/src/SchM_Mcl.c:1437:6:SchM_Exit_Mcl_MCL_EXCLUSIVE_AREA_23	16	static
../RTD/Rte_TS_T40D34M70I1R0/src/SchM_Mcl.c:1451:6:SchM_Enter_Mcl_MCL_EXCLUSIVE_AREA_24	16	static
../RTD/Rte_TS_T40D34M70I1R0/src/SchM_Mcl.c:1475:6:SchM_Exit_Mcl_MCL_EXCLUSIVE_AREA_24	16	static
../RTD/Rte_TS_T40D34M70I1R0/src/SchM_Mcl.c:1489:6:SchM_Enter_Mcl_MCL_EXCLUSIVE_AREA_25	16	static
../RTD/Rte_TS_T40D34M70I1R0/src/SchM_Mcl.c:1513:6:SchM_Exit_Mcl_MCL_EXCLUSIVE_AREA_25	16	static
../RTD/Rte_TS_T40D34M70I1R0/src/SchM_Mcl.c:1527:6:SchM_Enter_Mcl_MCL_EXCLUSIVE_AREA_26	16	static
../RTD/Rte_TS_T40D34M70I1R0/src/SchM_Mcl.c:1551:6:SchM_Exit_Mcl_MCL_EXCLUSIVE_AREA_26	16	static
../RTD/Rte_TS_T40D34M70I1R0/src/SchM_Mcl.c:1565:6:SchM_Enter_Mcl_MCL_EXCLUSIVE_AREA_27	16	static
../RTD/Rte_TS_T40D34M70I1R0/src/SchM_Mcl.c:1589:6:SchM_Exit_Mcl_MCL_EXCLUSIVE_AREA_27	16	static
../RTD/Rte_TS_T40D34M70I1R0/src/SchM_Mcl.c:1603:6:SchM_Enter_Mcl_MCL_EXCLUSIVE_AREA_28	16	static
../RTD/Rte_TS_T40D34M70I1R0/src/SchM_Mcl.c:1627:6:SchM_Exit_Mcl_MCL_EXCLUSIVE_AREA_28	16	static
../RTD/Rte_TS_T40D34M70I1R0/src/SchM_Mcl.c:1641:6:SchM_Enter_Mcl_MCL_EXCLUSIVE_AREA_29	16	static
../RTD/Rte_TS_T40D34M70I1R0/src/SchM_Mcl.c:1665:6:SchM_Exit_Mcl_MCL_EXCLUSIVE_AREA_29	16	static
../RTD/Rte_TS_T40D34M70I1R0/src/SchM_Mcl.c:1679:6:SchM_Enter_Mcl_MCL_EXCLUSIVE_AREA_30	16	static
../RTD/Rte_TS_T40D34M70I1R0/src/SchM_Mcl.c:1703:6:SchM_Exit_Mcl_MCL_EXCLUSIVE_AREA_30	16	static
../RTD/Rte_TS_T40D34M70I1R0/src/SchM_Mcl.c:1717:6:SchM_Enter_Mcl_MCL_EXCLUSIVE_AREA_31	16	static
../RTD/Rte_TS_T40D34M70I1R0/src/SchM_Mcl.c:1741:6:SchM_Exit_Mcl_MCL_EXCLUSIVE_AREA_31	16	static
../RTD/Rte_TS_T40D34M70I1R0/src/SchM_Mcl.c:1755:6:SchM_Enter_Mcl_MCL_EXCLUSIVE_AREA_32	16	static
../RTD/Rte_TS_T40D34M70I1R0/src/SchM_Mcl.c:1779:6:SchM_Exit_Mcl_MCL_EXCLUSIVE_AREA_32	16	static
../RTD/Rte_TS_T40D34M70I1R0/src/SchM_Mcl.c:1793:6:SchM_Enter_Mcl_MCL_EXCLUSIVE_AREA_33	16	static
../RTD/Rte_TS_T40D34M70I1R0/src/SchM_Mcl.c:1817:6:SchM_Exit_Mcl_MCL_EXCLUSIVE_AREA_33	16	static
../RTD/Rte_TS_T40D34M70I1R0/src/SchM_Mcl.c:1831:6:SchM_Enter_Mcl_MCL_EXCLUSIVE_AREA_34	16	static
../RTD/Rte_TS_T40D34M70I1R0/src/SchM_Mcl.c:1855:6:SchM_Exit_Mcl_MCL_EXCLUSIVE_AREA_34	16	static
../RTD/Rte_TS_T40D34M70I1R0/src/SchM_Mcl.c:1869:6:SchM_Enter_Mcl_MCL_EXCLUSIVE_AREA_35	16	static
../RTD/Rte_TS_T40D34M70I1R0/src/SchM_Mcl.c:1893:6:SchM_Exit_Mcl_MCL_EXCLUSIVE_AREA_35	16	static
../RTD/Rte_TS_T40D34M70I1R0/src/SchM_Mcl.c:1907:6:SchM_Enter_Mcl_MCL_EXCLUSIVE_AREA_36	16	static
../RTD/Rte_TS_T40D34M70I1R0/src/SchM_Mcl.c:1931:6:SchM_Exit_Mcl_MCL_EXCLUSIVE_AREA_36	16	static
../RTD/Rte_TS_T40D34M70I1R0/src/SchM_Mcl.c:1945:6:SchM_Enter_Mcl_MCL_EXCLUSIVE_AREA_37	16	static
../RTD/Rte_TS_T40D34M70I1R0/src/SchM_Mcl.c:1969:6:SchM_Exit_Mcl_MCL_EXCLUSIVE_AREA_37	16	static
../RTD/Rte_TS_T40D34M70I1R0/src/SchM_Mcl.c:1983:6:SchM_Enter_Mcl_MCL_EXCLUSIVE_AREA_38	16	static
../RTD/Rte_TS_T40D34M70I1R0/src/SchM_Mcl.c:2007:6:SchM_Exit_Mcl_MCL_EXCLUSIVE_AREA_38	16	static
../RTD/Rte_TS_T40D34M70I1R0/src/SchM_Mcl.c:2021:6:SchM_Enter_Mcl_MCL_EXCLUSIVE_AREA_39	16	static
../RTD/Rte_TS_T40D34M70I1R0/src/SchM_Mcl.c:2045:6:SchM_Exit_Mcl_MCL_EXCLUSIVE_AREA_39	16	static
../RTD/Rte_TS_T40D34M70I1R0/src/SchM_Mcl.c:2059:6:SchM_Enter_Mcl_MCL_EXCLUSIVE_AREA_40	16	static
../RTD/Rte_TS_T40D34M70I1R0/src/SchM_Mcl.c:2083:6:SchM_Exit_Mcl_MCL_EXCLUSIVE_AREA_40	16	static
../RTD/Rte_TS_T40D34M70I1R0/src/SchM_Mcl.c:2097:6:SchM_Enter_Mcl_MCL_EXCLUSIVE_AREA_41	16	static
../RTD/Rte_TS_T40D34M70I1R0/src/SchM_Mcl.c:2121:6:SchM_Exit_Mcl_MCL_EXCLUSIVE_AREA_41	16	static
../RTD/Rte_TS_T40D34M70I1R0/src/SchM_Mcl.c:2135:6:SchM_Enter_Mcl_MCL_EXCLUSIVE_AREA_42	16	static
../RTD/Rte_TS_T40D34M70I1R0/src/SchM_Mcl.c:2159:6:SchM_Exit_Mcl_MCL_EXCLUSIVE_AREA_42	16	static
../RTD/Rte_TS_T40D34M70I1R0/src/SchM_Mcl.c:2173:6:SchM_Enter_Mcl_MCL_EXCLUSIVE_AREA_43	16	static
../RTD/Rte_TS_T40D34M70I1R0/src/SchM_Mcl.c:2197:6:SchM_Exit_Mcl_MCL_EXCLUSIVE_AREA_43	16	static
../RTD/Rte_TS_T40D34M70I1R0/src/SchM_Mcl.c:2211:6:SchM_Enter_Mcl_MCL_EXCLUSIVE_AREA_44	16	static
../RTD/Rte_TS_T40D34M70I1R0/src/SchM_Mcl.c:2235:6:SchM_Exit_Mcl_MCL_EXCLUSIVE_AREA_44	16	static
../RTD/Rte_TS_T40D34M70I1R0/src/SchM_Mcl.c:2249:6:SchM_Enter_Mcl_MCL_EXCLUSIVE_AREA_45	16	static
../RTD/Rte_TS_T40D34M70I1R0/src/SchM_Mcl.c:2273:6:SchM_Exit_Mcl_MCL_EXCLUSIVE_AREA_45	16	static
../RTD/Rte_TS_T40D34M70I1R0/src/SchM_Mcl.c:2287:6:SchM_Enter_Mcl_MCL_EXCLUSIVE_AREA_46	16	static
../RTD/Rte_TS_T40D34M70I1R0/src/SchM_Mcl.c:2311:6:SchM_Exit_Mcl_MCL_EXCLUSIVE_AREA_46	16	static
../RTD/Rte_TS_T40D34M70I1R0/src/SchM_Mcl.c:2325:6:SchM_Enter_Mcl_MCL_EXCLUSIVE_AREA_47	16	static
../RTD/Rte_TS_T40D34M70I1R0/src/SchM_Mcl.c:2349:6:SchM_Exit_Mcl_MCL_EXCLUSIVE_AREA_47	16	static
