../RTD/Rte_TS_T40D34M70I1R0/src/SchM_Adc.c:497:8:Adc_schm_read_msr	4	static
../RTD/Rte_TS_T40D34M70I1R0/src/SchM_Adc.c:639:6:SchM_Enter_Adc_ADC_EXCLUSIVE_AREA_00	16	static
../RTD/Rte_TS_T40D34M70I1R0/src/SchM_Adc.c:663:6:SchM_Exit_Adc_ADC_EXCLUSIVE_AREA_00	16	static
../RTD/Rte_TS_T40D34M70I1R0/src/SchM_Adc.c:677:6:SchM_Enter_Adc_ADC_EXCLUSIVE_AREA_01	16	static
../RTD/Rte_TS_T40D34M70I1R0/src/SchM_Adc.c:701:6:SchM_Exit_Adc_ADC_EXCLUSIVE_AREA_01	16	static
../RTD/Rte_TS_T40D34M70I1R0/src/SchM_Adc.c:715:6:SchM_Enter_Adc_ADC_EXCLUSIVE_AREA_02	16	static
../RTD/Rte_TS_T40D34M70I1R0/src/SchM_Adc.c:739:6:SchM_Exit_Adc_ADC_EXCLUSIVE_AREA_02	16	static
../RTD/Rte_TS_T40D34M70I1R0/src/SchM_Adc.c:753:6:SchM_Enter_Adc_ADC_EXCLUSIVE_AREA_03	16	static
../RTD/Rte_TS_T40D34M70I1R0/src/SchM_Adc.c:777:6:SchM_Exit_Adc_ADC_EXCLUSIVE_AREA_03	16	static
../RTD/Rte_TS_T40D34M70I1R0/src/SchM_Adc.c:791:6:SchM_Enter_Adc_ADC_EXCLUSIVE_AREA_04	16	static
../RTD/Rte_TS_T40D34M70I1R0/src/SchM_Adc.c:815:6:SchM_Exit_Adc_ADC_EXCLUSIVE_AREA_04	16	static
../RTD/Rte_TS_T40D34M70I1R0/src/SchM_Adc.c:829:6:SchM_Enter_Adc_ADC_EXCLUSIVE_AREA_05	16	static
../RTD/Rte_TS_T40D34M70I1R0/src/SchM_Adc.c:853:6:SchM_Exit_Adc_ADC_EXCLUSIVE_AREA_05	16	static
../RTD/Rte_TS_T40D34M70I1R0/src/SchM_Adc.c:867:6:SchM_Enter_Adc_ADC_EXCLUSIVE_AREA_10	16	static
../RTD/Rte_TS_T40D34M70I1R0/src/SchM_Adc.c:891:6:SchM_Exit_Adc_ADC_EXCLUSIVE_AREA_10	16	static
../RTD/Rte_TS_T40D34M70I1R0/src/SchM_Adc.c:905:6:SchM_Enter_Adc_ADC_EXCLUSIVE_AREA_100	16	static
../RTD/Rte_TS_T40D34M70I1R0/src/SchM_Adc.c:929:6:SchM_Exit_Adc_ADC_EXCLUSIVE_AREA_100	16	static
../RTD/Rte_TS_T40D34M70I1R0/src/SchM_Adc.c:943:6:SchM_Enter_Adc_ADC_EXCLUSIVE_AREA_101	16	static
../RTD/Rte_TS_T40D34M70I1R0/src/SchM_Adc.c:967:6:SchM_Exit_Adc_ADC_EXCLUSIVE_AREA_101	16	static
../RTD/Rte_TS_T40D34M70I1R0/src/SchM_Adc.c:981:6:SchM_Enter_Adc_ADC_EXCLUSIVE_AREA_102	16	static
../RTD/Rte_TS_T40D34M70I1R0/src/SchM_Adc.c:1005:6:SchM_Exit_Adc_ADC_EXCLUSIVE_AREA_102	16	static
../RTD/Rte_TS_T40D34M70I1R0/src/SchM_Adc.c:1019:6:SchM_Enter_Adc_ADC_EXCLUSIVE_AREA_103	16	static
../RTD/Rte_TS_T40D34M70I1R0/src/SchM_Adc.c:1043:6:SchM_Exit_Adc_ADC_EXCLUSIVE_AREA_103	16	static
../RTD/Rte_TS_T40D34M70I1R0/src/SchM_Adc.c:1057:6:SchM_Enter_Adc_ADC_EXCLUSIVE_AREA_11	16	static
../RTD/Rte_TS_T40D34M70I1R0/src/SchM_Adc.c:1081:6:SchM_Exit_Adc_ADC_EXCLUSIVE_AREA_11	16	static
../RTD/Rte_TS_T40D34M70I1R0/src/SchM_Adc.c:1095:6:SchM_Enter_Adc_ADC_EXCLUSIVE_AREA_12	16	static
../RTD/Rte_TS_T40D34M70I1R0/src/SchM_Adc.c:1119:6:SchM_Exit_Adc_ADC_EXCLUSIVE_AREA_12	16	static
../RTD/Rte_TS_T40D34M70I1R0/src/SchM_Adc.c:1133:6:SchM_Enter_Adc_ADC_EXCLUSIVE_AREA_13	16	static
../RTD/Rte_TS_T40D34M70I1R0/src/SchM_Adc.c:1157:6:SchM_Exit_Adc_ADC_EXCLUSIVE_AREA_13	16	static
../RTD/Rte_TS_T40D34M70I1R0/src/SchM_Adc.c:1171:6:SchM_Enter_Adc_ADC_EXCLUSIVE_AREA_14	16	static
../RTD/Rte_TS_T40D34M70I1R0/src/SchM_Adc.c:1195:6:SchM_Exit_Adc_ADC_EXCLUSIVE_AREA_14	16	static
../RTD/Rte_TS_T40D34M70I1R0/src/SchM_Adc.c:1209:6:SchM_Enter_Adc_ADC_EXCLUSIVE_AREA_15	16	static
../RTD/Rte_TS_T40D34M70I1R0/src/SchM_Adc.c:1233:6:SchM_Exit_Adc_ADC_EXCLUSIVE_AREA_15	16	static
../RTD/Rte_TS_T40D34M70I1R0/src/SchM_Adc.c:1247:6:SchM_Enter_Adc_ADC_EXCLUSIVE_AREA_16	16	static
../RTD/Rte_TS_T40D34M70I1R0/src/SchM_Adc.c:1271:6:SchM_Exit_Adc_ADC_EXCLUSIVE_AREA_16	16	static
../RTD/Rte_TS_T40D34M70I1R0/src/SchM_Adc.c:1285:6:SchM_Enter_Adc_ADC_EXCLUSIVE_AREA_17	16	static
../RTD/Rte_TS_T40D34M70I1R0/src/SchM_Adc.c:1309:6:SchM_Exit_Adc_ADC_EXCLUSIVE_AREA_17	16	static
../RTD/Rte_TS_T40D34M70I1R0/src/SchM_Adc.c:1323:6:SchM_Enter_Adc_ADC_EXCLUSIVE_AREA_18	16	static
../RTD/Rte_TS_T40D34M70I1R0/src/SchM_Adc.c:1347:6:SchM_Exit_Adc_ADC_EXCLUSIVE_AREA_18	16	static
../RTD/Rte_TS_T40D34M70I1R0/src/SchM_Adc.c:1361:6:SchM_Enter_Adc_ADC_EXCLUSIVE_AREA_19	16	static
../RTD/Rte_TS_T40D34M70I1R0/src/SchM_Adc.c:1385:6:SchM_Exit_Adc_ADC_EXCLUSIVE_AREA_19	16	static
../RTD/Rte_TS_T40D34M70I1R0/src/SchM_Adc.c:1399:6:SchM_Enter_Adc_ADC_EXCLUSIVE_AREA_20	16	static
../RTD/Rte_TS_T40D34M70I1R0/src/SchM_Adc.c:1423:6:SchM_Exit_Adc_ADC_EXCLUSIVE_AREA_20	16	static
../RTD/Rte_TS_T40D34M70I1R0/src/SchM_Adc.c:1437:6:SchM_Enter_Adc_ADC_EXCLUSIVE_AREA_21	16	static
../RTD/Rte_TS_T40D34M70I1R0/src/SchM_Adc.c:1461:6:SchM_Exit_Adc_ADC_EXCLUSIVE_AREA_21	16	static
../RTD/Rte_TS_T40D34M70I1R0/src/SchM_Adc.c:1475:6:SchM_Enter_Adc_ADC_EXCLUSIVE_AREA_22	16	static
../RTD/Rte_TS_T40D34M70I1R0/src/SchM_Adc.c:1499:6:SchM_Exit_Adc_ADC_EXCLUSIVE_AREA_22	16	static
../RTD/Rte_TS_T40D34M70I1R0/src/SchM_Adc.c:1513:6:SchM_Enter_Adc_ADC_EXCLUSIVE_AREA_23	16	static
../RTD/Rte_TS_T40D34M70I1R0/src/SchM_Adc.c:1537:6:SchM_Exit_Adc_ADC_EXCLUSIVE_AREA_23	16	static
../RTD/Rte_TS_T40D34M70I1R0/src/SchM_Adc.c:1551:6:SchM_Enter_Adc_ADC_EXCLUSIVE_AREA_24	16	static
../RTD/Rte_TS_T40D34M70I1R0/src/SchM_Adc.c:1575:6:SchM_Exit_Adc_ADC_EXCLUSIVE_AREA_24	16	static
../RTD/Rte_TS_T40D34M70I1R0/src/SchM_Adc.c:1589:6:SchM_Enter_Adc_ADC_EXCLUSIVE_AREA_25	16	static
../RTD/Rte_TS_T40D34M70I1R0/src/SchM_Adc.c:1613:6:SchM_Exit_Adc_ADC_EXCLUSIVE_AREA_25	16	static
../RTD/Rte_TS_T40D34M70I1R0/src/SchM_Adc.c:1627:6:SchM_Enter_Adc_ADC_EXCLUSIVE_AREA_26	16	static
../RTD/Rte_TS_T40D34M70I1R0/src/SchM_Adc.c:1651:6:SchM_Exit_Adc_ADC_EXCLUSIVE_AREA_26	16	static
../RTD/Rte_TS_T40D34M70I1R0/src/SchM_Adc.c:1665:6:SchM_Enter_Adc_ADC_EXCLUSIVE_AREA_27	16	static
../RTD/Rte_TS_T40D34M70I1R0/src/SchM_Adc.c:1689:6:SchM_Exit_Adc_ADC_EXCLUSIVE_AREA_27	16	static
../RTD/Rte_TS_T40D34M70I1R0/src/SchM_Adc.c:1703:6:SchM_Enter_Adc_ADC_EXCLUSIVE_AREA_28	16	static
../RTD/Rte_TS_T40D34M70I1R0/src/SchM_Adc.c:1727:6:SchM_Exit_Adc_ADC_EXCLUSIVE_AREA_28	16	static
../RTD/Rte_TS_T40D34M70I1R0/src/SchM_Adc.c:1741:6:SchM_Enter_Adc_ADC_EXCLUSIVE_AREA_29	16	static
../RTD/Rte_TS_T40D34M70I1R0/src/SchM_Adc.c:1765:6:SchM_Exit_Adc_ADC_EXCLUSIVE_AREA_29	16	static
../RTD/Rte_TS_T40D34M70I1R0/src/SchM_Adc.c:1779:6:SchM_Enter_Adc_ADC_EXCLUSIVE_AREA_30	16	static
../RTD/Rte_TS_T40D34M70I1R0/src/SchM_Adc.c:1803:6:SchM_Exit_Adc_ADC_EXCLUSIVE_AREA_30	16	static
../RTD/Rte_TS_T40D34M70I1R0/src/SchM_Adc.c:1817:6:SchM_Enter_Adc_ADC_EXCLUSIVE_AREA_31	16	static
../RTD/Rte_TS_T40D34M70I1R0/src/SchM_Adc.c:1841:6:SchM_Exit_Adc_ADC_EXCLUSIVE_AREA_31	16	static
../RTD/Rte_TS_T40D34M70I1R0/src/SchM_Adc.c:1855:6:SchM_Enter_Adc_ADC_EXCLUSIVE_AREA_32	16	static
../RTD/Rte_TS_T40D34M70I1R0/src/SchM_Adc.c:1879:6:SchM_Exit_Adc_ADC_EXCLUSIVE_AREA_32	16	static
../RTD/Rte_TS_T40D34M70I1R0/src/SchM_Adc.c:1893:6:SchM_Enter_Adc_ADC_EXCLUSIVE_AREA_33	16	static
../RTD/Rte_TS_T40D34M70I1R0/src/SchM_Adc.c:1917:6:SchM_Exit_Adc_ADC_EXCLUSIVE_AREA_33	16	static
../RTD/Rte_TS_T40D34M70I1R0/src/SchM_Adc.c:1931:6:SchM_Enter_Adc_ADC_EXCLUSIVE_AREA_34	16	static
../RTD/Rte_TS_T40D34M70I1R0/src/SchM_Adc.c:1955:6:SchM_Exit_Adc_ADC_EXCLUSIVE_AREA_34	16	static
../RTD/Rte_TS_T40D34M70I1R0/src/SchM_Adc.c:1969:6:SchM_Enter_Adc_ADC_EXCLUSIVE_AREA_35	16	static
../RTD/Rte_TS_T40D34M70I1R0/src/SchM_Adc.c:1993:6:SchM_Exit_Adc_ADC_EXCLUSIVE_AREA_35	16	static
../RTD/Rte_TS_T40D34M70I1R0/src/SchM_Adc.c:2007:6:SchM_Enter_Adc_ADC_EXCLUSIVE_AREA_36	16	static
../RTD/Rte_TS_T40D34M70I1R0/src/SchM_Adc.c:2031:6:SchM_Exit_Adc_ADC_EXCLUSIVE_AREA_36	16	static
../RTD/Rte_TS_T40D34M70I1R0/src/SchM_Adc.c:2045:6:SchM_Enter_Adc_ADC_EXCLUSIVE_AREA_37	16	static
../RTD/Rte_TS_T40D34M70I1R0/src/SchM_Adc.c:2069:6:SchM_Exit_Adc_ADC_EXCLUSIVE_AREA_37	16	static
../RTD/Rte_TS_T40D34M70I1R0/src/SchM_Adc.c:2083:6:SchM_Enter_Adc_ADC_EXCLUSIVE_AREA_38	16	static
../RTD/Rte_TS_T40D34M70I1R0/src/SchM_Adc.c:2107:6:SchM_Exit_Adc_ADC_EXCLUSIVE_AREA_38	16	static
../RTD/Rte_TS_T40D34M70I1R0/src/SchM_Adc.c:2121:6:SchM_Enter_Adc_ADC_EXCLUSIVE_AREA_39	16	static
../RTD/Rte_TS_T40D34M70I1R0/src/SchM_Adc.c:2145:6:SchM_Exit_Adc_ADC_EXCLUSIVE_AREA_39	16	static
../RTD/Rte_TS_T40D34M70I1R0/src/SchM_Adc.c:2159:6:SchM_Enter_Adc_ADC_EXCLUSIVE_AREA_40	16	static
../RTD/Rte_TS_T40D34M70I1R0/src/SchM_Adc.c:2183:6:SchM_Exit_Adc_ADC_EXCLUSIVE_AREA_40	16	static
../RTD/Rte_TS_T40D34M70I1R0/src/SchM_Adc.c:2197:6:SchM_Enter_Adc_ADC_EXCLUSIVE_AREA_41	16	static
../RTD/Rte_TS_T40D34M70I1R0/src/SchM_Adc.c:2221:6:SchM_Exit_Adc_ADC_EXCLUSIVE_AREA_41	16	static
../RTD/Rte_TS_T40D34M70I1R0/src/SchM_Adc.c:2235:6:SchM_Enter_Adc_ADC_EXCLUSIVE_AREA_42	16	static
../RTD/Rte_TS_T40D34M70I1R0/src/SchM_Adc.c:2259:6:SchM_Exit_Adc_ADC_EXCLUSIVE_AREA_42	16	static
../RTD/Rte_TS_T40D34M70I1R0/src/SchM_Adc.c:2273:6:SchM_Enter_Adc_ADC_EXCLUSIVE_AREA_43	16	static
../RTD/Rte_TS_T40D34M70I1R0/src/SchM_Adc.c:2297:6:SchM_Exit_Adc_ADC_EXCLUSIVE_AREA_43	16	static
../RTD/Rte_TS_T40D34M70I1R0/src/SchM_Adc.c:2311:6:SchM_Enter_Adc_ADC_EXCLUSIVE_AREA_44	16	static
../RTD/Rte_TS_T40D34M70I1R0/src/SchM_Adc.c:2335:6:SchM_Exit_Adc_ADC_EXCLUSIVE_AREA_44	16	static
../RTD/Rte_TS_T40D34M70I1R0/src/SchM_Adc.c:2349:6:SchM_Enter_Adc_ADC_EXCLUSIVE_AREA_45	16	static
../RTD/Rte_TS_T40D34M70I1R0/src/SchM_Adc.c:2373:6:SchM_Exit_Adc_ADC_EXCLUSIVE_AREA_45	16	static
../RTD/Rte_TS_T40D34M70I1R0/src/SchM_Adc.c:2387:6:SchM_Enter_Adc_ADC_EXCLUSIVE_AREA_46	16	static
../RTD/Rte_TS_T40D34M70I1R0/src/SchM_Adc.c:2411:6:SchM_Exit_Adc_ADC_EXCLUSIVE_AREA_46	16	static
../RTD/Rte_TS_T40D34M70I1R0/src/SchM_Adc.c:2425:6:SchM_Enter_Adc_ADC_EXCLUSIVE_AREA_47	16	static
../RTD/Rte_TS_T40D34M70I1R0/src/SchM_Adc.c:2449:6:SchM_Exit_Adc_ADC_EXCLUSIVE_AREA_47	16	static
../RTD/Rte_TS_T40D34M70I1R0/src/SchM_Adc.c:2463:6:SchM_Enter_Adc_ADC_EXCLUSIVE_AREA_48	16	static
../RTD/Rte_TS_T40D34M70I1R0/src/SchM_Adc.c:2487:6:SchM_Exit_Adc_ADC_EXCLUSIVE_AREA_48	16	static
../RTD/Rte_TS_T40D34M70I1R0/src/SchM_Adc.c:2501:6:SchM_Enter_Adc_ADC_EXCLUSIVE_AREA_49	16	static
../RTD/Rte_TS_T40D34M70I1R0/src/SchM_Adc.c:2525:6:SchM_Exit_Adc_ADC_EXCLUSIVE_AREA_49	16	static
../RTD/Rte_TS_T40D34M70I1R0/src/SchM_Adc.c:2539:6:SchM_Enter_Adc_ADC_EXCLUSIVE_AREA_50	16	static
../RTD/Rte_TS_T40D34M70I1R0/src/SchM_Adc.c:2563:6:SchM_Exit_Adc_ADC_EXCLUSIVE_AREA_50	16	static
../RTD/Rte_TS_T40D34M70I1R0/src/SchM_Adc.c:2577:6:SchM_Enter_Adc_ADC_EXCLUSIVE_AREA_51	16	static
../RTD/Rte_TS_T40D34M70I1R0/src/SchM_Adc.c:2601:6:SchM_Exit_Adc_ADC_EXCLUSIVE_AREA_51	16	static
../RTD/Rte_TS_T40D34M70I1R0/src/SchM_Adc.c:2615:6:SchM_Enter_Adc_ADC_EXCLUSIVE_AREA_54	16	static
../RTD/Rte_TS_T40D34M70I1R0/src/SchM_Adc.c:2639:6:SchM_Exit_Adc_ADC_EXCLUSIVE_AREA_54	16	static
../RTD/Rte_TS_T40D34M70I1R0/src/SchM_Adc.c:2653:6:SchM_Enter_Adc_ADC_EXCLUSIVE_AREA_55	16	static
../RTD/Rte_TS_T40D34M70I1R0/src/SchM_Adc.c:2677:6:SchM_Exit_Adc_ADC_EXCLUSIVE_AREA_55	16	static
../RTD/Rte_TS_T40D34M70I1R0/src/SchM_Adc.c:2691:6:SchM_Enter_Adc_ADC_EXCLUSIVE_AREA_56	16	static
../RTD/Rte_TS_T40D34M70I1R0/src/SchM_Adc.c:2715:6:SchM_Exit_Adc_ADC_EXCLUSIVE_AREA_56	16	static
../RTD/Rte_TS_T40D34M70I1R0/src/SchM_Adc.c:2729:6:SchM_Enter_Adc_ADC_EXCLUSIVE_AREA_57	16	static
../RTD/Rte_TS_T40D34M70I1R0/src/SchM_Adc.c:2753:6:SchM_Exit_Adc_ADC_EXCLUSIVE_AREA_57	16	static
../RTD/Rte_TS_T40D34M70I1R0/src/SchM_Adc.c:2767:6:SchM_Enter_Adc_ADC_EXCLUSIVE_AREA_58	16	static
../RTD/Rte_TS_T40D34M70I1R0/src/SchM_Adc.c:2791:6:SchM_Exit_Adc_ADC_EXCLUSIVE_AREA_58	16	static
../RTD/Rte_TS_T40D34M70I1R0/src/SchM_Adc.c:2805:6:SchM_Enter_Adc_ADC_EXCLUSIVE_AREA_59	16	static
../RTD/Rte_TS_T40D34M70I1R0/src/SchM_Adc.c:2829:6:SchM_Exit_Adc_ADC_EXCLUSIVE_AREA_59	16	static
../RTD/Rte_TS_T40D34M70I1R0/src/SchM_Adc.c:2843:6:SchM_Enter_Adc_ADC_EXCLUSIVE_AREA_60	16	static
../RTD/Rte_TS_T40D34M70I1R0/src/SchM_Adc.c:2867:6:SchM_Exit_Adc_ADC_EXCLUSIVE_AREA_60	16	static
../RTD/Rte_TS_T40D34M70I1R0/src/SchM_Adc.c:2881:6:SchM_Enter_Adc_ADC_EXCLUSIVE_AREA_61	16	static
../RTD/Rte_TS_T40D34M70I1R0/src/SchM_Adc.c:2905:6:SchM_Exit_Adc_ADC_EXCLUSIVE_AREA_61	16	static
../RTD/Rte_TS_T40D34M70I1R0/src/SchM_Adc.c:2919:6:SchM_Enter_Adc_ADC_EXCLUSIVE_AREA_62	16	static
../RTD/Rte_TS_T40D34M70I1R0/src/SchM_Adc.c:2943:6:SchM_Exit_Adc_ADC_EXCLUSIVE_AREA_62	16	static
../RTD/Rte_TS_T40D34M70I1R0/src/SchM_Adc.c:2957:6:SchM_Enter_Adc_ADC_EXCLUSIVE_AREA_63	16	static
../RTD/Rte_TS_T40D34M70I1R0/src/SchM_Adc.c:2981:6:SchM_Exit_Adc_ADC_EXCLUSIVE_AREA_63	16	static
../RTD/Rte_TS_T40D34M70I1R0/src/SchM_Adc.c:2995:6:SchM_Enter_Adc_ADC_EXCLUSIVE_AREA_64	16	static
../RTD/Rte_TS_T40D34M70I1R0/src/SchM_Adc.c:3019:6:SchM_Exit_Adc_ADC_EXCLUSIVE_AREA_64	16	static
../RTD/Rte_TS_T40D34M70I1R0/src/SchM_Adc.c:3033:6:SchM_Enter_Adc_ADC_EXCLUSIVE_AREA_65	16	static
../RTD/Rte_TS_T40D34M70I1R0/src/SchM_Adc.c:3057:6:SchM_Exit_Adc_ADC_EXCLUSIVE_AREA_65	16	static
../RTD/Rte_TS_T40D34M70I1R0/src/SchM_Adc.c:3071:6:SchM_Enter_Adc_ADC_EXCLUSIVE_AREA_66	16	static
../RTD/Rte_TS_T40D34M70I1R0/src/SchM_Adc.c:3095:6:SchM_Exit_Adc_ADC_EXCLUSIVE_AREA_66	16	static
../RTD/Rte_TS_T40D34M70I1R0/src/SchM_Adc.c:3109:6:SchM_Enter_Adc_ADC_EXCLUSIVE_AREA_67	16	static
../RTD/Rte_TS_T40D34M70I1R0/src/SchM_Adc.c:3133:6:SchM_Exit_Adc_ADC_EXCLUSIVE_AREA_67	16	static
../RTD/Rte_TS_T40D34M70I1R0/src/SchM_Adc.c:3147:6:SchM_Enter_Adc_ADC_EXCLUSIVE_AREA_68	16	static
../RTD/Rte_TS_T40D34M70I1R0/src/SchM_Adc.c:3171:6:SchM_Exit_Adc_ADC_EXCLUSIVE_AREA_68	16	static
../RTD/Rte_TS_T40D34M70I1R0/src/SchM_Adc.c:3185:6:SchM_Enter_Adc_ADC_EXCLUSIVE_AREA_69	16	static
../RTD/Rte_TS_T40D34M70I1R0/src/SchM_Adc.c:3209:6:SchM_Exit_Adc_ADC_EXCLUSIVE_AREA_69	16	static
../RTD/Rte_TS_T40D34M70I1R0/src/SchM_Adc.c:3223:6:SchM_Enter_Adc_ADC_EXCLUSIVE_AREA_70	16	static
../RTD/Rte_TS_T40D34M70I1R0/src/SchM_Adc.c:3247:6:SchM_Exit_Adc_ADC_EXCLUSIVE_AREA_70	16	static
../RTD/Rte_TS_T40D34M70I1R0/src/SchM_Adc.c:3261:6:SchM_Enter_Adc_ADC_EXCLUSIVE_AREA_71	16	static
../RTD/Rte_TS_T40D34M70I1R0/src/SchM_Adc.c:3285:6:SchM_Exit_Adc_ADC_EXCLUSIVE_AREA_71	16	static
../RTD/Rte_TS_T40D34M70I1R0/src/SchM_Adc.c:3299:6:SchM_Enter_Adc_ADC_EXCLUSIVE_AREA_72	16	static
../RTD/Rte_TS_T40D34M70I1R0/src/SchM_Adc.c:3323:6:SchM_Exit_Adc_ADC_EXCLUSIVE_AREA_72	16	static
../RTD/Rte_TS_T40D34M70I1R0/src/SchM_Adc.c:3337:6:SchM_Enter_Adc_ADC_EXCLUSIVE_AREA_73	16	static
../RTD/Rte_TS_T40D34M70I1R0/src/SchM_Adc.c:3361:6:SchM_Exit_Adc_ADC_EXCLUSIVE_AREA_73	16	static
../RTD/Rte_TS_T40D34M70I1R0/src/SchM_Adc.c:3375:6:SchM_Enter_Adc_ADC_EXCLUSIVE_AREA_74	16	static
../RTD/Rte_TS_T40D34M70I1R0/src/SchM_Adc.c:3399:6:SchM_Exit_Adc_ADC_EXCLUSIVE_AREA_74	16	static
../RTD/Rte_TS_T40D34M70I1R0/src/SchM_Adc.c:3413:6:SchM_Enter_Adc_ADC_EXCLUSIVE_AREA_75	16	static
../RTD/Rte_TS_T40D34M70I1R0/src/SchM_Adc.c:3437:6:SchM_Exit_Adc_ADC_EXCLUSIVE_AREA_75	16	static
../RTD/Rte_TS_T40D34M70I1R0/src/SchM_Adc.c:3451:6:SchM_Enter_Adc_ADC_EXCLUSIVE_AREA_76	16	static
../RTD/Rte_TS_T40D34M70I1R0/src/SchM_Adc.c:3475:6:SchM_Exit_Adc_ADC_EXCLUSIVE_AREA_76	16	static
../RTD/Rte_TS_T40D34M70I1R0/src/SchM_Adc.c:3489:6:SchM_Enter_Adc_ADC_EXCLUSIVE_AREA_77	16	static
../RTD/Rte_TS_T40D34M70I1R0/src/SchM_Adc.c:3513:6:SchM_Exit_Adc_ADC_EXCLUSIVE_AREA_77	16	static
../RTD/Rte_TS_T40D34M70I1R0/src/SchM_Adc.c:3527:6:SchM_Enter_Adc_ADC_EXCLUSIVE_AREA_78	16	static
../RTD/Rte_TS_T40D34M70I1R0/src/SchM_Adc.c:3551:6:SchM_Exit_Adc_ADC_EXCLUSIVE_AREA_78	16	static
../RTD/Rte_TS_T40D34M70I1R0/src/SchM_Adc.c:3565:6:SchM_Enter_Adc_ADC_EXCLUSIVE_AREA_79	16	static
../RTD/Rte_TS_T40D34M70I1R0/src/SchM_Adc.c:3589:6:SchM_Exit_Adc_ADC_EXCLUSIVE_AREA_79	16	static
../RTD/Rte_TS_T40D34M70I1R0/src/SchM_Adc.c:3603:6:SchM_Enter_Adc_ADC_EXCLUSIVE_AREA_80	16	static
../RTD/Rte_TS_T40D34M70I1R0/src/SchM_Adc.c:3627:6:SchM_Exit_Adc_ADC_EXCLUSIVE_AREA_80	16	static
../RTD/Rte_TS_T40D34M70I1R0/src/SchM_Adc.c:3641:6:SchM_Enter_Adc_ADC_EXCLUSIVE_AREA_81	16	static
../RTD/Rte_TS_T40D34M70I1R0/src/SchM_Adc.c:3665:6:SchM_Exit_Adc_ADC_EXCLUSIVE_AREA_81	16	static
../RTD/Rte_TS_T40D34M70I1R0/src/SchM_Adc.c:3679:6:SchM_Enter_Adc_ADC_EXCLUSIVE_AREA_82	16	static
../RTD/Rte_TS_T40D34M70I1R0/src/SchM_Adc.c:3703:6:SchM_Exit_Adc_ADC_EXCLUSIVE_AREA_82	16	static
../RTD/Rte_TS_T40D34M70I1R0/src/SchM_Adc.c:3717:6:SchM_Enter_Adc_ADC_EXCLUSIVE_AREA_83	16	static
../RTD/Rte_TS_T40D34M70I1R0/src/SchM_Adc.c:3741:6:SchM_Exit_Adc_ADC_EXCLUSIVE_AREA_83	16	static
../RTD/Rte_TS_T40D34M70I1R0/src/SchM_Adc.c:3755:6:SchM_Enter_Adc_ADC_EXCLUSIVE_AREA_84	16	static
../RTD/Rte_TS_T40D34M70I1R0/src/SchM_Adc.c:3779:6:SchM_Exit_Adc_ADC_EXCLUSIVE_AREA_84	16	static
../RTD/Rte_TS_T40D34M70I1R0/src/SchM_Adc.c:3793:6:SchM_Enter_Adc_ADC_EXCLUSIVE_AREA_85	16	static
../RTD/Rte_TS_T40D34M70I1R0/src/SchM_Adc.c:3817:6:SchM_Exit_Adc_ADC_EXCLUSIVE_AREA_85	16	static
../RTD/Rte_TS_T40D34M70I1R0/src/SchM_Adc.c:3831:6:SchM_Enter_Adc_ADC_EXCLUSIVE_AREA_86	16	static
../RTD/Rte_TS_T40D34M70I1R0/src/SchM_Adc.c:3855:6:SchM_Exit_Adc_ADC_EXCLUSIVE_AREA_86	16	static
../RTD/Rte_TS_T40D34M70I1R0/src/SchM_Adc.c:3869:6:SchM_Enter_Adc_ADC_EXCLUSIVE_AREA_87	16	static
../RTD/Rte_TS_T40D34M70I1R0/src/SchM_Adc.c:3893:6:SchM_Exit_Adc_ADC_EXCLUSIVE_AREA_87	16	static
../RTD/Rte_TS_T40D34M70I1R0/src/SchM_Adc.c:3907:6:SchM_Enter_Adc_ADC_EXCLUSIVE_AREA_88	16	static
../RTD/Rte_TS_T40D34M70I1R0/src/SchM_Adc.c:3931:6:SchM_Exit_Adc_ADC_EXCLUSIVE_AREA_88	16	static
../RTD/Rte_TS_T40D34M70I1R0/src/SchM_Adc.c:3945:6:SchM_Enter_Adc_ADC_EXCLUSIVE_AREA_89	16	static
../RTD/Rte_TS_T40D34M70I1R0/src/SchM_Adc.c:3969:6:SchM_Exit_Adc_ADC_EXCLUSIVE_AREA_89	16	static
../RTD/Rte_TS_T40D34M70I1R0/src/SchM_Adc.c:3983:6:SchM_Enter_Adc_ADC_EXCLUSIVE_AREA_90	16	static
../RTD/Rte_TS_T40D34M70I1R0/src/SchM_Adc.c:4007:6:SchM_Exit_Adc_ADC_EXCLUSIVE_AREA_90	16	static
../RTD/Rte_TS_T40D34M70I1R0/src/SchM_Adc.c:4021:6:SchM_Enter_Adc_ADC_EXCLUSIVE_AREA_91	16	static
../RTD/Rte_TS_T40D34M70I1R0/src/SchM_Adc.c:4045:6:SchM_Exit_Adc_ADC_EXCLUSIVE_AREA_91	16	static
../RTD/Rte_TS_T40D34M70I1R0/src/SchM_Adc.c:4059:6:SchM_Enter_Adc_ADC_EXCLUSIVE_AREA_92	16	static
../RTD/Rte_TS_T40D34M70I1R0/src/SchM_Adc.c:4083:6:SchM_Exit_Adc_ADC_EXCLUSIVE_AREA_92	16	static
../RTD/Rte_TS_T40D34M70I1R0/src/SchM_Adc.c:4097:6:SchM_Enter_Adc_ADC_EXCLUSIVE_AREA_93	16	static
../RTD/Rte_TS_T40D34M70I1R0/src/SchM_Adc.c:4121:6:SchM_Exit_Adc_ADC_EXCLUSIVE_AREA_93	16	static
../RTD/Rte_TS_T40D34M70I1R0/src/SchM_Adc.c:4135:6:SchM_Enter_Adc_ADC_EXCLUSIVE_AREA_94	16	static
../RTD/Rte_TS_T40D34M70I1R0/src/SchM_Adc.c:4159:6:SchM_Exit_Adc_ADC_EXCLUSIVE_AREA_94	16	static
../RTD/Rte_TS_T40D34M70I1R0/src/SchM_Adc.c:4173:6:SchM_Enter_Adc_ADC_EXCLUSIVE_AREA_95	16	static
../RTD/Rte_TS_T40D34M70I1R0/src/SchM_Adc.c:4197:6:SchM_Exit_Adc_ADC_EXCLUSIVE_AREA_95	16	static
../RTD/Rte_TS_T40D34M70I1R0/src/SchM_Adc.c:4211:6:SchM_Enter_Adc_ADC_EXCLUSIVE_AREA_96	16	static
../RTD/Rte_TS_T40D34M70I1R0/src/SchM_Adc.c:4235:6:SchM_Exit_Adc_ADC_EXCLUSIVE_AREA_96	16	static
../RTD/Rte_TS_T40D34M70I1R0/src/SchM_Adc.c:4249:6:SchM_Enter_Adc_ADC_EXCLUSIVE_AREA_97	16	static
../RTD/Rte_TS_T40D34M70I1R0/src/SchM_Adc.c:4273:6:SchM_Exit_Adc_ADC_EXCLUSIVE_AREA_97	16	static
../RTD/Rte_TS_T40D34M70I1R0/src/SchM_Adc.c:4287:6:SchM_Enter_Adc_ADC_EXCLUSIVE_AREA_98	16	static
../RTD/Rte_TS_T40D34M70I1R0/src/SchM_Adc.c:4311:6:SchM_Exit_Adc_ADC_EXCLUSIVE_AREA_98	16	static
../RTD/Rte_TS_T40D34M70I1R0/src/SchM_Adc.c:4325:6:SchM_Enter_Adc_ADC_EXCLUSIVE_AREA_99	16	static
../RTD/Rte_TS_T40D34M70I1R0/src/SchM_Adc.c:4349:6:SchM_Exit_Adc_ADC_EXCLUSIVE_AREA_99	16	static
