../RTD/Rte_TS_T40D34M70I1R0/src/SchM_Can_43_FLEXCAN.c:349:8:Can_43_FLEXCAN_schm_read_msr	4	static
../RTD/Rte_TS_T40D34M70I1R0/src/SchM_Can_43_FLEXCAN.c:491:6:SchM_Enter_Can_43_FLEXCAN_CAN_EXCLUSIVE_AREA_00	16	static
../RTD/Rte_TS_T40D34M70I1R0/src/SchM_Can_43_FLEXCAN.c:515:6:SchM_Exit_Can_43_FLEXCAN_CAN_EXCLUSIVE_AREA_00	16	static
../RTD/Rte_TS_T40D34M70I1R0/src/SchM_Can_43_FLEXCAN.c:529:6:SchM_Enter_Can_43_FLEXCAN_CAN_EXCLUSIVE_AREA_01	16	static
../RTD/Rte_TS_T40D34M70I1R0/src/SchM_Can_43_FLEXCAN.c:553:6:SchM_Exit_Can_43_FLEXCAN_CAN_EXCLUSIVE_AREA_01	16	static
../RTD/Rte_TS_T40D34M70I1R0/src/SchM_Can_43_FLEXCAN.c:567:6:SchM_Enter_Can_43_FLEXCAN_CAN_EXCLUSIVE_AREA_02	16	static
../RTD/Rte_TS_T40D34M70I1R0/src/SchM_Can_43_FLEXCAN.c:591:6:SchM_Exit_Can_43_FLEXCAN_CAN_EXCLUSIVE_AREA_02	16	static
../RTD/Rte_TS_T40D34M70I1R0/src/SchM_Can_43_FLEXCAN.c:605:6:SchM_Enter_Can_43_FLEXCAN_CAN_EXCLUSIVE_AREA_03	16	static
../RTD/Rte_TS_T40D34M70I1R0/src/SchM_Can_43_FLEXCAN.c:629:6:SchM_Exit_Can_43_FLEXCAN_CAN_EXCLUSIVE_AREA_03	16	static
../RTD/Rte_TS_T40D34M70I1R0/src/SchM_Can_43_FLEXCAN.c:643:6:SchM_Enter_Can_43_FLEXCAN_CAN_EXCLUSIVE_AREA_04	16	static
../RTD/Rte_TS_T40D34M70I1R0/src/SchM_Can_43_FLEXCAN.c:667:6:SchM_Exit_Can_43_FLEXCAN_CAN_EXCLUSIVE_AREA_04	16	static
../RTD/Rte_TS_T40D34M70I1R0/src/SchM_Can_43_FLEXCAN.c:681:6:SchM_Enter_Can_43_FLEXCAN_CAN_EXCLUSIVE_AREA_05	16	static
../RTD/Rte_TS_T40D34M70I1R0/src/SchM_Can_43_FLEXCAN.c:705:6:SchM_Exit_Can_43_FLEXCAN_CAN_EXCLUSIVE_AREA_05	16	static
../RTD/Rte_TS_T40D34M70I1R0/src/SchM_Can_43_FLEXCAN.c:719:6:SchM_Enter_Can_43_FLEXCAN_CAN_EXCLUSIVE_AREA_06	16	static
../RTD/Rte_TS_T40D34M70I1R0/src/SchM_Can_43_FLEXCAN.c:743:6:SchM_Exit_Can_43_FLEXCAN_CAN_EXCLUSIVE_AREA_06	16	static
../RTD/Rte_TS_T40D34M70I1R0/src/SchM_Can_43_FLEXCAN.c:757:6:SchM_Enter_Can_43_FLEXCAN_CAN_EXCLUSIVE_AREA_07	16	static
../RTD/Rte_TS_T40D34M70I1R0/src/SchM_Can_43_FLEXCAN.c:781:6:SchM_Exit_Can_43_FLEXCAN_CAN_EXCLUSIVE_AREA_07	16	static
../RTD/Rte_TS_T40D34M70I1R0/src/SchM_Can_43_FLEXCAN.c:795:6:SchM_Enter_Can_43_FLEXCAN_CAN_EXCLUSIVE_AREA_08	16	static
../RTD/Rte_TS_T40D34M70I1R0/src/SchM_Can_43_FLEXCAN.c:819:6:SchM_Exit_Can_43_FLEXCAN_CAN_EXCLUSIVE_AREA_08	16	static
../RTD/Rte_TS_T40D34M70I1R0/src/SchM_Can_43_FLEXCAN.c:833:6:SchM_Enter_Can_43_FLEXCAN_CAN_EXCLUSIVE_AREA_09	16	static
../RTD/Rte_TS_T40D34M70I1R0/src/SchM_Can_43_FLEXCAN.c:857:6:SchM_Exit_Can_43_FLEXCAN_CAN_EXCLUSIVE_AREA_09	16	static
../RTD/Rte_TS_T40D34M70I1R0/src/SchM_Can_43_FLEXCAN.c:871:6:SchM_Enter_Can_43_FLEXCAN_CAN_EXCLUSIVE_AREA_10	16	static
../RTD/Rte_TS_T40D34M70I1R0/src/SchM_Can_43_FLEXCAN.c:895:6:SchM_Exit_Can_43_FLEXCAN_CAN_EXCLUSIVE_AREA_10	16	static
../RTD/Rte_TS_T40D34M70I1R0/src/SchM_Can_43_FLEXCAN.c:909:6:SchM_Enter_Can_43_FLEXCAN_CAN_EXCLUSIVE_AREA_11	16	static
../RTD/Rte_TS_T40D34M70I1R0/src/SchM_Can_43_FLEXCAN.c:933:6:SchM_Exit_Can_43_FLEXCAN_CAN_EXCLUSIVE_AREA_11	16	static
../RTD/Rte_TS_T40D34M70I1R0/src/SchM_Can_43_FLEXCAN.c:947:6:SchM_Enter_Can_43_FLEXCAN_CAN_EXCLUSIVE_AREA_12	16	static
../RTD/Rte_TS_T40D34M70I1R0/src/SchM_Can_43_FLEXCAN.c:971:6:SchM_Exit_Can_43_FLEXCAN_CAN_EXCLUSIVE_AREA_12	16	static
../RTD/Rte_TS_T40D34M70I1R0/src/SchM_Can_43_FLEXCAN.c:985:6:SchM_Enter_Can_43_FLEXCAN_CAN_EXCLUSIVE_AREA_13	16	static
../RTD/Rte_TS_T40D34M70I1R0/src/SchM_Can_43_FLEXCAN.c:1009:6:SchM_Exit_Can_43_FLEXCAN_CAN_EXCLUSIVE_AREA_13	16	static
../RTD/Rte_TS_T40D34M70I1R0/src/SchM_Can_43_FLEXCAN.c:1023:6:SchM_Enter_Can_43_FLEXCAN_CAN_EXCLUSIVE_AREA_14	16	static
../RTD/Rte_TS_T40D34M70I1R0/src/SchM_Can_43_FLEXCAN.c:1047:6:SchM_Exit_Can_43_FLEXCAN_CAN_EXCLUSIVE_AREA_14	16	static
../RTD/Rte_TS_T40D34M70I1R0/src/SchM_Can_43_FLEXCAN.c:1061:6:SchM_Enter_Can_43_FLEXCAN_CAN_EXCLUSIVE_AREA_15	16	static
../RTD/Rte_TS_T40D34M70I1R0/src/SchM_Can_43_FLEXCAN.c:1085:6:SchM_Exit_Can_43_FLEXCAN_CAN_EXCLUSIVE_AREA_15	16	static
../RTD/Rte_TS_T40D34M70I1R0/src/SchM_Can_43_FLEXCAN.c:1099:6:SchM_Enter_Can_43_FLEXCAN_CAN_EXCLUSIVE_AREA_16	16	static
../RTD/Rte_TS_T40D34M70I1R0/src/SchM_Can_43_FLEXCAN.c:1123:6:SchM_Exit_Can_43_FLEXCAN_CAN_EXCLUSIVE_AREA_16	16	static
../RTD/Rte_TS_T40D34M70I1R0/src/SchM_Can_43_FLEXCAN.c:1137:6:SchM_Enter_Can_43_FLEXCAN_CAN_EXCLUSIVE_AREA_17	16	static
../RTD/Rte_TS_T40D34M70I1R0/src/SchM_Can_43_FLEXCAN.c:1161:6:SchM_Exit_Can_43_FLEXCAN_CAN_EXCLUSIVE_AREA_17	16	static
../RTD/Rte_TS_T40D34M70I1R0/src/SchM_Can_43_FLEXCAN.c:1175:6:SchM_Enter_Can_43_FLEXCAN_CAN_EXCLUSIVE_AREA_18	16	static
../RTD/Rte_TS_T40D34M70I1R0/src/SchM_Can_43_FLEXCAN.c:1199:6:SchM_Exit_Can_43_FLEXCAN_CAN_EXCLUSIVE_AREA_18	16	static
../RTD/Rte_TS_T40D34M70I1R0/src/SchM_Can_43_FLEXCAN.c:1213:6:SchM_Enter_Can_43_FLEXCAN_CAN_EXCLUSIVE_AREA_19	16	static
../RTD/Rte_TS_T40D34M70I1R0/src/SchM_Can_43_FLEXCAN.c:1237:6:SchM_Exit_Can_43_FLEXCAN_CAN_EXCLUSIVE_AREA_19	16	static
../RTD/Rte_TS_T40D34M70I1R0/src/SchM_Can_43_FLEXCAN.c:1251:6:SchM_Enter_Can_43_FLEXCAN_CAN_EXCLUSIVE_AREA_20	16	static
../RTD/Rte_TS_T40D34M70I1R0/src/SchM_Can_43_FLEXCAN.c:1275:6:SchM_Exit_Can_43_FLEXCAN_CAN_EXCLUSIVE_AREA_20	16	static
../RTD/Rte_TS_T40D34M70I1R0/src/SchM_Can_43_FLEXCAN.c:1289:6:SchM_Enter_Can_43_FLEXCAN_CAN_EXCLUSIVE_AREA_21	16	static
../RTD/Rte_TS_T40D34M70I1R0/src/SchM_Can_43_FLEXCAN.c:1313:6:SchM_Exit_Can_43_FLEXCAN_CAN_EXCLUSIVE_AREA_21	16	static
../RTD/Rte_TS_T40D34M70I1R0/src/SchM_Can_43_FLEXCAN.c:1327:6:SchM_Enter_Can_43_FLEXCAN_CAN_EXCLUSIVE_AREA_22	16	static
../RTD/Rte_TS_T40D34M70I1R0/src/SchM_Can_43_FLEXCAN.c:1351:6:SchM_Exit_Can_43_FLEXCAN_CAN_EXCLUSIVE_AREA_22	16	static
../RTD/Rte_TS_T40D34M70I1R0/src/SchM_Can_43_FLEXCAN.c:1365:6:SchM_Enter_Can_43_FLEXCAN_CAN_EXCLUSIVE_AREA_23	16	static
../RTD/Rte_TS_T40D34M70I1R0/src/SchM_Can_43_FLEXCAN.c:1389:6:SchM_Exit_Can_43_FLEXCAN_CAN_EXCLUSIVE_AREA_23	16	static
