../RTD/Rte_TS_T40D34M70I1R0/src/SchM_Motor_control.c:315:8:Motor_Control_schm_read_msr	4	static
../RTD/Rte_TS_T40D34M70I1R0/src/SchM_Motor_control.c:457:6:SchM_Enter_Motor_Control_MOTORCONTROL_EXCLUSIVE_AREA_00	16	static
../RTD/Rte_TS_T40D34M70I1R0/src/SchM_Motor_control.c:481:6:SchM_Exit_Motor_Control_MOTORCONTROL_EXCLUSIVE_AREA_00	16	static
../RTD/Rte_TS_T40D34M70I1R0/src/SchM_Motor_control.c:495:6:SchM_Enter_Motor_Control_MOTORCONTROL_EXCLUSIVE_AREA_01	16	static
../RTD/Rte_TS_T40D34M70I1R0/src/SchM_Motor_control.c:519:6:SchM_Exit_Motor_Control_MOTORCONTROL_EXCLUSIVE_AREA_01	16	static
../RTD/Rte_TS_T40D34M70I1R0/src/SchM_Motor_control.c:533:6:SchM_Enter_Motor_Control_MOTORCONTROL_EXCLUSIVE_AREA_02	16	static
../RTD/Rte_TS_T40D34M70I1R0/src/SchM_Motor_control.c:557:6:SchM_Exit_Motor_Control_MOTORCONTROL_EXCLUSIVE_AREA_02	16	static
../RTD/Rte_TS_T40D34M70I1R0/src/SchM_Motor_control.c:571:6:SchM_Enter_Motor_Control_MOTORCONTROL_EXCLUSIVE_AREA_03	16	static
../RTD/Rte_TS_T40D34M70I1R0/src/SchM_Motor_control.c:595:6:SchM_Exit_Motor_Control_MOTORCONTROL_EXCLUSIVE_AREA_03	16	static
../RTD/Rte_TS_T40D34M70I1R0/src/SchM_Motor_control.c:609:6:SchM_Enter_Motor_Control_MOTORCONTROL_EXCLUSIVE_AREA_04	16	static
../RTD/Rte_TS_T40D34M70I1R0/src/SchM_Motor_control.c:633:6:SchM_Exit_Motor_Control_MOTORCONTROL_EXCLUSIVE_AREA_04	16	static
../RTD/Rte_TS_T40D34M70I1R0/src/SchM_Motor_control.c:647:6:SchM_Enter_Motor_Control_MOTORCONTROL_EXCLUSIVE_AREA_05	16	static
../RTD/Rte_TS_T40D34M70I1R0/src/SchM_Motor_control.c:671:6:SchM_Exit_Motor_Control_MOTORCONTROL_EXCLUSIVE_AREA_05	16	static
../RTD/Rte_TS_T40D34M70I1R0/src/SchM_Motor_control.c:685:6:SchM_Enter_Motor_Control_MOTORCONTROL_EXCLUSIVE_AREA_06	16	static
../RTD/Rte_TS_T40D34M70I1R0/src/SchM_Motor_control.c:709:6:SchM_Exit_Motor_Control_MOTORCONTROL_EXCLUSIVE_AREA_06	16	static
