../RTD/Rte_TS_T40D34M70I1R0/src/SchM_Fls.c:311:8:Fls_schm_read_msr	4	static
../RTD/Rte_TS_T40D34M70I1R0/src/SchM_Fls.c:453:6:SchM_Enter_Fls_FLS_EXCLUSIVE_AREA_10	16	static
../RTD/Rte_TS_T40D34M70I1R0/src/SchM_Fls.c:477:6:SchM_Exit_Fls_FLS_EXCLUSIVE_AREA_10	16	static
../RTD/Rte_TS_T40D34M70I1R0/src/SchM_Fls.c:491:6:SchM_Enter_Fls_FLS_EXCLUSIVE_AREA_11	16	static
../RTD/Rte_TS_T40D34M70I1R0/src/SchM_Fls.c:515:6:SchM_Exit_Fls_FLS_EXCLUSIVE_AREA_11	16	static
../RTD/Rte_TS_T40D34M70I1R0/src/SchM_Fls.c:529:6:SchM_Enter_Fls_FLS_EXCLUSIVE_AREA_12	16	static
../RTD/Rte_TS_T40D34M70I1R0/src/SchM_Fls.c:553:6:SchM_Exit_Fls_FLS_EXCLUSIVE_AREA_12	16	static
../RTD/Rte_TS_T40D34M70I1R0/src/SchM_Fls.c:567:6:SchM_Enter_Fls_FLS_EXCLUSIVE_AREA_13	16	static
../RTD/Rte_TS_T40D34M70I1R0/src/SchM_Fls.c:591:6:SchM_Exit_Fls_FLS_EXCLUSIVE_AREA_13	16	static
../RTD/Rte_TS_T40D34M70I1R0/src/SchM_Fls.c:605:6:SchM_Enter_Fls_FLS_EXCLUSIVE_AREA_14	16	static
../RTD/Rte_TS_T40D34M70I1R0/src/SchM_Fls.c:629:6:SchM_Exit_Fls_FLS_EXCLUSIVE_AREA_14	16	static
