../RTD/Rte_TS_T40D34M70I1R0/src/SchM_Etpu.c:317:8:Etpu_schm_read_msr	4	static
../RTD/Rte_TS_T40D34M70I1R0/src/SchM_Etpu.c:459:6:SchM_Enter_Etpu_ETPU_EXCLUSIVE_AREA_00	16	static
../RTD/Rte_TS_T40D34M70I1R0/src/SchM_Etpu.c:483:6:SchM_Exit_Etpu_ETPU_EXCLUSIVE_AREA_00	16	static
../RTD/Rte_TS_T40D34M70I1R0/src/SchM_Etpu.c:497:6:SchM_Enter_Etpu_ETPU_EXCLUSIVE_AREA_01	16	static
../RTD/Rte_TS_T40D34M70I1R0/src/SchM_Etpu.c:521:6:SchM_Exit_Etpu_ETPU_EXCLUSIVE_AREA_01	16	static
../RTD/Rte_TS_T40D34M70I1R0/src/SchM_Etpu.c:535:6:SchM_Enter_Etpu_ETPU_EXCLUSIVE_AREA_02	16	static
../RTD/Rte_TS_T40D34M70I1R0/src/SchM_Etpu.c:559:6:SchM_Exit_Etpu_ETPU_EXCLUSIVE_AREA_02	16	static
../RTD/Rte_TS_T40D34M70I1R0/src/SchM_Etpu.c:573:6:SchM_Enter_Etpu_ETPU_EXCLUSIVE_AREA_03	16	static
../RTD/Rte_TS_T40D34M70I1R0/src/SchM_Etpu.c:597:6:SchM_Exit_Etpu_ETPU_EXCLUSIVE_AREA_03	16	static
../RTD/Rte_TS_T40D34M70I1R0/src/SchM_Etpu.c:611:6:SchM_Enter_Etpu_ETPU_EXCLUSIVE_AREA_04	16	static
../RTD/Rte_TS_T40D34M70I1R0/src/SchM_Etpu.c:635:6:SchM_Exit_Etpu_ETPU_EXCLUSIVE_AREA_04	16	static
../RTD/Rte_TS_T40D34M70I1R0/src/SchM_Etpu.c:649:6:SchM_Enter_Etpu_ETPU_EXCLUSIVE_AREA_05	16	static
../RTD/Rte_TS_T40D34M70I1R0/src/SchM_Etpu.c:673:6:SchM_Exit_Etpu_ETPU_EXCLUSIVE_AREA_05	16	static
../RTD/Rte_TS_T40D34M70I1R0/src/SchM_Etpu.c:687:6:SchM_Enter_Etpu_ETPU_EXCLUSIVE_AREA_06	16	static
../RTD/Rte_TS_T40D34M70I1R0/src/SchM_Etpu.c:711:6:SchM_Exit_Etpu_ETPU_EXCLUSIVE_AREA_06	16	static
../RTD/Rte_TS_T40D34M70I1R0/src/SchM_Etpu.c:725:6:SchM_Enter_Etpu_ETPU_EXCLUSIVE_AREA_07	16	static
../RTD/Rte_TS_T40D34M70I1R0/src/SchM_Etpu.c:749:6:SchM_Exit_Etpu_ETPU_EXCLUSIVE_AREA_07	16	static
