../RTD/Rte_TS_T40D34M70I1R0/src/SchM_I2c.c:367:8:I2c_schm_read_msr	4	static
../RTD/Rte_TS_T40D34M70I1R0/src/SchM_I2c.c:509:6:SchM_Enter_I2c_I2C_EXCLUSIVE_AREA_00	16	static
../RTD/Rte_TS_T40D34M70I1R0/src/SchM_I2c.c:533:6:SchM_Exit_I2c_I2C_EXCLUSIVE_AREA_00	16	static
../RTD/Rte_TS_T40D34M70I1R0/src/SchM_I2c.c:547:6:SchM_Enter_I2c_I2C_EXCLUSIVE_AREA_01	16	static
../RTD/Rte_TS_T40D34M70I1R0/src/SchM_I2c.c:571:6:SchM_Exit_I2c_I2C_EXCLUSIVE_AREA_01	16	static
../RTD/Rte_TS_T40D34M70I1R0/src/SchM_I2c.c:585:6:SchM_Enter_I2c_I2C_EXCLUSIVE_AREA_02	16	static
../RTD/Rte_TS_T40D34M70I1R0/src/SchM_I2c.c:609:6:SchM_Exit_I2c_I2C_EXCLUSIVE_AREA_02	16	static
../RTD/Rte_TS_T40D34M70I1R0/src/SchM_I2c.c:623:6:SchM_Enter_I2c_I2C_EXCLUSIVE_AREA_03	16	static
../RTD/Rte_TS_T40D34M70I1R0/src/SchM_I2c.c:647:6:SchM_Exit_I2c_I2C_EXCLUSIVE_AREA_03	16	static
../RTD/Rte_TS_T40D34M70I1R0/src/SchM_I2c.c:661:6:SchM_Enter_I2c_I2C_EXCLUSIVE_AREA_04	16	static
../RTD/Rte_TS_T40D34M70I1R0/src/SchM_I2c.c:685:6:SchM_Exit_I2c_I2C_EXCLUSIVE_AREA_04	16	static
../RTD/Rte_TS_T40D34M70I1R0/src/SchM_I2c.c:699:6:SchM_Enter_I2c_I2C_EXCLUSIVE_AREA_05	16	static
../RTD/Rte_TS_T40D34M70I1R0/src/SchM_I2c.c:723:6:SchM_Exit_I2c_I2C_EXCLUSIVE_AREA_05	16	static
../RTD/Rte_TS_T40D34M70I1R0/src/SchM_I2c.c:737:6:SchM_Enter_I2c_I2C_EXCLUSIVE_AREA_06	16	static
../RTD/Rte_TS_T40D34M70I1R0/src/SchM_I2c.c:761:6:SchM_Exit_I2c_I2C_EXCLUSIVE_AREA_06	16	static
../RTD/Rte_TS_T40D34M70I1R0/src/SchM_I2c.c:775:6:SchM_Enter_I2c_I2C_EXCLUSIVE_AREA_07	16	static
../RTD/Rte_TS_T40D34M70I1R0/src/SchM_I2c.c:799:6:SchM_Exit_I2c_I2C_EXCLUSIVE_AREA_07	16	static
../RTD/Rte_TS_T40D34M70I1R0/src/SchM_I2c.c:813:6:SchM_Enter_I2c_I2C_EXCLUSIVE_AREA_08	16	static
../RTD/Rte_TS_T40D34M70I1R0/src/SchM_I2c.c:837:6:SchM_Exit_I2c_I2C_EXCLUSIVE_AREA_08	16	static
../RTD/Rte_TS_T40D34M70I1R0/src/SchM_I2c.c:851:6:SchM_Enter_I2c_I2C_EXCLUSIVE_AREA_09	16	static
../RTD/Rte_TS_T40D34M70I1R0/src/SchM_I2c.c:875:6:SchM_Exit_I2c_I2C_EXCLUSIVE_AREA_09	16	static
../RTD/Rte_TS_T40D34M70I1R0/src/SchM_I2c.c:889:6:SchM_Enter_I2c_I2C_EXCLUSIVE_AREA_10	16	static
../RTD/Rte_TS_T40D34M70I1R0/src/SchM_I2c.c:913:6:SchM_Exit_I2c_I2C_EXCLUSIVE_AREA_10	16	static
../RTD/Rte_TS_T40D34M70I1R0/src/SchM_I2c.c:927:6:SchM_Enter_I2c_I2C_EXCLUSIVE_AREA_11	16	static
../RTD/Rte_TS_T40D34M70I1R0/src/SchM_I2c.c:951:6:SchM_Exit_I2c_I2C_EXCLUSIVE_AREA_11	16	static
../RTD/Rte_TS_T40D34M70I1R0/src/SchM_I2c.c:965:6:SchM_Enter_I2c_I2C_EXCLUSIVE_AREA_12	16	static
../RTD/Rte_TS_T40D34M70I1R0/src/SchM_I2c.c:989:6:SchM_Exit_I2c_I2C_EXCLUSIVE_AREA_12	16	static
../RTD/Rte_TS_T40D34M70I1R0/src/SchM_I2c.c:1003:6:SchM_Enter_I2c_I2C_EXCLUSIVE_AREA_13	16	static
../RTD/Rte_TS_T40D34M70I1R0/src/SchM_I2c.c:1027:6:SchM_Exit_I2c_I2C_EXCLUSIVE_AREA_13	16	static
../RTD/Rte_TS_T40D34M70I1R0/src/SchM_I2c.c:1041:6:SchM_Enter_I2c_I2C_EXCLUSIVE_AREA_14	16	static
../RTD/Rte_TS_T40D34M70I1R0/src/SchM_I2c.c:1065:6:SchM_Exit_I2c_I2C_EXCLUSIVE_AREA_14	16	static
../RTD/Rte_TS_T40D34M70I1R0/src/SchM_I2c.c:1079:6:SchM_Enter_I2c_I2C_EXCLUSIVE_AREA_15	16	static
../RTD/Rte_TS_T40D34M70I1R0/src/SchM_I2c.c:1103:6:SchM_Exit_I2c_I2C_EXCLUSIVE_AREA_15	16	static
../RTD/Rte_TS_T40D34M70I1R0/src/SchM_I2c.c:1117:6:SchM_Enter_I2c_I2C_EXCLUSIVE_AREA_16	16	static
../RTD/Rte_TS_T40D34M70I1R0/src/SchM_I2c.c:1141:6:SchM_Exit_I2c_I2C_EXCLUSIVE_AREA_16	16	static
../RTD/Rte_TS_T40D34M70I1R0/src/SchM_I2c.c:1155:6:SchM_Enter_I2c_I2C_EXCLUSIVE_AREA_17	16	static
../RTD/Rte_TS_T40D34M70I1R0/src/SchM_I2c.c:1179:6:SchM_Exit_I2c_I2C_EXCLUSIVE_AREA_17	16	static
../RTD/Rte_TS_T40D34M70I1R0/src/SchM_I2c.c:1193:6:SchM_Enter_I2c_I2C_EXCLUSIVE_AREA_18	16	static
../RTD/Rte_TS_T40D34M70I1R0/src/SchM_I2c.c:1217:6:SchM_Exit_I2c_I2C_EXCLUSIVE_AREA_18	16	static
../RTD/Rte_TS_T40D34M70I1R0/src/SchM_I2c.c:1231:6:SchM_Enter_I2c_I2C_EXCLUSIVE_AREA_19	16	static
../RTD/Rte_TS_T40D34M70I1R0/src/SchM_I2c.c:1255:6:SchM_Exit_I2c_I2C_EXCLUSIVE_AREA_19	16	static
../RTD/Rte_TS_T40D34M70I1R0/src/SchM_I2c.c:1269:6:SchM_Enter_I2c_I2C_EXCLUSIVE_AREA_20	16	static
../RTD/Rte_TS_T40D34M70I1R0/src/SchM_I2c.c:1293:6:SchM_Exit_I2c_I2C_EXCLUSIVE_AREA_20	16	static
../RTD/Rte_TS_T40D34M70I1R0/src/SchM_I2c.c:1307:6:SchM_Enter_I2c_I2C_EXCLUSIVE_AREA_21	16	static
../RTD/Rte_TS_T40D34M70I1R0/src/SchM_I2c.c:1331:6:SchM_Exit_I2c_I2C_EXCLUSIVE_AREA_21	16	static
../RTD/Rte_TS_T40D34M70I1R0/src/SchM_I2c.c:1345:6:SchM_Enter_I2c_I2C_EXCLUSIVE_AREA_22	16	static
../RTD/Rte_TS_T40D34M70I1R0/src/SchM_I2c.c:1369:6:SchM_Exit_I2c_I2C_EXCLUSIVE_AREA_22	16	static
../RTD/Rte_TS_T40D34M70I1R0/src/SchM_I2c.c:1383:6:SchM_Enter_I2c_I2C_EXCLUSIVE_AREA_23	16	static
../RTD/Rte_TS_T40D34M70I1R0/src/SchM_I2c.c:1407:6:SchM_Exit_I2c_I2C_EXCLUSIVE_AREA_23	16	static
../RTD/Rte_TS_T40D34M70I1R0/src/SchM_I2c.c:1421:6:SchM_Enter_I2c_I2C_EXCLUSIVE_AREA_24	16	static
../RTD/Rte_TS_T40D34M70I1R0/src/SchM_I2c.c:1445:6:SchM_Exit_I2c_I2C_EXCLUSIVE_AREA_24	16	static
../RTD/Rte_TS_T40D34M70I1R0/src/SchM_I2c.c:1459:6:SchM_Enter_I2c_I2C_EXCLUSIVE_AREA_25	16	static
../RTD/Rte_TS_T40D34M70I1R0/src/SchM_I2c.c:1483:6:SchM_Exit_I2c_I2C_EXCLUSIVE_AREA_25	16	static
../RTD/Rte_TS_T40D34M70I1R0/src/SchM_I2c.c:1497:6:SchM_Enter_I2c_I2C_EXCLUSIVE_AREA_26	16	static
../RTD/Rte_TS_T40D34M70I1R0/src/SchM_I2c.c:1521:6:SchM_Exit_I2c_I2C_EXCLUSIVE_AREA_26	16	static
../RTD/Rte_TS_T40D34M70I1R0/src/SchM_I2c.c:1535:6:SchM_Enter_I2c_I2C_EXCLUSIVE_AREA_27	16	static
../RTD/Rte_TS_T40D34M70I1R0/src/SchM_I2c.c:1559:6:SchM_Exit_I2c_I2C_EXCLUSIVE_AREA_27	16	static
../RTD/Rte_TS_T40D34M70I1R0/src/SchM_I2c.c:1573:6:SchM_Enter_I2c_I2C_EXCLUSIVE_AREA_28	16	static
../RTD/Rte_TS_T40D34M70I1R0/src/SchM_I2c.c:1597:6:SchM_Exit_I2c_I2C_EXCLUSIVE_AREA_28	16	static
../RTD/Rte_TS_T40D34M70I1R0/src/SchM_I2c.c:1611:6:SchM_Enter_I2c_I2C_EXCLUSIVE_AREA_29	16	static
../RTD/Rte_TS_T40D34M70I1R0/src/SchM_I2c.c:1635:6:SchM_Exit_I2c_I2C_EXCLUSIVE_AREA_29	16	static
../RTD/Rte_TS_T40D34M70I1R0/src/SchM_I2c.c:1649:6:SchM_Enter_I2c_I2C_EXCLUSIVE_AREA_30	16	static
../RTD/Rte_TS_T40D34M70I1R0/src/SchM_I2c.c:1673:6:SchM_Exit_I2c_I2C_EXCLUSIVE_AREA_30	16	static
../RTD/Rte_TS_T40D34M70I1R0/src/SchM_I2c.c:1687:6:SchM_Enter_I2c_I2C_EXCLUSIVE_AREA_31	16	static
../RTD/Rte_TS_T40D34M70I1R0/src/SchM_I2c.c:1711:6:SchM_Exit_I2c_I2C_EXCLUSIVE_AREA_31	16	static
../RTD/Rte_TS_T40D34M70I1R0/src/SchM_I2c.c:1725:6:SchM_Enter_I2c_I2C_EXCLUSIVE_AREA_32	16	static
../RTD/Rte_TS_T40D34M70I1R0/src/SchM_I2c.c:1749:6:SchM_Exit_I2c_I2C_EXCLUSIVE_AREA_32	16	static
